[2025-10-15 17:21:56,688] {processor.py:153} INFO - Started process (PID=22761) to work on /root/Projects/airflowSpotify/venv/lib/python3.8/site-packages/airflow/example_dags/example_latest_only_with_trigger.py
[2025-10-15 17:21:56,688] {processor.py:641} INFO - Processing file /root/Projects/airflowSpotify/venv/lib/python3.8/site-packages/airflow/example_dags/example_latest_only_with_trigger.py for tasks to queue
[2025-10-15 17:21:56,689] {logging_mixin.py:115} INFO - [2025-10-15 17:21:56,689] {dagbag.py:507} INFO - Filling up the DagBag from /root/Projects/airflowSpotify/venv/lib/python3.8/site-packages/airflow/example_dags/example_latest_only_with_trigger.py
[2025-10-15 17:21:56,698] {processor.py:651} INFO - DAG(s) dict_keys(['latest_only_with_trigger']) retrieved from /root/Projects/airflowSpotify/venv/lib/python3.8/site-packages/airflow/example_dags/example_latest_only_with_trigger.py
[2025-10-15 17:21:56,768] {logging_mixin.py:115} INFO - [2025-10-15 17:21:56,768] {manager.py:508} INFO - Created Permission View: can delete on DAG:latest_only_with_trigger
[2025-10-15 17:21:56,777] {logging_mixin.py:115} INFO - [2025-10-15 17:21:56,777] {manager.py:508} INFO - Created Permission View: can read on DAG:latest_only_with_trigger
[2025-10-15 17:21:56,786] {logging_mixin.py:115} INFO - [2025-10-15 17:21:56,785] {manager.py:508} INFO - Created Permission View: can edit on DAG:latest_only_with_trigger
[2025-10-15 17:21:56,786] {logging_mixin.py:115} INFO - [2025-10-15 17:21:56,786] {dag.py:2379} INFO - Sync 1 DAGs
[2025-10-15 17:21:56,794] {logging_mixin.py:115} INFO - [2025-10-15 17:21:56,794] {dag.py:2398} INFO - Creating ORM DAG for latest_only_with_trigger
[2025-10-15 17:21:56,804] {logging_mixin.py:115} INFO - [2025-10-15 17:21:56,804] {dag.py:2927} INFO - Setting next_dagrun for latest_only_with_trigger to 2025-10-15T16:21:56.803804+00:00, run_after=2025-10-15T20:21:56.803804+00:00
[2025-10-15 17:21:56,817] {processor.py:161} INFO - Processing /root/Projects/airflowSpotify/venv/lib/python3.8/site-packages/airflow/example_dags/example_latest_only_with_trigger.py took 0.134 seconds
[2025-10-15 17:32:43,401] {processor.py:153} INFO - Started process (PID=23826) to work on /root/Projects/airflowSpotify/venv/lib/python3.8/site-packages/airflow/example_dags/example_latest_only_with_trigger.py
[2025-10-15 17:32:43,401] {processor.py:641} INFO - Processing file /root/Projects/airflowSpotify/venv/lib/python3.8/site-packages/airflow/example_dags/example_latest_only_with_trigger.py for tasks to queue
[2025-10-15 17:32:43,402] {logging_mixin.py:115} INFO - [2025-10-15 17:32:43,402] {dagbag.py:507} INFO - Filling up the DagBag from /root/Projects/airflowSpotify/venv/lib/python3.8/site-packages/airflow/example_dags/example_latest_only_with_trigger.py
[2025-10-15 17:32:43,411] {processor.py:651} INFO - DAG(s) dict_keys(['latest_only_with_trigger']) retrieved from /root/Projects/airflowSpotify/venv/lib/python3.8/site-packages/airflow/example_dags/example_latest_only_with_trigger.py
[2025-10-15 17:32:43,432] {logging_mixin.py:115} INFO - [2025-10-15 17:32:43,432] {dag.py:2379} INFO - Sync 1 DAGs
[2025-10-15 17:32:43,453] {logging_mixin.py:115} INFO - [2025-10-15 17:32:43,453] {dag.py:2927} INFO - Setting next_dagrun for latest_only_with_trigger to 2025-10-15T16:32:43.452909+00:00, run_after=2025-10-15T20:32:43.452909+00:00
[2025-10-15 17:32:43,464] {processor.py:161} INFO - Processing /root/Projects/airflowSpotify/venv/lib/python3.8/site-packages/airflow/example_dags/example_latest_only_with_trigger.py took 0.069 seconds
[2025-10-15 17:33:17,953] {processor.py:153} INFO - Started process (PID=24088) to work on /root/Projects/airflowSpotify/venv/lib/python3.8/site-packages/airflow/example_dags/example_latest_only_with_trigger.py
[2025-10-15 17:33:17,954] {processor.py:641} INFO - Processing file /root/Projects/airflowSpotify/venv/lib/python3.8/site-packages/airflow/example_dags/example_latest_only_with_trigger.py for tasks to queue
[2025-10-15 17:33:17,956] {logging_mixin.py:115} INFO - [2025-10-15 17:33:17,956] {dagbag.py:507} INFO - Filling up the DagBag from /root/Projects/airflowSpotify/venv/lib/python3.8/site-packages/airflow/example_dags/example_latest_only_with_trigger.py
[2025-10-15 17:33:17,976] {processor.py:651} INFO - DAG(s) dict_keys(['latest_only_with_trigger']) retrieved from /root/Projects/airflowSpotify/venv/lib/python3.8/site-packages/airflow/example_dags/example_latest_only_with_trigger.py
[2025-10-15 17:33:18,009] {logging_mixin.py:115} INFO - [2025-10-15 17:33:18,009] {dag.py:2379} INFO - Sync 1 DAGs
[2025-10-15 17:33:18,041] {logging_mixin.py:115} INFO - [2025-10-15 17:33:18,041] {dag.py:2927} INFO - Setting next_dagrun for latest_only_with_trigger to 2025-10-15T16:33:18.040803+00:00, run_after=2025-10-15T20:33:18.040803+00:00
[2025-10-15 17:33:18,059] {processor.py:161} INFO - Processing /root/Projects/airflowSpotify/venv/lib/python3.8/site-packages/airflow/example_dags/example_latest_only_with_trigger.py took 0.117 seconds
[2025-10-15 17:33:50,596] {processor.py:153} INFO - Started process (PID=24146) to work on /root/Projects/airflowSpotify/venv/lib/python3.8/site-packages/airflow/example_dags/example_latest_only_with_trigger.py
[2025-10-15 17:33:50,597] {processor.py:641} INFO - Processing file /root/Projects/airflowSpotify/venv/lib/python3.8/site-packages/airflow/example_dags/example_latest_only_with_trigger.py for tasks to queue
[2025-10-15 17:33:50,598] {logging_mixin.py:115} INFO - [2025-10-15 17:33:50,598] {dagbag.py:507} INFO - Filling up the DagBag from /root/Projects/airflowSpotify/venv/lib/python3.8/site-packages/airflow/example_dags/example_latest_only_with_trigger.py
[2025-10-15 17:33:50,611] {processor.py:651} INFO - DAG(s) dict_keys(['latest_only_with_trigger']) retrieved from /root/Projects/airflowSpotify/venv/lib/python3.8/site-packages/airflow/example_dags/example_latest_only_with_trigger.py
[2025-10-15 17:33:50,638] {logging_mixin.py:115} INFO - [2025-10-15 17:33:50,638] {dag.py:2379} INFO - Sync 1 DAGs
[2025-10-15 17:33:50,658] {logging_mixin.py:115} INFO - [2025-10-15 17:33:50,658] {dag.py:2927} INFO - Setting next_dagrun for latest_only_with_trigger to 2025-10-15T16:33:50.657728+00:00, run_after=2025-10-15T20:33:50.657728+00:00
[2025-10-15 17:33:50,668] {processor.py:161} INFO - Processing /root/Projects/airflowSpotify/venv/lib/python3.8/site-packages/airflow/example_dags/example_latest_only_with_trigger.py took 0.082 seconds
[2025-10-15 17:34:25,502] {processor.py:153} INFO - Started process (PID=24204) to work on /root/Projects/airflowSpotify/venv/lib/python3.8/site-packages/airflow/example_dags/example_latest_only_with_trigger.py
[2025-10-15 17:34:25,503] {processor.py:641} INFO - Processing file /root/Projects/airflowSpotify/venv/lib/python3.8/site-packages/airflow/example_dags/example_latest_only_with_trigger.py for tasks to queue
[2025-10-15 17:34:25,503] {logging_mixin.py:115} INFO - [2025-10-15 17:34:25,503] {dagbag.py:507} INFO - Filling up the DagBag from /root/Projects/airflowSpotify/venv/lib/python3.8/site-packages/airflow/example_dags/example_latest_only_with_trigger.py
[2025-10-15 17:34:25,511] {processor.py:651} INFO - DAG(s) dict_keys(['latest_only_with_trigger']) retrieved from /root/Projects/airflowSpotify/venv/lib/python3.8/site-packages/airflow/example_dags/example_latest_only_with_trigger.py
[2025-10-15 17:34:25,530] {logging_mixin.py:115} INFO - [2025-10-15 17:34:25,530] {dag.py:2379} INFO - Sync 1 DAGs
[2025-10-15 17:34:25,550] {logging_mixin.py:115} INFO - [2025-10-15 17:34:25,550] {dag.py:2927} INFO - Setting next_dagrun for latest_only_with_trigger to 2025-10-15T16:34:25.550405+00:00, run_after=2025-10-15T20:34:25.550405+00:00
[2025-10-15 17:34:25,562] {processor.py:161} INFO - Processing /root/Projects/airflowSpotify/venv/lib/python3.8/site-packages/airflow/example_dags/example_latest_only_with_trigger.py took 0.064 seconds
[2025-10-15 18:58:54,268] {processor.py:153} INFO - Started process (PID=31271) to work on /root/Projects/airflowSpotify/venv/lib/python3.9/site-packages/airflow/example_dags/example_latest_only_with_trigger.py
[2025-10-15 18:58:54,269] {processor.py:641} INFO - Processing file /root/Projects/airflowSpotify/venv/lib/python3.9/site-packages/airflow/example_dags/example_latest_only_with_trigger.py for tasks to queue
[2025-10-15 18:58:54,270] {logging_mixin.py:115} INFO - [2025-10-15 18:58:54,270] {dagbag.py:507} INFO - Filling up the DagBag from /root/Projects/airflowSpotify/venv/lib/python3.9/site-packages/airflow/example_dags/example_latest_only_with_trigger.py
[2025-10-15 18:58:54,279] {processor.py:651} INFO - DAG(s) dict_keys(['latest_only_with_trigger']) retrieved from /root/Projects/airflowSpotify/venv/lib/python3.9/site-packages/airflow/example_dags/example_latest_only_with_trigger.py
[2025-10-15 18:58:54,343] {logging_mixin.py:115} INFO - [2025-10-15 18:58:54,343] {manager.py:508} INFO - Created Permission View: can edit on DAG:latest_only_with_trigger
[2025-10-15 18:58:54,352] {logging_mixin.py:115} INFO - [2025-10-15 18:58:54,351] {manager.py:508} INFO - Created Permission View: can read on DAG:latest_only_with_trigger
[2025-10-15 18:58:54,358] {logging_mixin.py:115} INFO - [2025-10-15 18:58:54,358] {manager.py:508} INFO - Created Permission View: can delete on DAG:latest_only_with_trigger
[2025-10-15 18:58:54,358] {logging_mixin.py:115} INFO - [2025-10-15 18:58:54,358] {dag.py:2379} INFO - Sync 1 DAGs
[2025-10-15 18:58:54,366] {logging_mixin.py:115} INFO - [2025-10-15 18:58:54,366] {dag.py:2398} INFO - Creating ORM DAG for latest_only_with_trigger
[2025-10-15 18:58:54,374] {logging_mixin.py:115} INFO - [2025-10-15 18:58:54,374] {dag.py:2927} INFO - Setting next_dagrun for latest_only_with_trigger to 2025-10-15T17:58:54.374170+00:00, run_after=2025-10-15T21:58:54.374170+00:00
[2025-10-15 18:58:54,386] {processor.py:161} INFO - Processing /root/Projects/airflowSpotify/venv/lib/python3.9/site-packages/airflow/example_dags/example_latest_only_with_trigger.py took 0.124 seconds
[2025-10-15 18:59:27,735] {processor.py:153} INFO - Started process (PID=31329) to work on /root/Projects/airflowSpotify/venv/lib/python3.9/site-packages/airflow/example_dags/example_latest_only_with_trigger.py
[2025-10-15 18:59:27,736] {processor.py:641} INFO - Processing file /root/Projects/airflowSpotify/venv/lib/python3.9/site-packages/airflow/example_dags/example_latest_only_with_trigger.py for tasks to queue
[2025-10-15 18:59:27,736] {logging_mixin.py:115} INFO - [2025-10-15 18:59:27,736] {dagbag.py:507} INFO - Filling up the DagBag from /root/Projects/airflowSpotify/venv/lib/python3.9/site-packages/airflow/example_dags/example_latest_only_with_trigger.py
[2025-10-15 18:59:27,747] {processor.py:651} INFO - DAG(s) dict_keys(['latest_only_with_trigger']) retrieved from /root/Projects/airflowSpotify/venv/lib/python3.9/site-packages/airflow/example_dags/example_latest_only_with_trigger.py
[2025-10-15 18:59:27,775] {logging_mixin.py:115} INFO - [2025-10-15 18:59:27,775] {dag.py:2379} INFO - Sync 1 DAGs
[2025-10-15 18:59:27,798] {logging_mixin.py:115} INFO - [2025-10-15 18:59:27,798] {dag.py:2927} INFO - Setting next_dagrun for latest_only_with_trigger to 2025-10-15T17:59:27.798153+00:00, run_after=2025-10-15T21:59:27.798153+00:00
[2025-10-15 18:59:27,810] {processor.py:161} INFO - Processing /root/Projects/airflowSpotify/venv/lib/python3.9/site-packages/airflow/example_dags/example_latest_only_with_trigger.py took 0.080 seconds
[2025-10-15 19:00:07,636] {processor.py:153} INFO - Started process (PID=31701) to work on /root/Projects/airflowSpotify/venv/lib/python3.9/site-packages/airflow/example_dags/example_latest_only_with_trigger.py
[2025-10-15 19:00:07,638] {processor.py:641} INFO - Processing file /root/Projects/airflowSpotify/venv/lib/python3.9/site-packages/airflow/example_dags/example_latest_only_with_trigger.py for tasks to queue
[2025-10-15 19:00:07,639] {logging_mixin.py:115} INFO - [2025-10-15 19:00:07,639] {dagbag.py:507} INFO - Filling up the DagBag from /root/Projects/airflowSpotify/venv/lib/python3.9/site-packages/airflow/example_dags/example_latest_only_with_trigger.py
[2025-10-15 19:00:07,648] {processor.py:651} INFO - DAG(s) dict_keys(['latest_only_with_trigger']) retrieved from /root/Projects/airflowSpotify/venv/lib/python3.9/site-packages/airflow/example_dags/example_latest_only_with_trigger.py
[2025-10-15 19:00:07,671] {logging_mixin.py:115} INFO - [2025-10-15 19:00:07,671] {dag.py:2379} INFO - Sync 1 DAGs
[2025-10-15 19:00:07,693] {logging_mixin.py:115} INFO - [2025-10-15 19:00:07,693] {dag.py:2927} INFO - Setting next_dagrun for latest_only_with_trigger to 2025-10-15T18:00:07.693163+00:00, run_after=2025-10-15T22:00:07.693163+00:00
[2025-10-15 19:00:07,705] {processor.py:161} INFO - Processing /root/Projects/airflowSpotify/venv/lib/python3.9/site-packages/airflow/example_dags/example_latest_only_with_trigger.py took 0.075 seconds
[2025-10-15 19:00:43,946] {processor.py:153} INFO - Started process (PID=31813) to work on /root/Projects/airflowSpotify/venv/lib/python3.9/site-packages/airflow/example_dags/example_latest_only_with_trigger.py
[2025-10-15 19:00:43,947] {processor.py:641} INFO - Processing file /root/Projects/airflowSpotify/venv/lib/python3.9/site-packages/airflow/example_dags/example_latest_only_with_trigger.py for tasks to queue
[2025-10-15 19:00:43,948] {logging_mixin.py:115} INFO - [2025-10-15 19:00:43,948] {dagbag.py:507} INFO - Filling up the DagBag from /root/Projects/airflowSpotify/venv/lib/python3.9/site-packages/airflow/example_dags/example_latest_only_with_trigger.py
[2025-10-15 19:00:43,959] {processor.py:651} INFO - DAG(s) dict_keys(['latest_only_with_trigger']) retrieved from /root/Projects/airflowSpotify/venv/lib/python3.9/site-packages/airflow/example_dags/example_latest_only_with_trigger.py
[2025-10-15 19:00:43,983] {logging_mixin.py:115} INFO - [2025-10-15 19:00:43,982] {dag.py:2379} INFO - Sync 1 DAGs
[2025-10-15 19:00:44,004] {logging_mixin.py:115} INFO - [2025-10-15 19:00:44,004] {dag.py:2927} INFO - Setting next_dagrun for latest_only_with_trigger to 2025-10-15T18:00:44.003914+00:00, run_after=2025-10-15T22:00:44.003914+00:00
[2025-10-15 19:00:44,017] {processor.py:161} INFO - Processing /root/Projects/airflowSpotify/venv/lib/python3.9/site-packages/airflow/example_dags/example_latest_only_with_trigger.py took 0.077 seconds
[2025-10-15 19:01:18,072] {processor.py:153} INFO - Started process (PID=32076) to work on /root/Projects/airflowSpotify/venv/lib/python3.9/site-packages/airflow/example_dags/example_latest_only_with_trigger.py
[2025-10-15 19:01:18,072] {processor.py:641} INFO - Processing file /root/Projects/airflowSpotify/venv/lib/python3.9/site-packages/airflow/example_dags/example_latest_only_with_trigger.py for tasks to queue
[2025-10-15 19:01:18,073] {logging_mixin.py:115} INFO - [2025-10-15 19:01:18,073] {dagbag.py:507} INFO - Filling up the DagBag from /root/Projects/airflowSpotify/venv/lib/python3.9/site-packages/airflow/example_dags/example_latest_only_with_trigger.py
[2025-10-15 19:01:18,082] {processor.py:651} INFO - DAG(s) dict_keys(['latest_only_with_trigger']) retrieved from /root/Projects/airflowSpotify/venv/lib/python3.9/site-packages/airflow/example_dags/example_latest_only_with_trigger.py
[2025-10-15 19:01:18,104] {logging_mixin.py:115} INFO - [2025-10-15 19:01:18,103] {dag.py:2379} INFO - Sync 1 DAGs
[2025-10-15 19:01:18,125] {logging_mixin.py:115} INFO - [2025-10-15 19:01:18,125] {dag.py:2927} INFO - Setting next_dagrun for latest_only_with_trigger to 2025-10-15T18:01:18.125172+00:00, run_after=2025-10-15T22:01:18.125172+00:00
[2025-10-15 19:01:18,137] {processor.py:161} INFO - Processing /root/Projects/airflowSpotify/venv/lib/python3.9/site-packages/airflow/example_dags/example_latest_only_with_trigger.py took 0.071 seconds
[2025-10-15 19:01:52,574] {processor.py:153} INFO - Started process (PID=32134) to work on /root/Projects/airflowSpotify/venv/lib/python3.9/site-packages/airflow/example_dags/example_latest_only_with_trigger.py
[2025-10-15 19:01:52,575] {processor.py:641} INFO - Processing file /root/Projects/airflowSpotify/venv/lib/python3.9/site-packages/airflow/example_dags/example_latest_only_with_trigger.py for tasks to queue
[2025-10-15 19:01:52,576] {logging_mixin.py:115} INFO - [2025-10-15 19:01:52,576] {dagbag.py:507} INFO - Filling up the DagBag from /root/Projects/airflowSpotify/venv/lib/python3.9/site-packages/airflow/example_dags/example_latest_only_with_trigger.py
[2025-10-15 19:01:52,587] {processor.py:651} INFO - DAG(s) dict_keys(['latest_only_with_trigger']) retrieved from /root/Projects/airflowSpotify/venv/lib/python3.9/site-packages/airflow/example_dags/example_latest_only_with_trigger.py
[2025-10-15 19:01:52,614] {logging_mixin.py:115} INFO - [2025-10-15 19:01:52,614] {dag.py:2379} INFO - Sync 1 DAGs
[2025-10-15 19:01:52,639] {logging_mixin.py:115} INFO - [2025-10-15 19:01:52,639] {dag.py:2927} INFO - Setting next_dagrun for latest_only_with_trigger to 2025-10-15T18:01:52.638436+00:00, run_after=2025-10-15T22:01:52.638436+00:00
[2025-10-15 19:01:52,654] {processor.py:161} INFO - Processing /root/Projects/airflowSpotify/venv/lib/python3.9/site-packages/airflow/example_dags/example_latest_only_with_trigger.py took 0.085 seconds
