[2025-10-15 17:21:43,744] {processor.py:153} INFO - Started process (PID=22623) to work on /root/Projects/airflowSpotify/venv/lib/python3.8/site-packages/airflow/example_dags/example_trigger_controller_dag.py
[2025-10-15 17:21:43,745] {processor.py:641} INFO - Processing file /root/Projects/airflowSpotify/venv/lib/python3.8/site-packages/airflow/example_dags/example_trigger_controller_dag.py for tasks to queue
[2025-10-15 17:21:43,746] {logging_mixin.py:115} INFO - [2025-10-15 17:21:43,746] {dagbag.py:507} INFO - Filling up the DagBag from /root/Projects/airflowSpotify/venv/lib/python3.8/site-packages/airflow/example_dags/example_trigger_controller_dag.py
[2025-10-15 17:21:43,752] {processor.py:651} INFO - DAG(s) dict_keys(['example_trigger_controller_dag']) retrieved from /root/Projects/airflowSpotify/venv/lib/python3.8/site-packages/airflow/example_dags/example_trigger_controller_dag.py
[2025-10-15 17:21:43,853] {logging_mixin.py:115} INFO - [2025-10-15 17:21:43,853] {manager.py:508} INFO - Created Permission View: can delete on DAG:example_trigger_controller_dag
[2025-10-15 17:21:43,870] {logging_mixin.py:115} INFO - [2025-10-15 17:21:43,869] {manager.py:508} INFO - Created Permission View: can read on DAG:example_trigger_controller_dag
[2025-10-15 17:21:43,879] {logging_mixin.py:115} INFO - [2025-10-15 17:21:43,879] {manager.py:508} INFO - Created Permission View: can edit on DAG:example_trigger_controller_dag
[2025-10-15 17:21:43,879] {logging_mixin.py:115} INFO - [2025-10-15 17:21:43,879] {dag.py:2379} INFO - Sync 1 DAGs
[2025-10-15 17:21:43,887] {logging_mixin.py:115} INFO - [2025-10-15 17:21:43,887] {dag.py:2398} INFO - Creating ORM DAG for example_trigger_controller_dag
[2025-10-15 17:21:43,896] {logging_mixin.py:115} INFO - [2025-10-15 17:21:43,896] {dag.py:2927} INFO - Setting next_dagrun for example_trigger_controller_dag to 2021-01-01T00:00:00+00:00, run_after=2021-01-01T00:00:00+00:00
[2025-10-15 17:21:43,910] {processor.py:161} INFO - Processing /root/Projects/airflowSpotify/venv/lib/python3.8/site-packages/airflow/example_dags/example_trigger_controller_dag.py took 0.172 seconds
[2025-10-15 17:32:31,670] {processor.py:153} INFO - Started process (PID=23648) to work on /root/Projects/airflowSpotify/venv/lib/python3.8/site-packages/airflow/example_dags/example_trigger_controller_dag.py
[2025-10-15 17:32:31,671] {processor.py:641} INFO - Processing file /root/Projects/airflowSpotify/venv/lib/python3.8/site-packages/airflow/example_dags/example_trigger_controller_dag.py for tasks to queue
[2025-10-15 17:32:31,672] {logging_mixin.py:115} INFO - [2025-10-15 17:32:31,672] {dagbag.py:507} INFO - Filling up the DagBag from /root/Projects/airflowSpotify/venv/lib/python3.8/site-packages/airflow/example_dags/example_trigger_controller_dag.py
[2025-10-15 17:32:31,676] {processor.py:651} INFO - DAG(s) dict_keys(['example_trigger_controller_dag']) retrieved from /root/Projects/airflowSpotify/venv/lib/python3.8/site-packages/airflow/example_dags/example_trigger_controller_dag.py
[2025-10-15 17:32:31,699] {logging_mixin.py:115} INFO - [2025-10-15 17:32:31,699] {dag.py:2379} INFO - Sync 1 DAGs
[2025-10-15 17:32:31,720] {logging_mixin.py:115} INFO - [2025-10-15 17:32:31,720] {dag.py:2927} INFO - Setting next_dagrun for example_trigger_controller_dag to 2021-01-01T00:00:00+00:00, run_after=2021-01-01T00:00:00+00:00
[2025-10-15 17:32:31,736] {processor.py:161} INFO - Processing /root/Projects/airflowSpotify/venv/lib/python3.8/site-packages/airflow/example_dags/example_trigger_controller_dag.py took 0.071 seconds
[2025-10-15 17:33:05,336] {processor.py:153} INFO - Started process (PID=23965) to work on /root/Projects/airflowSpotify/venv/lib/python3.8/site-packages/airflow/example_dags/example_trigger_controller_dag.py
[2025-10-15 17:33:05,336] {processor.py:641} INFO - Processing file /root/Projects/airflowSpotify/venv/lib/python3.8/site-packages/airflow/example_dags/example_trigger_controller_dag.py for tasks to queue
[2025-10-15 17:33:05,337] {logging_mixin.py:115} INFO - [2025-10-15 17:33:05,337] {dagbag.py:507} INFO - Filling up the DagBag from /root/Projects/airflowSpotify/venv/lib/python3.8/site-packages/airflow/example_dags/example_trigger_controller_dag.py
[2025-10-15 17:33:05,343] {processor.py:651} INFO - DAG(s) dict_keys(['example_trigger_controller_dag']) retrieved from /root/Projects/airflowSpotify/venv/lib/python3.8/site-packages/airflow/example_dags/example_trigger_controller_dag.py
[2025-10-15 17:33:05,366] {logging_mixin.py:115} INFO - [2025-10-15 17:33:05,365] {dag.py:2379} INFO - Sync 1 DAGs
[2025-10-15 17:33:05,386] {logging_mixin.py:115} INFO - [2025-10-15 17:33:05,386] {dag.py:2927} INFO - Setting next_dagrun for example_trigger_controller_dag to 2021-01-01T00:00:00+00:00, run_after=2021-01-01T00:00:00+00:00
[2025-10-15 17:33:05,400] {processor.py:161} INFO - Processing /root/Projects/airflowSpotify/venv/lib/python3.8/site-packages/airflow/example_dags/example_trigger_controller_dag.py took 0.068 seconds
[2025-10-15 17:33:39,083] {processor.py:153} INFO - Started process (PID=24125) to work on /root/Projects/airflowSpotify/venv/lib/python3.8/site-packages/airflow/example_dags/example_trigger_controller_dag.py
[2025-10-15 17:33:39,084] {processor.py:641} INFO - Processing file /root/Projects/airflowSpotify/venv/lib/python3.8/site-packages/airflow/example_dags/example_trigger_controller_dag.py for tasks to queue
[2025-10-15 17:33:39,084] {logging_mixin.py:115} INFO - [2025-10-15 17:33:39,084] {dagbag.py:507} INFO - Filling up the DagBag from /root/Projects/airflowSpotify/venv/lib/python3.8/site-packages/airflow/example_dags/example_trigger_controller_dag.py
[2025-10-15 17:33:39,089] {processor.py:651} INFO - DAG(s) dict_keys(['example_trigger_controller_dag']) retrieved from /root/Projects/airflowSpotify/venv/lib/python3.8/site-packages/airflow/example_dags/example_trigger_controller_dag.py
[2025-10-15 17:33:39,109] {logging_mixin.py:115} INFO - [2025-10-15 17:33:39,109] {dag.py:2379} INFO - Sync 1 DAGs
[2025-10-15 17:33:39,125] {logging_mixin.py:115} INFO - [2025-10-15 17:33:39,125] {dag.py:2927} INFO - Setting next_dagrun for example_trigger_controller_dag to 2021-01-01T00:00:00+00:00, run_after=2021-01-01T00:00:00+00:00
[2025-10-15 17:33:39,138] {processor.py:161} INFO - Processing /root/Projects/airflowSpotify/venv/lib/python3.8/site-packages/airflow/example_dags/example_trigger_controller_dag.py took 0.059 seconds
[2025-10-15 17:34:13,090] {processor.py:153} INFO - Started process (PID=24183) to work on /root/Projects/airflowSpotify/venv/lib/python3.8/site-packages/airflow/example_dags/example_trigger_controller_dag.py
[2025-10-15 17:34:13,091] {processor.py:641} INFO - Processing file /root/Projects/airflowSpotify/venv/lib/python3.8/site-packages/airflow/example_dags/example_trigger_controller_dag.py for tasks to queue
[2025-10-15 17:34:13,093] {logging_mixin.py:115} INFO - [2025-10-15 17:34:13,093] {dagbag.py:507} INFO - Filling up the DagBag from /root/Projects/airflowSpotify/venv/lib/python3.8/site-packages/airflow/example_dags/example_trigger_controller_dag.py
[2025-10-15 17:34:13,099] {processor.py:651} INFO - DAG(s) dict_keys(['example_trigger_controller_dag']) retrieved from /root/Projects/airflowSpotify/venv/lib/python3.8/site-packages/airflow/example_dags/example_trigger_controller_dag.py
[2025-10-15 17:34:13,123] {logging_mixin.py:115} INFO - [2025-10-15 17:34:13,123] {dag.py:2379} INFO - Sync 1 DAGs
[2025-10-15 17:34:13,143] {logging_mixin.py:115} INFO - [2025-10-15 17:34:13,143] {dag.py:2927} INFO - Setting next_dagrun for example_trigger_controller_dag to 2021-01-01T00:00:00+00:00, run_after=2021-01-01T00:00:00+00:00
[2025-10-15 17:34:13,160] {processor.py:161} INFO - Processing /root/Projects/airflowSpotify/venv/lib/python3.8/site-packages/airflow/example_dags/example_trigger_controller_dag.py took 0.074 seconds
[2025-10-15 17:34:46,311] {processor.py:153} INFO - Started process (PID=24241) to work on /root/Projects/airflowSpotify/venv/lib/python3.8/site-packages/airflow/example_dags/example_trigger_controller_dag.py
[2025-10-15 17:34:46,311] {processor.py:641} INFO - Processing file /root/Projects/airflowSpotify/venv/lib/python3.8/site-packages/airflow/example_dags/example_trigger_controller_dag.py for tasks to queue
[2025-10-15 17:34:46,312] {logging_mixin.py:115} INFO - [2025-10-15 17:34:46,312] {dagbag.py:507} INFO - Filling up the DagBag from /root/Projects/airflowSpotify/venv/lib/python3.8/site-packages/airflow/example_dags/example_trigger_controller_dag.py
[2025-10-15 17:34:46,317] {processor.py:651} INFO - DAG(s) dict_keys(['example_trigger_controller_dag']) retrieved from /root/Projects/airflowSpotify/venv/lib/python3.8/site-packages/airflow/example_dags/example_trigger_controller_dag.py
[2025-10-15 17:34:46,343] {logging_mixin.py:115} INFO - [2025-10-15 17:34:46,343] {dag.py:2379} INFO - Sync 1 DAGs
[2025-10-15 17:34:46,371] {logging_mixin.py:115} INFO - [2025-10-15 17:34:46,371] {dag.py:2927} INFO - Setting next_dagrun for example_trigger_controller_dag to 2021-01-01T00:00:00+00:00, run_after=2021-01-01T00:00:00+00:00
[2025-10-15 17:34:46,388] {processor.py:161} INFO - Processing /root/Projects/airflowSpotify/venv/lib/python3.8/site-packages/airflow/example_dags/example_trigger_controller_dag.py took 0.083 seconds
[2025-10-15 18:58:41,271] {processor.py:153} INFO - Started process (PID=31210) to work on /root/Projects/airflowSpotify/venv/lib/python3.9/site-packages/airflow/example_dags/example_trigger_controller_dag.py
[2025-10-15 18:58:41,271] {processor.py:641} INFO - Processing file /root/Projects/airflowSpotify/venv/lib/python3.9/site-packages/airflow/example_dags/example_trigger_controller_dag.py for tasks to queue
[2025-10-15 18:58:41,272] {logging_mixin.py:115} INFO - [2025-10-15 18:58:41,272] {dagbag.py:507} INFO - Filling up the DagBag from /root/Projects/airflowSpotify/venv/lib/python3.9/site-packages/airflow/example_dags/example_trigger_controller_dag.py
[2025-10-15 18:58:41,278] {processor.py:651} INFO - DAG(s) dict_keys(['example_trigger_controller_dag']) retrieved from /root/Projects/airflowSpotify/venv/lib/python3.9/site-packages/airflow/example_dags/example_trigger_controller_dag.py
[2025-10-15 18:58:41,351] {logging_mixin.py:115} INFO - [2025-10-15 18:58:41,351] {manager.py:508} INFO - Created Permission View: can edit on DAG:example_trigger_controller_dag
[2025-10-15 18:58:41,360] {logging_mixin.py:115} INFO - [2025-10-15 18:58:41,360] {manager.py:508} INFO - Created Permission View: can read on DAG:example_trigger_controller_dag
[2025-10-15 18:58:41,366] {logging_mixin.py:115} INFO - [2025-10-15 18:58:41,366] {manager.py:508} INFO - Created Permission View: can delete on DAG:example_trigger_controller_dag
[2025-10-15 18:58:41,366] {logging_mixin.py:115} INFO - [2025-10-15 18:58:41,366] {dag.py:2379} INFO - Sync 1 DAGs
[2025-10-15 18:58:41,374] {logging_mixin.py:115} INFO - [2025-10-15 18:58:41,374] {dag.py:2398} INFO - Creating ORM DAG for example_trigger_controller_dag
[2025-10-15 18:58:41,381] {logging_mixin.py:115} INFO - [2025-10-15 18:58:41,381] {dag.py:2927} INFO - Setting next_dagrun for example_trigger_controller_dag to 2021-01-01T00:00:00+00:00, run_after=2021-01-01T00:00:00+00:00
[2025-10-15 18:58:41,393] {processor.py:161} INFO - Processing /root/Projects/airflowSpotify/venv/lib/python3.9/site-packages/airflow/example_dags/example_trigger_controller_dag.py took 0.126 seconds
[2025-10-15 18:59:16,509] {processor.py:153} INFO - Started process (PID=31308) to work on /root/Projects/airflowSpotify/venv/lib/python3.9/site-packages/airflow/example_dags/example_trigger_controller_dag.py
[2025-10-15 18:59:16,510] {processor.py:641} INFO - Processing file /root/Projects/airflowSpotify/venv/lib/python3.9/site-packages/airflow/example_dags/example_trigger_controller_dag.py for tasks to queue
[2025-10-15 18:59:16,511] {logging_mixin.py:115} INFO - [2025-10-15 18:59:16,511] {dagbag.py:507} INFO - Filling up the DagBag from /root/Projects/airflowSpotify/venv/lib/python3.9/site-packages/airflow/example_dags/example_trigger_controller_dag.py
[2025-10-15 18:59:16,517] {processor.py:651} INFO - DAG(s) dict_keys(['example_trigger_controller_dag']) retrieved from /root/Projects/airflowSpotify/venv/lib/python3.9/site-packages/airflow/example_dags/example_trigger_controller_dag.py
[2025-10-15 18:59:16,538] {logging_mixin.py:115} INFO - [2025-10-15 18:59:16,538] {dag.py:2379} INFO - Sync 1 DAGs
[2025-10-15 18:59:16,559] {logging_mixin.py:115} INFO - [2025-10-15 18:59:16,559] {dag.py:2927} INFO - Setting next_dagrun for example_trigger_controller_dag to 2021-01-01T00:00:00+00:00, run_after=2021-01-01T00:00:00+00:00
[2025-10-15 18:59:16,584] {processor.py:161} INFO - Processing /root/Projects/airflowSpotify/venv/lib/python3.9/site-packages/airflow/example_dags/example_trigger_controller_dag.py took 0.079 seconds
[2025-10-15 18:59:55,694] {processor.py:153} INFO - Started process (PID=31576) to work on /root/Projects/airflowSpotify/venv/lib/python3.9/site-packages/airflow/example_dags/example_trigger_controller_dag.py
[2025-10-15 18:59:55,694] {processor.py:641} INFO - Processing file /root/Projects/airflowSpotify/venv/lib/python3.9/site-packages/airflow/example_dags/example_trigger_controller_dag.py for tasks to queue
[2025-10-15 18:59:55,695] {logging_mixin.py:115} INFO - [2025-10-15 18:59:55,695] {dagbag.py:507} INFO - Filling up the DagBag from /root/Projects/airflowSpotify/venv/lib/python3.9/site-packages/airflow/example_dags/example_trigger_controller_dag.py
[2025-10-15 18:59:55,701] {processor.py:651} INFO - DAG(s) dict_keys(['example_trigger_controller_dag']) retrieved from /root/Projects/airflowSpotify/venv/lib/python3.9/site-packages/airflow/example_dags/example_trigger_controller_dag.py
[2025-10-15 18:59:55,725] {logging_mixin.py:115} INFO - [2025-10-15 18:59:55,725] {dag.py:2379} INFO - Sync 1 DAGs
[2025-10-15 18:59:55,750] {logging_mixin.py:115} INFO - [2025-10-15 18:59:55,750] {dag.py:2927} INFO - Setting next_dagrun for example_trigger_controller_dag to 2021-01-01T00:00:00+00:00, run_after=2021-01-01T00:00:00+00:00
[2025-10-15 18:59:55,766] {processor.py:161} INFO - Processing /root/Projects/airflowSpotify/venv/lib/python3.9/site-packages/airflow/example_dags/example_trigger_controller_dag.py took 0.078 seconds
[2025-10-15 19:00:30,854] {processor.py:153} INFO - Started process (PID=31744) to work on /root/Projects/airflowSpotify/venv/lib/python3.9/site-packages/airflow/example_dags/example_trigger_controller_dag.py
[2025-10-15 19:00:30,854] {processor.py:641} INFO - Processing file /root/Projects/airflowSpotify/venv/lib/python3.9/site-packages/airflow/example_dags/example_trigger_controller_dag.py for tasks to queue
[2025-10-15 19:00:30,855] {logging_mixin.py:115} INFO - [2025-10-15 19:00:30,855] {dagbag.py:507} INFO - Filling up the DagBag from /root/Projects/airflowSpotify/venv/lib/python3.9/site-packages/airflow/example_dags/example_trigger_controller_dag.py
[2025-10-15 19:00:30,860] {processor.py:651} INFO - DAG(s) dict_keys(['example_trigger_controller_dag']) retrieved from /root/Projects/airflowSpotify/venv/lib/python3.9/site-packages/airflow/example_dags/example_trigger_controller_dag.py
[2025-10-15 19:00:30,883] {logging_mixin.py:115} INFO - [2025-10-15 19:00:30,883] {dag.py:2379} INFO - Sync 1 DAGs
[2025-10-15 19:00:30,904] {logging_mixin.py:115} INFO - [2025-10-15 19:00:30,904] {dag.py:2927} INFO - Setting next_dagrun for example_trigger_controller_dag to 2021-01-01T00:00:00+00:00, run_after=2021-01-01T00:00:00+00:00
[2025-10-15 19:00:30,916] {processor.py:161} INFO - Processing /root/Projects/airflowSpotify/venv/lib/python3.9/site-packages/airflow/example_dags/example_trigger_controller_dag.py took 0.067 seconds
[2025-10-15 19:01:06,791] {processor.py:153} INFO - Started process (PID=32058) to work on /root/Projects/airflowSpotify/venv/lib/python3.9/site-packages/airflow/example_dags/example_trigger_controller_dag.py
[2025-10-15 19:01:06,792] {processor.py:641} INFO - Processing file /root/Projects/airflowSpotify/venv/lib/python3.9/site-packages/airflow/example_dags/example_trigger_controller_dag.py for tasks to queue
[2025-10-15 19:01:06,792] {logging_mixin.py:115} INFO - [2025-10-15 19:01:06,792] {dagbag.py:507} INFO - Filling up the DagBag from /root/Projects/airflowSpotify/venv/lib/python3.9/site-packages/airflow/example_dags/example_trigger_controller_dag.py
[2025-10-15 19:01:06,797] {processor.py:651} INFO - DAG(s) dict_keys(['example_trigger_controller_dag']) retrieved from /root/Projects/airflowSpotify/venv/lib/python3.9/site-packages/airflow/example_dags/example_trigger_controller_dag.py
[2025-10-15 19:01:06,818] {logging_mixin.py:115} INFO - [2025-10-15 19:01:06,818] {dag.py:2379} INFO - Sync 1 DAGs
[2025-10-15 19:01:06,842] {logging_mixin.py:115} INFO - [2025-10-15 19:01:06,842] {dag.py:2927} INFO - Setting next_dagrun for example_trigger_controller_dag to 2021-01-01T00:00:00+00:00, run_after=2021-01-01T00:00:00+00:00
[2025-10-15 19:01:06,854] {processor.py:161} INFO - Processing /root/Projects/airflowSpotify/venv/lib/python3.9/site-packages/airflow/example_dags/example_trigger_controller_dag.py took 0.069 seconds
[2025-10-15 19:01:41,060] {processor.py:153} INFO - Started process (PID=32116) to work on /root/Projects/airflowSpotify/venv/lib/python3.9/site-packages/airflow/example_dags/example_trigger_controller_dag.py
[2025-10-15 19:01:41,062] {processor.py:641} INFO - Processing file /root/Projects/airflowSpotify/venv/lib/python3.9/site-packages/airflow/example_dags/example_trigger_controller_dag.py for tasks to queue
[2025-10-15 19:01:41,063] {logging_mixin.py:115} INFO - [2025-10-15 19:01:41,063] {dagbag.py:507} INFO - Filling up the DagBag from /root/Projects/airflowSpotify/venv/lib/python3.9/site-packages/airflow/example_dags/example_trigger_controller_dag.py
[2025-10-15 19:01:41,073] {processor.py:651} INFO - DAG(s) dict_keys(['example_trigger_controller_dag']) retrieved from /root/Projects/airflowSpotify/venv/lib/python3.9/site-packages/airflow/example_dags/example_trigger_controller_dag.py
[2025-10-15 19:01:41,105] {logging_mixin.py:115} INFO - [2025-10-15 19:01:41,105] {dag.py:2379} INFO - Sync 1 DAGs
[2025-10-15 19:01:41,128] {logging_mixin.py:115} INFO - [2025-10-15 19:01:41,128] {dag.py:2927} INFO - Setting next_dagrun for example_trigger_controller_dag to 2021-01-01T00:00:00+00:00, run_after=2021-01-01T00:00:00+00:00
[2025-10-15 19:01:41,138] {processor.py:161} INFO - Processing /root/Projects/airflowSpotify/venv/lib/python3.9/site-packages/airflow/example_dags/example_trigger_controller_dag.py took 0.087 seconds
