[2025-10-15 17:22:07,289] {processor.py:153} INFO - Started process (PID=22882) to work on /root/Projects/airflowSpotify/venv/lib/python3.8/site-packages/airflow/example_dags/example_branch_day_of_week_operator.py
[2025-10-15 17:22:07,290] {processor.py:641} INFO - Processing file /root/Projects/airflowSpotify/venv/lib/python3.8/site-packages/airflow/example_dags/example_branch_day_of_week_operator.py for tasks to queue
[2025-10-15 17:22:07,290] {logging_mixin.py:115} INFO - [2025-10-15 17:22:07,290] {dagbag.py:507} INFO - Filling up the DagBag from /root/Projects/airflowSpotify/venv/lib/python3.8/site-packages/airflow/example_dags/example_branch_day_of_week_operator.py
[2025-10-15 17:22:07,301] {processor.py:651} INFO - DAG(s) dict_keys(['example_weekday_branch_operator']) retrieved from /root/Projects/airflowSpotify/venv/lib/python3.8/site-packages/airflow/example_dags/example_branch_day_of_week_operator.py
[2025-10-15 17:22:07,366] {logging_mixin.py:115} INFO - [2025-10-15 17:22:07,366] {manager.py:508} INFO - Created Permission View: can delete on DAG:example_weekday_branch_operator
[2025-10-15 17:22:07,374] {logging_mixin.py:115} INFO - [2025-10-15 17:22:07,374] {manager.py:508} INFO - Created Permission View: can read on DAG:example_weekday_branch_operator
[2025-10-15 17:22:07,381] {logging_mixin.py:115} INFO - [2025-10-15 17:22:07,381] {manager.py:508} INFO - Created Permission View: can edit on DAG:example_weekday_branch_operator
[2025-10-15 17:22:07,381] {logging_mixin.py:115} INFO - [2025-10-15 17:22:07,381] {dag.py:2379} INFO - Sync 1 DAGs
[2025-10-15 17:22:07,388] {logging_mixin.py:115} INFO - [2025-10-15 17:22:07,388] {dag.py:2398} INFO - Creating ORM DAG for example_weekday_branch_operator
[2025-10-15 17:22:07,398] {logging_mixin.py:115} INFO - [2025-10-15 17:22:07,398] {dag.py:2927} INFO - Setting next_dagrun for example_weekday_branch_operator to 2025-10-14T00:00:00+00:00, run_after=2025-10-15T00:00:00+00:00
[2025-10-15 17:22:07,411] {processor.py:161} INFO - Processing /root/Projects/airflowSpotify/venv/lib/python3.8/site-packages/airflow/example_dags/example_branch_day_of_week_operator.py took 0.127 seconds
[2025-10-15 17:32:52,655] {processor.py:153} INFO - Started process (PID=23893) to work on /root/Projects/airflowSpotify/venv/lib/python3.8/site-packages/airflow/example_dags/example_branch_day_of_week_operator.py
[2025-10-15 17:32:52,655] {processor.py:641} INFO - Processing file /root/Projects/airflowSpotify/venv/lib/python3.8/site-packages/airflow/example_dags/example_branch_day_of_week_operator.py for tasks to queue
[2025-10-15 17:32:52,656] {logging_mixin.py:115} INFO - [2025-10-15 17:32:52,656] {dagbag.py:507} INFO - Filling up the DagBag from /root/Projects/airflowSpotify/venv/lib/python3.8/site-packages/airflow/example_dags/example_branch_day_of_week_operator.py
[2025-10-15 17:32:52,667] {processor.py:651} INFO - DAG(s) dict_keys(['example_weekday_branch_operator']) retrieved from /root/Projects/airflowSpotify/venv/lib/python3.8/site-packages/airflow/example_dags/example_branch_day_of_week_operator.py
[2025-10-15 17:32:52,687] {logging_mixin.py:115} INFO - [2025-10-15 17:32:52,687] {dag.py:2379} INFO - Sync 1 DAGs
[2025-10-15 17:32:52,711] {logging_mixin.py:115} INFO - [2025-10-15 17:32:52,710] {dag.py:2927} INFO - Setting next_dagrun for example_weekday_branch_operator to 2025-10-14T00:00:00+00:00, run_after=2025-10-15T00:00:00+00:00
[2025-10-15 17:32:52,722] {processor.py:161} INFO - Processing /root/Projects/airflowSpotify/venv/lib/python3.8/site-packages/airflow/example_dags/example_branch_day_of_week_operator.py took 0.072 seconds
[2025-10-15 17:33:28,307] {processor.py:153} INFO - Started process (PID=24107) to work on /root/Projects/airflowSpotify/venv/lib/python3.8/site-packages/airflow/example_dags/example_branch_day_of_week_operator.py
[2025-10-15 17:33:28,308] {processor.py:641} INFO - Processing file /root/Projects/airflowSpotify/venv/lib/python3.8/site-packages/airflow/example_dags/example_branch_day_of_week_operator.py for tasks to queue
[2025-10-15 17:33:28,308] {logging_mixin.py:115} INFO - [2025-10-15 17:33:28,308] {dagbag.py:507} INFO - Filling up the DagBag from /root/Projects/airflowSpotify/venv/lib/python3.8/site-packages/airflow/example_dags/example_branch_day_of_week_operator.py
[2025-10-15 17:33:28,319] {processor.py:651} INFO - DAG(s) dict_keys(['example_weekday_branch_operator']) retrieved from /root/Projects/airflowSpotify/venv/lib/python3.8/site-packages/airflow/example_dags/example_branch_day_of_week_operator.py
[2025-10-15 17:33:28,338] {logging_mixin.py:115} INFO - [2025-10-15 17:33:28,338] {dag.py:2379} INFO - Sync 1 DAGs
[2025-10-15 17:33:28,359] {logging_mixin.py:115} INFO - [2025-10-15 17:33:28,359] {dag.py:2927} INFO - Setting next_dagrun for example_weekday_branch_operator to 2025-10-14T00:00:00+00:00, run_after=2025-10-15T00:00:00+00:00
[2025-10-15 17:33:28,369] {processor.py:161} INFO - Processing /root/Projects/airflowSpotify/venv/lib/python3.8/site-packages/airflow/example_dags/example_branch_day_of_week_operator.py took 0.067 seconds
[2025-10-15 17:34:01,003] {processor.py:153} INFO - Started process (PID=24162) to work on /root/Projects/airflowSpotify/venv/lib/python3.8/site-packages/airflow/example_dags/example_branch_day_of_week_operator.py
[2025-10-15 17:34:01,004] {processor.py:641} INFO - Processing file /root/Projects/airflowSpotify/venv/lib/python3.8/site-packages/airflow/example_dags/example_branch_day_of_week_operator.py for tasks to queue
[2025-10-15 17:34:01,004] {logging_mixin.py:115} INFO - [2025-10-15 17:34:01,004] {dagbag.py:507} INFO - Filling up the DagBag from /root/Projects/airflowSpotify/venv/lib/python3.8/site-packages/airflow/example_dags/example_branch_day_of_week_operator.py
[2025-10-15 17:34:01,014] {processor.py:651} INFO - DAG(s) dict_keys(['example_weekday_branch_operator']) retrieved from /root/Projects/airflowSpotify/venv/lib/python3.8/site-packages/airflow/example_dags/example_branch_day_of_week_operator.py
[2025-10-15 17:34:01,034] {logging_mixin.py:115} INFO - [2025-10-15 17:34:01,034] {dag.py:2379} INFO - Sync 1 DAGs
[2025-10-15 17:34:01,054] {logging_mixin.py:115} INFO - [2025-10-15 17:34:01,054] {dag.py:2927} INFO - Setting next_dagrun for example_weekday_branch_operator to 2025-10-14T00:00:00+00:00, run_after=2025-10-15T00:00:00+00:00
[2025-10-15 17:34:01,064] {processor.py:161} INFO - Processing /root/Projects/airflowSpotify/venv/lib/python3.8/site-packages/airflow/example_dags/example_branch_day_of_week_operator.py took 0.066 seconds
[2025-10-15 17:34:36,020] {processor.py:153} INFO - Started process (PID=24225) to work on /root/Projects/airflowSpotify/venv/lib/python3.8/site-packages/airflow/example_dags/example_branch_day_of_week_operator.py
[2025-10-15 17:34:36,020] {processor.py:641} INFO - Processing file /root/Projects/airflowSpotify/venv/lib/python3.8/site-packages/airflow/example_dags/example_branch_day_of_week_operator.py for tasks to queue
[2025-10-15 17:34:36,021] {logging_mixin.py:115} INFO - [2025-10-15 17:34:36,021] {dagbag.py:507} INFO - Filling up the DagBag from /root/Projects/airflowSpotify/venv/lib/python3.8/site-packages/airflow/example_dags/example_branch_day_of_week_operator.py
[2025-10-15 17:34:36,031] {processor.py:651} INFO - DAG(s) dict_keys(['example_weekday_branch_operator']) retrieved from /root/Projects/airflowSpotify/venv/lib/python3.8/site-packages/airflow/example_dags/example_branch_day_of_week_operator.py
[2025-10-15 17:34:36,050] {logging_mixin.py:115} INFO - [2025-10-15 17:34:36,050] {dag.py:2379} INFO - Sync 1 DAGs
[2025-10-15 17:34:36,069] {logging_mixin.py:115} INFO - [2025-10-15 17:34:36,069] {dag.py:2927} INFO - Setting next_dagrun for example_weekday_branch_operator to 2025-10-14T00:00:00+00:00, run_after=2025-10-15T00:00:00+00:00
[2025-10-15 17:34:36,080] {processor.py:161} INFO - Processing /root/Projects/airflowSpotify/venv/lib/python3.8/site-packages/airflow/example_dags/example_branch_day_of_week_operator.py took 0.064 seconds
[2025-10-15 18:59:04,844] {processor.py:153} INFO - Started process (PID=31290) to work on /root/Projects/airflowSpotify/venv/lib/python3.9/site-packages/airflow/example_dags/example_branch_day_of_week_operator.py
[2025-10-15 18:59:04,844] {processor.py:641} INFO - Processing file /root/Projects/airflowSpotify/venv/lib/python3.9/site-packages/airflow/example_dags/example_branch_day_of_week_operator.py for tasks to queue
[2025-10-15 18:59:04,845] {logging_mixin.py:115} INFO - [2025-10-15 18:59:04,845] {dagbag.py:507} INFO - Filling up the DagBag from /root/Projects/airflowSpotify/venv/lib/python3.9/site-packages/airflow/example_dags/example_branch_day_of_week_operator.py
[2025-10-15 18:59:04,855] {processor.py:651} INFO - DAG(s) dict_keys(['example_weekday_branch_operator']) retrieved from /root/Projects/airflowSpotify/venv/lib/python3.9/site-packages/airflow/example_dags/example_branch_day_of_week_operator.py
[2025-10-15 18:59:04,918] {logging_mixin.py:115} INFO - [2025-10-15 18:59:04,918] {manager.py:508} INFO - Created Permission View: can edit on DAG:example_weekday_branch_operator
[2025-10-15 18:59:04,927] {logging_mixin.py:115} INFO - [2025-10-15 18:59:04,927] {manager.py:508} INFO - Created Permission View: can read on DAG:example_weekday_branch_operator
[2025-10-15 18:59:04,934] {logging_mixin.py:115} INFO - [2025-10-15 18:59:04,934] {manager.py:508} INFO - Created Permission View: can delete on DAG:example_weekday_branch_operator
[2025-10-15 18:59:04,934] {logging_mixin.py:115} INFO - [2025-10-15 18:59:04,934] {dag.py:2379} INFO - Sync 1 DAGs
[2025-10-15 18:59:04,941] {logging_mixin.py:115} INFO - [2025-10-15 18:59:04,941] {dag.py:2398} INFO - Creating ORM DAG for example_weekday_branch_operator
[2025-10-15 18:59:04,950] {logging_mixin.py:115} INFO - [2025-10-15 18:59:04,949] {dag.py:2927} INFO - Setting next_dagrun for example_weekday_branch_operator to 2025-10-14T00:00:00+00:00, run_after=2025-10-15T00:00:00+00:00
[2025-10-15 18:59:04,962] {processor.py:161} INFO - Processing /root/Projects/airflowSpotify/venv/lib/python3.9/site-packages/airflow/example_dags/example_branch_day_of_week_operator.py took 0.122 seconds
[2025-10-15 19:00:18,040] {processor.py:153} INFO - Started process (PID=31721) to work on /root/Projects/airflowSpotify/venv/lib/python3.9/site-packages/airflow/example_dags/example_branch_day_of_week_operator.py
[2025-10-15 19:00:18,041] {processor.py:641} INFO - Processing file /root/Projects/airflowSpotify/venv/lib/python3.9/site-packages/airflow/example_dags/example_branch_day_of_week_operator.py for tasks to queue
[2025-10-15 19:00:18,042] {logging_mixin.py:115} INFO - [2025-10-15 19:00:18,042] {dagbag.py:507} INFO - Filling up the DagBag from /root/Projects/airflowSpotify/venv/lib/python3.9/site-packages/airflow/example_dags/example_branch_day_of_week_operator.py
[2025-10-15 19:00:18,057] {processor.py:651} INFO - DAG(s) dict_keys(['example_weekday_branch_operator']) retrieved from /root/Projects/airflowSpotify/venv/lib/python3.9/site-packages/airflow/example_dags/example_branch_day_of_week_operator.py
[2025-10-15 19:00:18,083] {logging_mixin.py:115} INFO - [2025-10-15 19:00:18,083] {dag.py:2379} INFO - Sync 1 DAGs
[2025-10-15 19:00:18,114] {logging_mixin.py:115} INFO - [2025-10-15 19:00:18,114] {dag.py:2927} INFO - Setting next_dagrun for example_weekday_branch_operator to 2025-10-14T00:00:00+00:00, run_after=2025-10-15T00:00:00+00:00
[2025-10-15 19:00:18,131] {processor.py:161} INFO - Processing /root/Projects/airflowSpotify/venv/lib/python3.9/site-packages/airflow/example_dags/example_branch_day_of_week_operator.py took 0.096 seconds
[2025-10-15 19:00:54,162] {processor.py:153} INFO - Started process (PID=31934) to work on /root/Projects/airflowSpotify/venv/lib/python3.9/site-packages/airflow/example_dags/example_branch_day_of_week_operator.py
[2025-10-15 19:00:54,163] {processor.py:641} INFO - Processing file /root/Projects/airflowSpotify/venv/lib/python3.9/site-packages/airflow/example_dags/example_branch_day_of_week_operator.py for tasks to queue
[2025-10-15 19:00:54,164] {logging_mixin.py:115} INFO - [2025-10-15 19:00:54,163] {dagbag.py:507} INFO - Filling up the DagBag from /root/Projects/airflowSpotify/venv/lib/python3.9/site-packages/airflow/example_dags/example_branch_day_of_week_operator.py
[2025-10-15 19:00:54,175] {processor.py:651} INFO - DAG(s) dict_keys(['example_weekday_branch_operator']) retrieved from /root/Projects/airflowSpotify/venv/lib/python3.9/site-packages/airflow/example_dags/example_branch_day_of_week_operator.py
[2025-10-15 19:00:54,198] {logging_mixin.py:115} INFO - [2025-10-15 19:00:54,197] {dag.py:2379} INFO - Sync 1 DAGs
[2025-10-15 19:00:54,224] {logging_mixin.py:115} INFO - [2025-10-15 19:00:54,224] {dag.py:2927} INFO - Setting next_dagrun for example_weekday_branch_operator to 2025-10-14T00:00:00+00:00, run_after=2025-10-15T00:00:00+00:00
[2025-10-15 19:00:54,238] {processor.py:161} INFO - Processing /root/Projects/airflowSpotify/venv/lib/python3.9/site-packages/airflow/example_dags/example_branch_day_of_week_operator.py took 0.080 seconds
[2025-10-15 19:01:29,238] {processor.py:153} INFO - Started process (PID=32095) to work on /root/Projects/airflowSpotify/venv/lib/python3.9/site-packages/airflow/example_dags/example_branch_day_of_week_operator.py
[2025-10-15 19:01:29,239] {processor.py:641} INFO - Processing file /root/Projects/airflowSpotify/venv/lib/python3.9/site-packages/airflow/example_dags/example_branch_day_of_week_operator.py for tasks to queue
[2025-10-15 19:01:29,240] {logging_mixin.py:115} INFO - [2025-10-15 19:01:29,240] {dagbag.py:507} INFO - Filling up the DagBag from /root/Projects/airflowSpotify/venv/lib/python3.9/site-packages/airflow/example_dags/example_branch_day_of_week_operator.py
[2025-10-15 19:01:29,253] {processor.py:651} INFO - DAG(s) dict_keys(['example_weekday_branch_operator']) retrieved from /root/Projects/airflowSpotify/venv/lib/python3.9/site-packages/airflow/example_dags/example_branch_day_of_week_operator.py
[2025-10-15 19:01:29,281] {logging_mixin.py:115} INFO - [2025-10-15 19:01:29,281] {dag.py:2379} INFO - Sync 1 DAGs
[2025-10-15 19:01:29,310] {logging_mixin.py:115} INFO - [2025-10-15 19:01:29,310] {dag.py:2927} INFO - Setting next_dagrun for example_weekday_branch_operator to 2025-10-14T00:00:00+00:00, run_after=2025-10-15T00:00:00+00:00
[2025-10-15 19:01:29,325] {processor.py:161} INFO - Processing /root/Projects/airflowSpotify/venv/lib/python3.9/site-packages/airflow/example_dags/example_branch_day_of_week_operator.py took 0.091 seconds
