[2025-10-15 17:22:03,698] {processor.py:153} INFO - Started process (PID=22825) to work on /root/Projects/airflowSpotify/venv/lib/python3.8/site-packages/airflow/example_dags/example_branch_operator_decorator.py
[2025-10-15 17:22:03,698] {processor.py:641} INFO - Processing file /root/Projects/airflowSpotify/venv/lib/python3.8/site-packages/airflow/example_dags/example_branch_operator_decorator.py for tasks to queue
[2025-10-15 17:22:03,699] {logging_mixin.py:115} INFO - [2025-10-15 17:22:03,699] {dagbag.py:507} INFO - Filling up the DagBag from /root/Projects/airflowSpotify/venv/lib/python3.8/site-packages/airflow/example_dags/example_branch_operator_decorator.py
[2025-10-15 17:22:03,725] {processor.py:651} INFO - DAG(s) dict_keys(['example_branch_python_operator_decorator']) retrieved from /root/Projects/airflowSpotify/venv/lib/python3.8/site-packages/airflow/example_dags/example_branch_operator_decorator.py
[2025-10-15 17:22:03,810] {logging_mixin.py:115} INFO - [2025-10-15 17:22:03,810] {manager.py:508} INFO - Created Permission View: can delete on DAG:example_branch_python_operator_decorator
[2025-10-15 17:22:03,822] {logging_mixin.py:115} INFO - [2025-10-15 17:22:03,822] {manager.py:508} INFO - Created Permission View: can read on DAG:example_branch_python_operator_decorator
[2025-10-15 17:22:03,832] {logging_mixin.py:115} INFO - [2025-10-15 17:22:03,832] {manager.py:508} INFO - Created Permission View: can edit on DAG:example_branch_python_operator_decorator
[2025-10-15 17:22:03,832] {logging_mixin.py:115} INFO - [2025-10-15 17:22:03,832] {dag.py:2379} INFO - Sync 1 DAGs
[2025-10-15 17:22:03,841] {logging_mixin.py:115} INFO - [2025-10-15 17:22:03,841] {dag.py:2398} INFO - Creating ORM DAG for example_branch_python_operator_decorator
[2025-10-15 17:22:03,852] {logging_mixin.py:115} INFO - [2025-10-15 17:22:03,852] {dag.py:2927} INFO - Setting next_dagrun for example_branch_python_operator_decorator to 2025-10-14T00:00:00+00:00, run_after=2025-10-15T00:00:00+00:00
[2025-10-15 17:22:03,894] {processor.py:161} INFO - Processing /root/Projects/airflowSpotify/venv/lib/python3.8/site-packages/airflow/example_dags/example_branch_operator_decorator.py took 0.202 seconds
[2025-10-15 17:32:50,924] {processor.py:153} INFO - Started process (PID=23890) to work on /root/Projects/airflowSpotify/venv/lib/python3.8/site-packages/airflow/example_dags/example_branch_operator_decorator.py
[2025-10-15 17:32:50,925] {processor.py:641} INFO - Processing file /root/Projects/airflowSpotify/venv/lib/python3.8/site-packages/airflow/example_dags/example_branch_operator_decorator.py for tasks to queue
[2025-10-15 17:32:50,926] {logging_mixin.py:115} INFO - [2025-10-15 17:32:50,925] {dagbag.py:507} INFO - Filling up the DagBag from /root/Projects/airflowSpotify/venv/lib/python3.8/site-packages/airflow/example_dags/example_branch_operator_decorator.py
[2025-10-15 17:32:50,952] {processor.py:651} INFO - DAG(s) dict_keys(['example_branch_python_operator_decorator']) retrieved from /root/Projects/airflowSpotify/venv/lib/python3.8/site-packages/airflow/example_dags/example_branch_operator_decorator.py
[2025-10-15 17:32:50,977] {logging_mixin.py:115} INFO - [2025-10-15 17:32:50,977] {dag.py:2379} INFO - Sync 1 DAGs
[2025-10-15 17:32:51,004] {logging_mixin.py:115} INFO - [2025-10-15 17:32:51,004] {dag.py:2927} INFO - Setting next_dagrun for example_branch_python_operator_decorator to 2025-10-14T00:00:00+00:00, run_after=2025-10-15T00:00:00+00:00
[2025-10-15 17:32:51,028] {processor.py:161} INFO - Processing /root/Projects/airflowSpotify/venv/lib/python3.8/site-packages/airflow/example_dags/example_branch_operator_decorator.py took 0.110 seconds
[2025-10-15 17:33:24,793] {processor.py:153} INFO - Started process (PID=24101) to work on /root/Projects/airflowSpotify/venv/lib/python3.8/site-packages/airflow/example_dags/example_branch_operator_decorator.py
[2025-10-15 17:33:24,794] {processor.py:641} INFO - Processing file /root/Projects/airflowSpotify/venv/lib/python3.8/site-packages/airflow/example_dags/example_branch_operator_decorator.py for tasks to queue
[2025-10-15 17:33:24,795] {logging_mixin.py:115} INFO - [2025-10-15 17:33:24,794] {dagbag.py:507} INFO - Filling up the DagBag from /root/Projects/airflowSpotify/venv/lib/python3.8/site-packages/airflow/example_dags/example_branch_operator_decorator.py
[2025-10-15 17:33:24,816] {processor.py:651} INFO - DAG(s) dict_keys(['example_branch_python_operator_decorator']) retrieved from /root/Projects/airflowSpotify/venv/lib/python3.8/site-packages/airflow/example_dags/example_branch_operator_decorator.py
[2025-10-15 17:33:24,836] {logging_mixin.py:115} INFO - [2025-10-15 17:33:24,836] {dag.py:2379} INFO - Sync 1 DAGs
[2025-10-15 17:33:24,857] {logging_mixin.py:115} INFO - [2025-10-15 17:33:24,857] {dag.py:2927} INFO - Setting next_dagrun for example_branch_python_operator_decorator to 2025-10-14T00:00:00+00:00, run_after=2025-10-15T00:00:00+00:00
[2025-10-15 17:33:24,869] {processor.py:161} INFO - Processing /root/Projects/airflowSpotify/venv/lib/python3.8/site-packages/airflow/example_dags/example_branch_operator_decorator.py took 0.080 seconds
[2025-10-15 17:33:58,142] {processor.py:153} INFO - Started process (PID=24159) to work on /root/Projects/airflowSpotify/venv/lib/python3.8/site-packages/airflow/example_dags/example_branch_operator_decorator.py
[2025-10-15 17:33:58,143] {processor.py:641} INFO - Processing file /root/Projects/airflowSpotify/venv/lib/python3.8/site-packages/airflow/example_dags/example_branch_operator_decorator.py for tasks to queue
[2025-10-15 17:33:58,143] {logging_mixin.py:115} INFO - [2025-10-15 17:33:58,143] {dagbag.py:507} INFO - Filling up the DagBag from /root/Projects/airflowSpotify/venv/lib/python3.8/site-packages/airflow/example_dags/example_branch_operator_decorator.py
[2025-10-15 17:33:58,167] {processor.py:651} INFO - DAG(s) dict_keys(['example_branch_python_operator_decorator']) retrieved from /root/Projects/airflowSpotify/venv/lib/python3.8/site-packages/airflow/example_dags/example_branch_operator_decorator.py
[2025-10-15 17:33:58,186] {logging_mixin.py:115} INFO - [2025-10-15 17:33:58,186] {dag.py:2379} INFO - Sync 1 DAGs
[2025-10-15 17:33:58,205] {logging_mixin.py:115} INFO - [2025-10-15 17:33:58,205] {dag.py:2927} INFO - Setting next_dagrun for example_branch_python_operator_decorator to 2025-10-14T00:00:00+00:00, run_after=2025-10-15T00:00:00+00:00
[2025-10-15 17:33:58,216] {processor.py:161} INFO - Processing /root/Projects/airflowSpotify/venv/lib/python3.8/site-packages/airflow/example_dags/example_branch_operator_decorator.py took 0.078 seconds
[2025-10-15 17:34:32,036] {processor.py:153} INFO - Started process (PID=24217) to work on /root/Projects/airflowSpotify/venv/lib/python3.8/site-packages/airflow/example_dags/example_branch_operator_decorator.py
[2025-10-15 17:34:32,036] {processor.py:641} INFO - Processing file /root/Projects/airflowSpotify/venv/lib/python3.8/site-packages/airflow/example_dags/example_branch_operator_decorator.py for tasks to queue
[2025-10-15 17:34:32,037] {logging_mixin.py:115} INFO - [2025-10-15 17:34:32,037] {dagbag.py:507} INFO - Filling up the DagBag from /root/Projects/airflowSpotify/venv/lib/python3.8/site-packages/airflow/example_dags/example_branch_operator_decorator.py
[2025-10-15 17:34:32,062] {processor.py:651} INFO - DAG(s) dict_keys(['example_branch_python_operator_decorator']) retrieved from /root/Projects/airflowSpotify/venv/lib/python3.8/site-packages/airflow/example_dags/example_branch_operator_decorator.py
[2025-10-15 17:34:32,081] {logging_mixin.py:115} INFO - [2025-10-15 17:34:32,081] {dag.py:2379} INFO - Sync 1 DAGs
[2025-10-15 17:34:32,100] {logging_mixin.py:115} INFO - [2025-10-15 17:34:32,100] {dag.py:2927} INFO - Setting next_dagrun for example_branch_python_operator_decorator to 2025-10-14T00:00:00+00:00, run_after=2025-10-15T00:00:00+00:00
[2025-10-15 17:34:32,110] {processor.py:161} INFO - Processing /root/Projects/airflowSpotify/venv/lib/python3.8/site-packages/airflow/example_dags/example_branch_operator_decorator.py took 0.081 seconds
[2025-10-15 18:59:01,261] {processor.py:153} INFO - Started process (PID=31284) to work on /root/Projects/airflowSpotify/venv/lib/python3.9/site-packages/airflow/example_dags/example_branch_operator_decorator.py
[2025-10-15 18:59:01,262] {processor.py:641} INFO - Processing file /root/Projects/airflowSpotify/venv/lib/python3.9/site-packages/airflow/example_dags/example_branch_operator_decorator.py for tasks to queue
[2025-10-15 18:59:01,262] {logging_mixin.py:115} INFO - [2025-10-15 18:59:01,262] {dagbag.py:507} INFO - Filling up the DagBag from /root/Projects/airflowSpotify/venv/lib/python3.9/site-packages/airflow/example_dags/example_branch_operator_decorator.py
[2025-10-15 18:59:01,287] {processor.py:651} INFO - DAG(s) dict_keys(['example_branch_python_operator_decorator']) retrieved from /root/Projects/airflowSpotify/venv/lib/python3.9/site-packages/airflow/example_dags/example_branch_operator_decorator.py
[2025-10-15 18:59:01,361] {logging_mixin.py:115} INFO - [2025-10-15 18:59:01,361] {manager.py:511} ERROR - Creation of Permission View Error: (sqlite3.OperationalError) disk I/O error
(Background on this error at: http://sqlalche.me/e/14/e3q8)
[2025-10-15 18:59:01,373] {logging_mixin.py:115} INFO - [2025-10-15 18:59:01,373] {manager.py:508} INFO - Created Permission View: can read on DAG:example_branch_python_operator_decorator
[2025-10-15 18:59:01,386] {logging_mixin.py:115} INFO - [2025-10-15 18:59:01,386] {manager.py:508} INFO - Created Permission View: can delete on DAG:example_branch_python_operator_decorator
[2025-10-15 18:59:01,387] {logging_mixin.py:115} INFO - [2025-10-15 18:59:01,387] {dag.py:2379} INFO - Sync 1 DAGs
[2025-10-15 18:59:01,397] {logging_mixin.py:115} INFO - [2025-10-15 18:59:01,397] {dag.py:2398} INFO - Creating ORM DAG for example_branch_python_operator_decorator
[2025-10-15 18:59:01,410] {logging_mixin.py:115} INFO - [2025-10-15 18:59:01,410] {dag.py:2927} INFO - Setting next_dagrun for example_branch_python_operator_decorator to 2025-10-14T00:00:00+00:00, run_after=2025-10-15T00:00:00+00:00
[2025-10-15 18:59:01,426] {processor.py:161} INFO - Processing /root/Projects/airflowSpotify/venv/lib/python3.9/site-packages/airflow/example_dags/example_branch_operator_decorator.py took 0.170 seconds
[2025-10-15 19:00:15,273] {processor.py:153} INFO - Started process (PID=31715) to work on /root/Projects/airflowSpotify/venv/lib/python3.9/site-packages/airflow/example_dags/example_branch_operator_decorator.py
[2025-10-15 19:00:15,274] {processor.py:641} INFO - Processing file /root/Projects/airflowSpotify/venv/lib/python3.9/site-packages/airflow/example_dags/example_branch_operator_decorator.py for tasks to queue
[2025-10-15 19:00:15,276] {logging_mixin.py:115} INFO - [2025-10-15 19:00:15,276] {dagbag.py:507} INFO - Filling up the DagBag from /root/Projects/airflowSpotify/venv/lib/python3.9/site-packages/airflow/example_dags/example_branch_operator_decorator.py
[2025-10-15 19:00:15,304] {processor.py:651} INFO - DAG(s) dict_keys(['example_branch_python_operator_decorator']) retrieved from /root/Projects/airflowSpotify/venv/lib/python3.9/site-packages/airflow/example_dags/example_branch_operator_decorator.py
[2025-10-15 19:00:15,338] {logging_mixin.py:115} INFO - [2025-10-15 19:00:15,338] {dag.py:2379} INFO - Sync 1 DAGs
[2025-10-15 19:00:15,404] {logging_mixin.py:115} INFO - [2025-10-15 19:00:15,404] {dag.py:2927} INFO - Setting next_dagrun for example_branch_python_operator_decorator to 2025-10-14T00:00:00+00:00, run_after=2025-10-15T00:00:00+00:00
[2025-10-15 19:00:15,423] {processor.py:161} INFO - Processing /root/Projects/airflowSpotify/venv/lib/python3.9/site-packages/airflow/example_dags/example_branch_operator_decorator.py took 0.156 seconds
[2025-10-15 19:00:51,298] {processor.py:153} INFO - Started process (PID=31899) to work on /root/Projects/airflowSpotify/venv/lib/python3.9/site-packages/airflow/example_dags/example_branch_operator_decorator.py
[2025-10-15 19:00:51,298] {processor.py:641} INFO - Processing file /root/Projects/airflowSpotify/venv/lib/python3.9/site-packages/airflow/example_dags/example_branch_operator_decorator.py for tasks to queue
[2025-10-15 19:00:51,299] {logging_mixin.py:115} INFO - [2025-10-15 19:00:51,299] {dagbag.py:507} INFO - Filling up the DagBag from /root/Projects/airflowSpotify/venv/lib/python3.9/site-packages/airflow/example_dags/example_branch_operator_decorator.py
[2025-10-15 19:00:51,324] {processor.py:651} INFO - DAG(s) dict_keys(['example_branch_python_operator_decorator']) retrieved from /root/Projects/airflowSpotify/venv/lib/python3.9/site-packages/airflow/example_dags/example_branch_operator_decorator.py
[2025-10-15 19:00:51,352] {logging_mixin.py:115} INFO - [2025-10-15 19:00:51,352] {dag.py:2379} INFO - Sync 1 DAGs
[2025-10-15 19:00:51,369] {logging_mixin.py:115} INFO - [2025-10-15 19:00:51,369] {dag.py:2927} INFO - Setting next_dagrun for example_branch_python_operator_decorator to 2025-10-14T00:00:00+00:00, run_after=2025-10-15T00:00:00+00:00
[2025-10-15 19:00:51,381] {processor.py:161} INFO - Processing /root/Projects/airflowSpotify/venv/lib/python3.9/site-packages/airflow/example_dags/example_branch_operator_decorator.py took 0.088 seconds
[2025-10-15 19:01:25,603] {processor.py:153} INFO - Started process (PID=32089) to work on /root/Projects/airflowSpotify/venv/lib/python3.9/site-packages/airflow/example_dags/example_branch_operator_decorator.py
[2025-10-15 19:01:25,604] {processor.py:641} INFO - Processing file /root/Projects/airflowSpotify/venv/lib/python3.9/site-packages/airflow/example_dags/example_branch_operator_decorator.py for tasks to queue
[2025-10-15 19:01:25,604] {logging_mixin.py:115} INFO - [2025-10-15 19:01:25,604] {dagbag.py:507} INFO - Filling up the DagBag from /root/Projects/airflowSpotify/venv/lib/python3.9/site-packages/airflow/example_dags/example_branch_operator_decorator.py
[2025-10-15 19:01:25,631] {processor.py:651} INFO - DAG(s) dict_keys(['example_branch_python_operator_decorator']) retrieved from /root/Projects/airflowSpotify/venv/lib/python3.9/site-packages/airflow/example_dags/example_branch_operator_decorator.py
[2025-10-15 19:01:25,665] {logging_mixin.py:115} INFO - [2025-10-15 19:01:25,665] {dag.py:2379} INFO - Sync 1 DAGs
[2025-10-15 19:01:25,689] {logging_mixin.py:115} INFO - [2025-10-15 19:01:25,689] {dag.py:2927} INFO - Setting next_dagrun for example_branch_python_operator_decorator to 2025-10-14T00:00:00+00:00, run_after=2025-10-15T00:00:00+00:00
[2025-10-15 19:01:25,706] {processor.py:161} INFO - Processing /root/Projects/airflowSpotify/venv/lib/python3.9/site-packages/airflow/example_dags/example_branch_operator_decorator.py took 0.108 seconds
[2025-10-15 19:01:59,926] {processor.py:153} INFO - Started process (PID=32220) to work on /root/Projects/airflowSpotify/venv/lib/python3.9/site-packages/airflow/example_dags/example_branch_operator_decorator.py
[2025-10-15 19:01:59,927] {processor.py:641} INFO - Processing file /root/Projects/airflowSpotify/venv/lib/python3.9/site-packages/airflow/example_dags/example_branch_operator_decorator.py for tasks to queue
[2025-10-15 19:01:59,928] {logging_mixin.py:115} INFO - [2025-10-15 19:01:59,927] {dagbag.py:507} INFO - Filling up the DagBag from /root/Projects/airflowSpotify/venv/lib/python3.9/site-packages/airflow/example_dags/example_branch_operator_decorator.py
[2025-10-15 19:01:59,959] {processor.py:651} INFO - DAG(s) dict_keys(['example_branch_python_operator_decorator']) retrieved from /root/Projects/airflowSpotify/venv/lib/python3.9/site-packages/airflow/example_dags/example_branch_operator_decorator.py
[2025-10-15 19:01:59,998] {logging_mixin.py:115} INFO - [2025-10-15 19:01:59,998] {dag.py:2379} INFO - Sync 1 DAGs
[2025-10-15 19:02:00,035] {logging_mixin.py:115} INFO - [2025-10-15 19:02:00,034] {dag.py:2927} INFO - Setting next_dagrun for example_branch_python_operator_decorator to 2025-10-14T00:00:00+00:00, run_after=2025-10-15T00:00:00+00:00
[2025-10-15 19:02:00,059] {processor.py:161} INFO - Processing /root/Projects/airflowSpotify/venv/lib/python3.9/site-packages/airflow/example_dags/example_branch_operator_decorator.py took 0.139 seconds
