[2025-10-15 17:22:08,542] {processor.py:153} INFO - Started process (PID=22883) to work on /root/Projects/airflowSpotify/venv/lib/python3.8/site-packages/airflow/example_dags/example_branch_datetime_operator.py
[2025-10-15 17:22:08,542] {processor.py:641} INFO - Processing file /root/Projects/airflowSpotify/venv/lib/python3.8/site-packages/airflow/example_dags/example_branch_datetime_operator.py for tasks to queue
[2025-10-15 17:22:08,543] {logging_mixin.py:115} INFO - [2025-10-15 17:22:08,543] {dagbag.py:507} INFO - Filling up the DagBag from /root/Projects/airflowSpotify/venv/lib/python3.8/site-packages/airflow/example_dags/example_branch_datetime_operator.py
[2025-10-15 17:22:08,556] {processor.py:651} INFO - DAG(s) dict_keys(['example_branch_datetime_operator_2']) retrieved from /root/Projects/airflowSpotify/venv/lib/python3.8/site-packages/airflow/example_dags/example_branch_datetime_operator.py
[2025-10-15 17:22:08,626] {logging_mixin.py:115} INFO - [2025-10-15 17:22:08,626] {manager.py:508} INFO - Created Permission View: can delete on DAG:example_branch_datetime_operator_2
[2025-10-15 17:22:08,633] {logging_mixin.py:115} INFO - [2025-10-15 17:22:08,633] {manager.py:508} INFO - Created Permission View: can read on DAG:example_branch_datetime_operator_2
[2025-10-15 17:22:08,640] {logging_mixin.py:115} INFO - [2025-10-15 17:22:08,640] {manager.py:508} INFO - Created Permission View: can edit on DAG:example_branch_datetime_operator_2
[2025-10-15 17:22:08,641] {logging_mixin.py:115} INFO - [2025-10-15 17:22:08,641] {dag.py:2379} INFO - Sync 1 DAGs
[2025-10-15 17:22:08,650] {logging_mixin.py:115} INFO - [2025-10-15 17:22:08,650] {dag.py:2398} INFO - Creating ORM DAG for example_branch_datetime_operator_2
[2025-10-15 17:22:08,660] {logging_mixin.py:115} INFO - [2025-10-15 17:22:08,659] {dag.py:2927} INFO - Setting next_dagrun for example_branch_datetime_operator_2 to 2025-10-14T00:00:00+00:00, run_after=2025-10-15T00:00:00+00:00
[2025-10-15 17:22:08,673] {processor.py:161} INFO - Processing /root/Projects/airflowSpotify/venv/lib/python3.8/site-packages/airflow/example_dags/example_branch_datetime_operator.py took 0.137 seconds
[2025-10-15 17:32:53,805] {processor.py:153} INFO - Started process (PID=23894) to work on /root/Projects/airflowSpotify/venv/lib/python3.8/site-packages/airflow/example_dags/example_branch_datetime_operator.py
[2025-10-15 17:32:53,806] {processor.py:641} INFO - Processing file /root/Projects/airflowSpotify/venv/lib/python3.8/site-packages/airflow/example_dags/example_branch_datetime_operator.py for tasks to queue
[2025-10-15 17:32:53,807] {logging_mixin.py:115} INFO - [2025-10-15 17:32:53,806] {dagbag.py:507} INFO - Filling up the DagBag from /root/Projects/airflowSpotify/venv/lib/python3.8/site-packages/airflow/example_dags/example_branch_datetime_operator.py
[2025-10-15 17:32:53,821] {processor.py:651} INFO - DAG(s) dict_keys(['example_branch_datetime_operator_2']) retrieved from /root/Projects/airflowSpotify/venv/lib/python3.8/site-packages/airflow/example_dags/example_branch_datetime_operator.py
[2025-10-15 17:32:53,849] {logging_mixin.py:115} INFO - [2025-10-15 17:32:53,849] {dag.py:2379} INFO - Sync 1 DAGs
[2025-10-15 17:32:53,880] {logging_mixin.py:115} INFO - [2025-10-15 17:32:53,880] {dag.py:2927} INFO - Setting next_dagrun for example_branch_datetime_operator_2 to 2025-10-14T00:00:00+00:00, run_after=2025-10-15T00:00:00+00:00
[2025-10-15 17:32:53,897] {processor.py:161} INFO - Processing /root/Projects/airflowSpotify/venv/lib/python3.8/site-packages/airflow/example_dags/example_branch_datetime_operator.py took 0.098 seconds
[2025-10-15 17:33:28,811] {processor.py:153} INFO - Started process (PID=24108) to work on /root/Projects/airflowSpotify/venv/lib/python3.8/site-packages/airflow/example_dags/example_branch_datetime_operator.py
[2025-10-15 17:33:28,812] {processor.py:641} INFO - Processing file /root/Projects/airflowSpotify/venv/lib/python3.8/site-packages/airflow/example_dags/example_branch_datetime_operator.py for tasks to queue
[2025-10-15 17:33:28,813] {logging_mixin.py:115} INFO - [2025-10-15 17:33:28,813] {dagbag.py:507} INFO - Filling up the DagBag from /root/Projects/airflowSpotify/venv/lib/python3.8/site-packages/airflow/example_dags/example_branch_datetime_operator.py
[2025-10-15 17:33:28,823] {processor.py:651} INFO - DAG(s) dict_keys(['example_branch_datetime_operator_2']) retrieved from /root/Projects/airflowSpotify/venv/lib/python3.8/site-packages/airflow/example_dags/example_branch_datetime_operator.py
[2025-10-15 17:33:28,842] {logging_mixin.py:115} INFO - [2025-10-15 17:33:28,842] {dag.py:2379} INFO - Sync 1 DAGs
[2025-10-15 17:33:28,862] {logging_mixin.py:115} INFO - [2025-10-15 17:33:28,862] {dag.py:2927} INFO - Setting next_dagrun for example_branch_datetime_operator_2 to 2025-10-14T00:00:00+00:00, run_after=2025-10-15T00:00:00+00:00
[2025-10-15 17:33:28,872] {processor.py:161} INFO - Processing /root/Projects/airflowSpotify/venv/lib/python3.8/site-packages/airflow/example_dags/example_branch_datetime_operator.py took 0.071 seconds
[2025-10-15 17:34:02,164] {processor.py:153} INFO - Started process (PID=24166) to work on /root/Projects/airflowSpotify/venv/lib/python3.8/site-packages/airflow/example_dags/example_branch_datetime_operator.py
[2025-10-15 17:34:02,166] {processor.py:641} INFO - Processing file /root/Projects/airflowSpotify/venv/lib/python3.8/site-packages/airflow/example_dags/example_branch_datetime_operator.py for tasks to queue
[2025-10-15 17:34:02,167] {logging_mixin.py:115} INFO - [2025-10-15 17:34:02,167] {dagbag.py:507} INFO - Filling up the DagBag from /root/Projects/airflowSpotify/venv/lib/python3.8/site-packages/airflow/example_dags/example_branch_datetime_operator.py
[2025-10-15 17:34:02,181] {processor.py:651} INFO - DAG(s) dict_keys(['example_branch_datetime_operator_2']) retrieved from /root/Projects/airflowSpotify/venv/lib/python3.8/site-packages/airflow/example_dags/example_branch_datetime_operator.py
[2025-10-15 17:34:02,200] {logging_mixin.py:115} INFO - [2025-10-15 17:34:02,200] {dag.py:2379} INFO - Sync 1 DAGs
[2025-10-15 17:34:02,220] {logging_mixin.py:115} INFO - [2025-10-15 17:34:02,220] {dag.py:2927} INFO - Setting next_dagrun for example_branch_datetime_operator_2 to 2025-10-14T00:00:00+00:00, run_after=2025-10-15T00:00:00+00:00
[2025-10-15 17:34:02,230] {processor.py:161} INFO - Processing /root/Projects/airflowSpotify/venv/lib/python3.8/site-packages/airflow/example_dags/example_branch_datetime_operator.py took 0.075 seconds
[2025-10-15 17:34:37,162] {processor.py:153} INFO - Started process (PID=24226) to work on /root/Projects/airflowSpotify/venv/lib/python3.8/site-packages/airflow/example_dags/example_branch_datetime_operator.py
[2025-10-15 17:34:37,162] {processor.py:641} INFO - Processing file /root/Projects/airflowSpotify/venv/lib/python3.8/site-packages/airflow/example_dags/example_branch_datetime_operator.py for tasks to queue
[2025-10-15 17:34:37,163] {logging_mixin.py:115} INFO - [2025-10-15 17:34:37,163] {dagbag.py:507} INFO - Filling up the DagBag from /root/Projects/airflowSpotify/venv/lib/python3.8/site-packages/airflow/example_dags/example_branch_datetime_operator.py
[2025-10-15 17:34:37,172] {processor.py:651} INFO - DAG(s) dict_keys(['example_branch_datetime_operator_2']) retrieved from /root/Projects/airflowSpotify/venv/lib/python3.8/site-packages/airflow/example_dags/example_branch_datetime_operator.py
[2025-10-15 17:34:37,191] {logging_mixin.py:115} INFO - [2025-10-15 17:34:37,191] {dag.py:2379} INFO - Sync 1 DAGs
[2025-10-15 17:34:37,211] {logging_mixin.py:115} INFO - [2025-10-15 17:34:37,211] {dag.py:2927} INFO - Setting next_dagrun for example_branch_datetime_operator_2 to 2025-10-14T00:00:00+00:00, run_after=2025-10-15T00:00:00+00:00
[2025-10-15 17:34:37,221] {processor.py:161} INFO - Processing /root/Projects/airflowSpotify/venv/lib/python3.8/site-packages/airflow/example_dags/example_branch_datetime_operator.py took 0.064 seconds
[2025-10-15 18:59:06,083] {processor.py:153} INFO - Started process (PID=31291) to work on /root/Projects/airflowSpotify/venv/lib/python3.9/site-packages/airflow/example_dags/example_branch_datetime_operator.py
[2025-10-15 18:59:06,083] {processor.py:641} INFO - Processing file /root/Projects/airflowSpotify/venv/lib/python3.9/site-packages/airflow/example_dags/example_branch_datetime_operator.py for tasks to queue
[2025-10-15 18:59:06,084] {logging_mixin.py:115} INFO - [2025-10-15 18:59:06,084] {dagbag.py:507} INFO - Filling up the DagBag from /root/Projects/airflowSpotify/venv/lib/python3.9/site-packages/airflow/example_dags/example_branch_datetime_operator.py
[2025-10-15 18:59:06,095] {processor.py:651} INFO - DAG(s) dict_keys(['example_branch_datetime_operator_2']) retrieved from /root/Projects/airflowSpotify/venv/lib/python3.9/site-packages/airflow/example_dags/example_branch_datetime_operator.py
[2025-10-15 18:59:06,166] {logging_mixin.py:115} INFO - [2025-10-15 18:59:06,166] {manager.py:508} INFO - Created Permission View: can edit on DAG:example_branch_datetime_operator_2
[2025-10-15 18:59:06,175] {logging_mixin.py:115} INFO - [2025-10-15 18:59:06,175] {manager.py:508} INFO - Created Permission View: can read on DAG:example_branch_datetime_operator_2
[2025-10-15 18:59:06,183] {logging_mixin.py:115} INFO - [2025-10-15 18:59:06,183] {manager.py:508} INFO - Created Permission View: can delete on DAG:example_branch_datetime_operator_2
[2025-10-15 18:59:06,183] {logging_mixin.py:115} INFO - [2025-10-15 18:59:06,183] {dag.py:2379} INFO - Sync 1 DAGs
[2025-10-15 18:59:06,191] {logging_mixin.py:115} INFO - [2025-10-15 18:59:06,191] {dag.py:2398} INFO - Creating ORM DAG for example_branch_datetime_operator_2
[2025-10-15 18:59:06,201] {logging_mixin.py:115} INFO - [2025-10-15 18:59:06,201] {dag.py:2927} INFO - Setting next_dagrun for example_branch_datetime_operator_2 to 2025-10-14T00:00:00+00:00, run_after=2025-10-15T00:00:00+00:00
[2025-10-15 18:59:06,215] {processor.py:161} INFO - Processing /root/Projects/airflowSpotify/venv/lib/python3.9/site-packages/airflow/example_dags/example_branch_datetime_operator.py took 0.137 seconds
[2025-10-15 19:00:19,308] {processor.py:153} INFO - Started process (PID=31722) to work on /root/Projects/airflowSpotify/venv/lib/python3.9/site-packages/airflow/example_dags/example_branch_datetime_operator.py
[2025-10-15 19:00:19,309] {processor.py:641} INFO - Processing file /root/Projects/airflowSpotify/venv/lib/python3.9/site-packages/airflow/example_dags/example_branch_datetime_operator.py for tasks to queue
[2025-10-15 19:00:19,310] {logging_mixin.py:115} INFO - [2025-10-15 19:00:19,309] {dagbag.py:507} INFO - Filling up the DagBag from /root/Projects/airflowSpotify/venv/lib/python3.9/site-packages/airflow/example_dags/example_branch_datetime_operator.py
[2025-10-15 19:00:19,328] {processor.py:651} INFO - DAG(s) dict_keys(['example_branch_datetime_operator_2']) retrieved from /root/Projects/airflowSpotify/venv/lib/python3.9/site-packages/airflow/example_dags/example_branch_datetime_operator.py
[2025-10-15 19:00:19,366] {logging_mixin.py:115} INFO - [2025-10-15 19:00:19,366] {dag.py:2379} INFO - Sync 1 DAGs
[2025-10-15 19:00:19,398] {logging_mixin.py:115} INFO - [2025-10-15 19:00:19,398] {dag.py:2927} INFO - Setting next_dagrun for example_branch_datetime_operator_2 to 2025-10-14T00:00:00+00:00, run_after=2025-10-15T00:00:00+00:00
[2025-10-15 19:00:19,415] {processor.py:161} INFO - Processing /root/Projects/airflowSpotify/venv/lib/python3.9/site-packages/airflow/example_dags/example_branch_datetime_operator.py took 0.120 seconds
[2025-10-15 19:00:55,315] {processor.py:153} INFO - Started process (PID=31935) to work on /root/Projects/airflowSpotify/venv/lib/python3.9/site-packages/airflow/example_dags/example_branch_datetime_operator.py
[2025-10-15 19:00:55,316] {processor.py:641} INFO - Processing file /root/Projects/airflowSpotify/venv/lib/python3.9/site-packages/airflow/example_dags/example_branch_datetime_operator.py for tasks to queue
[2025-10-15 19:00:55,321] {logging_mixin.py:115} INFO - [2025-10-15 19:00:55,321] {dagbag.py:507} INFO - Filling up the DagBag from /root/Projects/airflowSpotify/venv/lib/python3.9/site-packages/airflow/example_dags/example_branch_datetime_operator.py
[2025-10-15 19:00:55,380] {processor.py:651} INFO - DAG(s) dict_keys(['example_branch_datetime_operator_2']) retrieved from /root/Projects/airflowSpotify/venv/lib/python3.9/site-packages/airflow/example_dags/example_branch_datetime_operator.py
[2025-10-15 19:00:55,432] {logging_mixin.py:115} INFO - [2025-10-15 19:00:55,431] {dag.py:2379} INFO - Sync 1 DAGs
[2025-10-15 19:00:55,482] {logging_mixin.py:115} INFO - [2025-10-15 19:00:55,482] {dag.py:2927} INFO - Setting next_dagrun for example_branch_datetime_operator_2 to 2025-10-14T00:00:00+00:00, run_after=2025-10-15T00:00:00+00:00
[2025-10-15 19:00:55,520] {processor.py:161} INFO - Processing /root/Projects/airflowSpotify/venv/lib/python3.9/site-packages/airflow/example_dags/example_branch_datetime_operator.py took 0.217 seconds
[2025-10-15 19:01:34,077] {processor.py:153} INFO - Started process (PID=32103) to work on /root/Projects/airflowSpotify/venv/lib/python3.9/site-packages/airflow/example_dags/example_branch_datetime_operator.py
[2025-10-15 19:01:34,077] {processor.py:641} INFO - Processing file /root/Projects/airflowSpotify/venv/lib/python3.9/site-packages/airflow/example_dags/example_branch_datetime_operator.py for tasks to queue
[2025-10-15 19:01:34,078] {logging_mixin.py:115} INFO - [2025-10-15 19:01:34,078] {dagbag.py:507} INFO - Filling up the DagBag from /root/Projects/airflowSpotify/venv/lib/python3.9/site-packages/airflow/example_dags/example_branch_datetime_operator.py
[2025-10-15 19:01:34,088] {processor.py:651} INFO - DAG(s) dict_keys(['example_branch_datetime_operator_2']) retrieved from /root/Projects/airflowSpotify/venv/lib/python3.9/site-packages/airflow/example_dags/example_branch_datetime_operator.py
[2025-10-15 19:01:34,107] {logging_mixin.py:115} INFO - [2025-10-15 19:01:34,107] {dag.py:2379} INFO - Sync 1 DAGs
[2025-10-15 19:01:34,127] {logging_mixin.py:115} INFO - [2025-10-15 19:01:34,127] {dag.py:2927} INFO - Setting next_dagrun for example_branch_datetime_operator_2 to 2025-10-14T00:00:00+00:00, run_after=2025-10-15T00:00:00+00:00
[2025-10-15 19:01:34,138] {processor.py:161} INFO - Processing /root/Projects/airflowSpotify/venv/lib/python3.9/site-packages/airflow/example_dags/example_branch_datetime_operator.py took 0.066 seconds
