[2025-10-15 17:21:54,284] {processor.py:153} INFO - Started process (PID=22705) to work on /root/Projects/airflowSpotify/venv/lib/python3.8/site-packages/airflow/example_dags/example_nested_branch_dag.py
[2025-10-15 17:21:54,285] {processor.py:641} INFO - Processing file /root/Projects/airflowSpotify/venv/lib/python3.8/site-packages/airflow/example_dags/example_nested_branch_dag.py for tasks to queue
[2025-10-15 17:21:54,286] {logging_mixin.py:115} INFO - [2025-10-15 17:21:54,286] {dagbag.py:507} INFO - Filling up the DagBag from /root/Projects/airflowSpotify/venv/lib/python3.8/site-packages/airflow/example_dags/example_nested_branch_dag.py
[2025-10-15 17:21:54,302] {processor.py:651} INFO - DAG(s) dict_keys(['example_nested_branch_dag']) retrieved from /root/Projects/airflowSpotify/venv/lib/python3.8/site-packages/airflow/example_dags/example_nested_branch_dag.py
[2025-10-15 17:21:54,394] {logging_mixin.py:115} INFO - [2025-10-15 17:21:54,394] {manager.py:508} INFO - Created Permission View: can delete on DAG:example_nested_branch_dag
[2025-10-15 17:21:54,405] {logging_mixin.py:115} INFO - [2025-10-15 17:21:54,405] {manager.py:508} INFO - Created Permission View: can read on DAG:example_nested_branch_dag
[2025-10-15 17:21:54,416] {logging_mixin.py:115} INFO - [2025-10-15 17:21:54,416] {manager.py:508} INFO - Created Permission View: can edit on DAG:example_nested_branch_dag
[2025-10-15 17:21:54,416] {logging_mixin.py:115} INFO - [2025-10-15 17:21:54,416] {dag.py:2379} INFO - Sync 1 DAGs
[2025-10-15 17:21:54,427] {logging_mixin.py:115} INFO - [2025-10-15 17:21:54,427] {dag.py:2398} INFO - Creating ORM DAG for example_nested_branch_dag
[2025-10-15 17:21:54,440] {logging_mixin.py:115} INFO - [2025-10-15 17:21:54,440] {dag.py:2927} INFO - Setting next_dagrun for example_nested_branch_dag to 2025-10-14T00:00:00+00:00, run_after=2025-10-15T00:00:00+00:00
[2025-10-15 17:21:54,458] {processor.py:161} INFO - Processing /root/Projects/airflowSpotify/venv/lib/python3.8/site-packages/airflow/example_dags/example_nested_branch_dag.py took 0.179 seconds
[2025-10-15 17:32:41,739] {processor.py:153} INFO - Started process (PID=23773) to work on /root/Projects/airflowSpotify/venv/lib/python3.8/site-packages/airflow/example_dags/example_nested_branch_dag.py
[2025-10-15 17:32:41,740] {processor.py:641} INFO - Processing file /root/Projects/airflowSpotify/venv/lib/python3.8/site-packages/airflow/example_dags/example_nested_branch_dag.py for tasks to queue
[2025-10-15 17:32:41,741] {logging_mixin.py:115} INFO - [2025-10-15 17:32:41,741] {dagbag.py:507} INFO - Filling up the DagBag from /root/Projects/airflowSpotify/venv/lib/python3.8/site-packages/airflow/example_dags/example_nested_branch_dag.py
[2025-10-15 17:32:41,754] {processor.py:651} INFO - DAG(s) dict_keys(['example_nested_branch_dag']) retrieved from /root/Projects/airflowSpotify/venv/lib/python3.8/site-packages/airflow/example_dags/example_nested_branch_dag.py
[2025-10-15 17:32:41,775] {logging_mixin.py:115} INFO - [2025-10-15 17:32:41,775] {dag.py:2379} INFO - Sync 1 DAGs
[2025-10-15 17:32:41,799] {logging_mixin.py:115} INFO - [2025-10-15 17:32:41,799] {dag.py:2927} INFO - Setting next_dagrun for example_nested_branch_dag to 2025-10-14T00:00:00+00:00, run_after=2025-10-15T00:00:00+00:00
[2025-10-15 17:32:41,811] {processor.py:161} INFO - Processing /root/Projects/airflowSpotify/venv/lib/python3.8/site-packages/airflow/example_dags/example_nested_branch_dag.py took 0.077 seconds
[2025-10-15 17:33:15,648] {processor.py:153} INFO - Started process (PID=24083) to work on /root/Projects/airflowSpotify/venv/lib/python3.8/site-packages/airflow/example_dags/example_nested_branch_dag.py
[2025-10-15 17:33:15,649] {processor.py:641} INFO - Processing file /root/Projects/airflowSpotify/venv/lib/python3.8/site-packages/airflow/example_dags/example_nested_branch_dag.py for tasks to queue
[2025-10-15 17:33:15,650] {logging_mixin.py:115} INFO - [2025-10-15 17:33:15,650] {dagbag.py:507} INFO - Filling up the DagBag from /root/Projects/airflowSpotify/venv/lib/python3.8/site-packages/airflow/example_dags/example_nested_branch_dag.py
[2025-10-15 17:33:15,664] {processor.py:651} INFO - DAG(s) dict_keys(['example_nested_branch_dag']) retrieved from /root/Projects/airflowSpotify/venv/lib/python3.8/site-packages/airflow/example_dags/example_nested_branch_dag.py
[2025-10-15 17:33:15,684] {logging_mixin.py:115} INFO - [2025-10-15 17:33:15,684] {dag.py:2379} INFO - Sync 1 DAGs
[2025-10-15 17:33:15,706] {logging_mixin.py:115} INFO - [2025-10-15 17:33:15,706] {dag.py:2927} INFO - Setting next_dagrun for example_nested_branch_dag to 2025-10-14T00:00:00+00:00, run_after=2025-10-15T00:00:00+00:00
[2025-10-15 17:33:15,717] {processor.py:161} INFO - Processing /root/Projects/airflowSpotify/venv/lib/python3.8/site-packages/airflow/example_dags/example_nested_branch_dag.py took 0.074 seconds
[2025-10-15 17:33:48,903] {processor.py:153} INFO - Started process (PID=24141) to work on /root/Projects/airflowSpotify/venv/lib/python3.8/site-packages/airflow/example_dags/example_nested_branch_dag.py
[2025-10-15 17:33:48,903] {processor.py:641} INFO - Processing file /root/Projects/airflowSpotify/venv/lib/python3.8/site-packages/airflow/example_dags/example_nested_branch_dag.py for tasks to queue
[2025-10-15 17:33:48,904] {logging_mixin.py:115} INFO - [2025-10-15 17:33:48,904] {dagbag.py:507} INFO - Filling up the DagBag from /root/Projects/airflowSpotify/venv/lib/python3.8/site-packages/airflow/example_dags/example_nested_branch_dag.py
[2025-10-15 17:33:48,917] {processor.py:651} INFO - DAG(s) dict_keys(['example_nested_branch_dag']) retrieved from /root/Projects/airflowSpotify/venv/lib/python3.8/site-packages/airflow/example_dags/example_nested_branch_dag.py
[2025-10-15 17:33:48,941] {logging_mixin.py:115} INFO - [2025-10-15 17:33:48,941] {dag.py:2379} INFO - Sync 1 DAGs
[2025-10-15 17:33:48,962] {logging_mixin.py:115} INFO - [2025-10-15 17:33:48,962] {dag.py:2927} INFO - Setting next_dagrun for example_nested_branch_dag to 2025-10-14T00:00:00+00:00, run_after=2025-10-15T00:00:00+00:00
[2025-10-15 17:33:48,973] {processor.py:161} INFO - Processing /root/Projects/airflowSpotify/venv/lib/python3.8/site-packages/airflow/example_dags/example_nested_branch_dag.py took 0.075 seconds
[2025-10-15 17:34:23,231] {processor.py:153} INFO - Started process (PID=24202) to work on /root/Projects/airflowSpotify/venv/lib/python3.8/site-packages/airflow/example_dags/example_nested_branch_dag.py
[2025-10-15 17:34:23,232] {processor.py:641} INFO - Processing file /root/Projects/airflowSpotify/venv/lib/python3.8/site-packages/airflow/example_dags/example_nested_branch_dag.py for tasks to queue
[2025-10-15 17:34:23,233] {logging_mixin.py:115} INFO - [2025-10-15 17:34:23,232] {dagbag.py:507} INFO - Filling up the DagBag from /root/Projects/airflowSpotify/venv/lib/python3.8/site-packages/airflow/example_dags/example_nested_branch_dag.py
[2025-10-15 17:34:23,245] {processor.py:651} INFO - DAG(s) dict_keys(['example_nested_branch_dag']) retrieved from /root/Projects/airflowSpotify/venv/lib/python3.8/site-packages/airflow/example_dags/example_nested_branch_dag.py
[2025-10-15 17:34:23,264] {logging_mixin.py:115} INFO - [2025-10-15 17:34:23,264] {dag.py:2379} INFO - Sync 1 DAGs
[2025-10-15 17:34:23,285] {logging_mixin.py:115} INFO - [2025-10-15 17:34:23,285] {dag.py:2927} INFO - Setting next_dagrun for example_nested_branch_dag to 2025-10-14T00:00:00+00:00, run_after=2025-10-15T00:00:00+00:00
[2025-10-15 17:34:23,295] {processor.py:161} INFO - Processing /root/Projects/airflowSpotify/venv/lib/python3.8/site-packages/airflow/example_dags/example_nested_branch_dag.py took 0.069 seconds
[2025-10-15 18:58:51,878] {processor.py:153} INFO - Started process (PID=31269) to work on /root/Projects/airflowSpotify/venv/lib/python3.9/site-packages/airflow/example_dags/example_nested_branch_dag.py
[2025-10-15 18:58:51,879] {processor.py:641} INFO - Processing file /root/Projects/airflowSpotify/venv/lib/python3.9/site-packages/airflow/example_dags/example_nested_branch_dag.py for tasks to queue
[2025-10-15 18:58:51,879] {logging_mixin.py:115} INFO - [2025-10-15 18:58:51,879] {dagbag.py:507} INFO - Filling up the DagBag from /root/Projects/airflowSpotify/venv/lib/python3.9/site-packages/airflow/example_dags/example_nested_branch_dag.py
[2025-10-15 18:58:51,892] {processor.py:651} INFO - DAG(s) dict_keys(['example_nested_branch_dag']) retrieved from /root/Projects/airflowSpotify/venv/lib/python3.9/site-packages/airflow/example_dags/example_nested_branch_dag.py
[2025-10-15 18:58:51,956] {logging_mixin.py:115} INFO - [2025-10-15 18:58:51,956] {manager.py:508} INFO - Created Permission View: can edit on DAG:example_nested_branch_dag
[2025-10-15 18:58:51,964] {logging_mixin.py:115} INFO - [2025-10-15 18:58:51,964] {manager.py:508} INFO - Created Permission View: can read on DAG:example_nested_branch_dag
[2025-10-15 18:58:51,970] {logging_mixin.py:115} INFO - [2025-10-15 18:58:51,970] {manager.py:508} INFO - Created Permission View: can delete on DAG:example_nested_branch_dag
[2025-10-15 18:58:51,971] {logging_mixin.py:115} INFO - [2025-10-15 18:58:51,971] {dag.py:2379} INFO - Sync 1 DAGs
[2025-10-15 18:58:51,978] {logging_mixin.py:115} INFO - [2025-10-15 18:58:51,978] {dag.py:2398} INFO - Creating ORM DAG for example_nested_branch_dag
[2025-10-15 18:58:51,987] {logging_mixin.py:115} INFO - [2025-10-15 18:58:51,987] {dag.py:2927} INFO - Setting next_dagrun for example_nested_branch_dag to 2025-10-14T00:00:00+00:00, run_after=2025-10-15T00:00:00+00:00
[2025-10-15 18:58:51,999] {processor.py:161} INFO - Processing /root/Projects/airflowSpotify/venv/lib/python3.9/site-packages/airflow/example_dags/example_nested_branch_dag.py took 0.124 seconds
[2025-10-15 18:59:25,433] {processor.py:153} INFO - Started process (PID=31327) to work on /root/Projects/airflowSpotify/venv/lib/python3.9/site-packages/airflow/example_dags/example_nested_branch_dag.py
[2025-10-15 18:59:25,433] {processor.py:641} INFO - Processing file /root/Projects/airflowSpotify/venv/lib/python3.9/site-packages/airflow/example_dags/example_nested_branch_dag.py for tasks to queue
[2025-10-15 18:59:25,434] {logging_mixin.py:115} INFO - [2025-10-15 18:59:25,434] {dagbag.py:507} INFO - Filling up the DagBag from /root/Projects/airflowSpotify/venv/lib/python3.9/site-packages/airflow/example_dags/example_nested_branch_dag.py
[2025-10-15 18:59:25,447] {processor.py:651} INFO - DAG(s) dict_keys(['example_nested_branch_dag']) retrieved from /root/Projects/airflowSpotify/venv/lib/python3.9/site-packages/airflow/example_dags/example_nested_branch_dag.py
[2025-10-15 18:59:25,466] {logging_mixin.py:115} INFO - [2025-10-15 18:59:25,466] {dag.py:2379} INFO - Sync 1 DAGs
[2025-10-15 18:59:25,487] {logging_mixin.py:115} INFO - [2025-10-15 18:59:25,486] {dag.py:2927} INFO - Setting next_dagrun for example_nested_branch_dag to 2025-10-14T00:00:00+00:00, run_after=2025-10-15T00:00:00+00:00
[2025-10-15 18:59:25,497] {processor.py:161} INFO - Processing /root/Projects/airflowSpotify/venv/lib/python3.9/site-packages/airflow/example_dags/example_nested_branch_dag.py took 0.069 seconds
[2025-10-15 19:00:05,844] {processor.py:153} INFO - Started process (PID=31698) to work on /root/Projects/airflowSpotify/venv/lib/python3.9/site-packages/airflow/example_dags/example_nested_branch_dag.py
[2025-10-15 19:00:05,845] {processor.py:641} INFO - Processing file /root/Projects/airflowSpotify/venv/lib/python3.9/site-packages/airflow/example_dags/example_nested_branch_dag.py for tasks to queue
[2025-10-15 19:00:05,846] {logging_mixin.py:115} INFO - [2025-10-15 19:00:05,845] {dagbag.py:507} INFO - Filling up the DagBag from /root/Projects/airflowSpotify/venv/lib/python3.9/site-packages/airflow/example_dags/example_nested_branch_dag.py
[2025-10-15 19:00:05,860] {processor.py:651} INFO - DAG(s) dict_keys(['example_nested_branch_dag']) retrieved from /root/Projects/airflowSpotify/venv/lib/python3.9/site-packages/airflow/example_dags/example_nested_branch_dag.py
[2025-10-15 19:00:05,918] {logging_mixin.py:115} INFO - [2025-10-15 19:00:05,918] {dag.py:2379} INFO - Sync 1 DAGs
[2025-10-15 19:00:05,950] {logging_mixin.py:115} INFO - [2025-10-15 19:00:05,950] {dag.py:2927} INFO - Setting next_dagrun for example_nested_branch_dag to 2025-10-14T00:00:00+00:00, run_after=2025-10-15T00:00:00+00:00
[2025-10-15 19:00:06,010] {processor.py:161} INFO - Processing /root/Projects/airflowSpotify/venv/lib/python3.9/site-packages/airflow/example_dags/example_nested_branch_dag.py took 0.170 seconds
[2025-10-15 19:00:41,457] {processor.py:153} INFO - Started process (PID=31782) to work on /root/Projects/airflowSpotify/venv/lib/python3.9/site-packages/airflow/example_dags/example_nested_branch_dag.py
[2025-10-15 19:00:41,458] {processor.py:641} INFO - Processing file /root/Projects/airflowSpotify/venv/lib/python3.9/site-packages/airflow/example_dags/example_nested_branch_dag.py for tasks to queue
[2025-10-15 19:00:41,459] {logging_mixin.py:115} INFO - [2025-10-15 19:00:41,458] {dagbag.py:507} INFO - Filling up the DagBag from /root/Projects/airflowSpotify/venv/lib/python3.9/site-packages/airflow/example_dags/example_nested_branch_dag.py
[2025-10-15 19:00:41,476] {processor.py:651} INFO - DAG(s) dict_keys(['example_nested_branch_dag']) retrieved from /root/Projects/airflowSpotify/venv/lib/python3.9/site-packages/airflow/example_dags/example_nested_branch_dag.py
[2025-10-15 19:00:41,506] {logging_mixin.py:115} INFO - [2025-10-15 19:00:41,506] {dag.py:2379} INFO - Sync 1 DAGs
[2025-10-15 19:00:41,546] {logging_mixin.py:115} INFO - [2025-10-15 19:00:41,546] {dag.py:2927} INFO - Setting next_dagrun for example_nested_branch_dag to 2025-10-14T00:00:00+00:00, run_after=2025-10-15T00:00:00+00:00
[2025-10-15 19:00:41,573] {processor.py:161} INFO - Processing /root/Projects/airflowSpotify/venv/lib/python3.9/site-packages/airflow/example_dags/example_nested_branch_dag.py took 0.121 seconds
[2025-10-15 19:01:16,648] {processor.py:153} INFO - Started process (PID=32074) to work on /root/Projects/airflowSpotify/venv/lib/python3.9/site-packages/airflow/example_dags/example_nested_branch_dag.py
[2025-10-15 19:01:16,649] {processor.py:641} INFO - Processing file /root/Projects/airflowSpotify/venv/lib/python3.9/site-packages/airflow/example_dags/example_nested_branch_dag.py for tasks to queue
[2025-10-15 19:01:16,650] {logging_mixin.py:115} INFO - [2025-10-15 19:01:16,649] {dagbag.py:507} INFO - Filling up the DagBag from /root/Projects/airflowSpotify/venv/lib/python3.9/site-packages/airflow/example_dags/example_nested_branch_dag.py
[2025-10-15 19:01:16,666] {processor.py:651} INFO - DAG(s) dict_keys(['example_nested_branch_dag']) retrieved from /root/Projects/airflowSpotify/venv/lib/python3.9/site-packages/airflow/example_dags/example_nested_branch_dag.py
[2025-10-15 19:01:16,690] {logging_mixin.py:115} INFO - [2025-10-15 19:01:16,690] {dag.py:2379} INFO - Sync 1 DAGs
[2025-10-15 19:01:16,716] {logging_mixin.py:115} INFO - [2025-10-15 19:01:16,716] {dag.py:2927} INFO - Setting next_dagrun for example_nested_branch_dag to 2025-10-14T00:00:00+00:00, run_after=2025-10-15T00:00:00+00:00
[2025-10-15 19:01:16,733] {processor.py:161} INFO - Processing /root/Projects/airflowSpotify/venv/lib/python3.9/site-packages/airflow/example_dags/example_nested_branch_dag.py took 0.090 seconds
[2025-10-15 19:01:50,288] {processor.py:153} INFO - Started process (PID=32132) to work on /root/Projects/airflowSpotify/venv/lib/python3.9/site-packages/airflow/example_dags/example_nested_branch_dag.py
[2025-10-15 19:01:50,288] {processor.py:641} INFO - Processing file /root/Projects/airflowSpotify/venv/lib/python3.9/site-packages/airflow/example_dags/example_nested_branch_dag.py for tasks to queue
[2025-10-15 19:01:50,289] {logging_mixin.py:115} INFO - [2025-10-15 19:01:50,289] {dagbag.py:507} INFO - Filling up the DagBag from /root/Projects/airflowSpotify/venv/lib/python3.9/site-packages/airflow/example_dags/example_nested_branch_dag.py
[2025-10-15 19:01:50,301] {processor.py:651} INFO - DAG(s) dict_keys(['example_nested_branch_dag']) retrieved from /root/Projects/airflowSpotify/venv/lib/python3.9/site-packages/airflow/example_dags/example_nested_branch_dag.py
[2025-10-15 19:01:50,321] {logging_mixin.py:115} INFO - [2025-10-15 19:01:50,321] {dag.py:2379} INFO - Sync 1 DAGs
[2025-10-15 19:01:50,341] {logging_mixin.py:115} INFO - [2025-10-15 19:01:50,341] {dag.py:2927} INFO - Setting next_dagrun for example_nested_branch_dag to 2025-10-14T00:00:00+00:00, run_after=2025-10-15T00:00:00+00:00
[2025-10-15 19:01:50,352] {processor.py:161} INFO - Processing /root/Projects/airflowSpotify/venv/lib/python3.9/site-packages/airflow/example_dags/example_nested_branch_dag.py took 0.069 seconds
