[2025-10-15 17:21:49,000] {processor.py:153} INFO - Started process (PID=22696) to work on /root/Projects/airflowSpotify/venv/lib/python3.8/site-packages/airflow/example_dags/example_sla_dag.py
[2025-10-15 17:21:49,001] {processor.py:641} INFO - Processing file /root/Projects/airflowSpotify/venv/lib/python3.8/site-packages/airflow/example_dags/example_sla_dag.py for tasks to queue
[2025-10-15 17:21:49,002] {logging_mixin.py:115} INFO - [2025-10-15 17:21:49,002] {dagbag.py:507} INFO - Filling up the DagBag from /root/Projects/airflowSpotify/venv/lib/python3.8/site-packages/airflow/example_dags/example_sla_dag.py
[2025-10-15 17:21:49,039] {processor.py:651} INFO - DAG(s) dict_keys(['example_sla_dag']) retrieved from /root/Projects/airflowSpotify/venv/lib/python3.8/site-packages/airflow/example_dags/example_sla_dag.py
[2025-10-15 17:21:49,108] {logging_mixin.py:115} INFO - [2025-10-15 17:21:49,108] {manager.py:508} INFO - Created Permission View: can delete on DAG:example_sla_dag
[2025-10-15 17:21:49,115] {logging_mixin.py:115} INFO - [2025-10-15 17:21:49,115] {manager.py:508} INFO - Created Permission View: can read on DAG:example_sla_dag
[2025-10-15 17:21:49,122] {logging_mixin.py:115} INFO - [2025-10-15 17:21:49,121] {manager.py:508} INFO - Created Permission View: can edit on DAG:example_sla_dag
[2025-10-15 17:21:49,122] {logging_mixin.py:115} INFO - [2025-10-15 17:21:49,122] {dag.py:2379} INFO - Sync 1 DAGs
[2025-10-15 17:21:49,129] {logging_mixin.py:115} INFO - [2025-10-15 17:21:49,129] {dag.py:2398} INFO - Creating ORM DAG for example_sla_dag
[2025-10-15 17:21:49,139] {logging_mixin.py:115} INFO - [2025-10-15 17:21:49,139] {dag.py:2927} INFO - Setting next_dagrun for example_sla_dag to 2025-10-15T20:18:00+00:00, run_after=2025-10-15T20:20:00+00:00
[2025-10-15 17:21:49,149] {processor.py:161} INFO - Processing /root/Projects/airflowSpotify/venv/lib/python3.8/site-packages/airflow/example_dags/example_sla_dag.py took 0.157 seconds
[2025-10-15 17:32:36,755] {processor.py:153} INFO - Started process (PID=23712) to work on /root/Projects/airflowSpotify/venv/lib/python3.8/site-packages/airflow/example_dags/example_sla_dag.py
[2025-10-15 17:32:36,756] {processor.py:641} INFO - Processing file /root/Projects/airflowSpotify/venv/lib/python3.8/site-packages/airflow/example_dags/example_sla_dag.py for tasks to queue
[2025-10-15 17:32:36,758] {logging_mixin.py:115} INFO - [2025-10-15 17:32:36,757] {dagbag.py:507} INFO - Filling up the DagBag from /root/Projects/airflowSpotify/venv/lib/python3.8/site-packages/airflow/example_dags/example_sla_dag.py
[2025-10-15 17:32:36,790] {processor.py:651} INFO - DAG(s) dict_keys(['example_sla_dag']) retrieved from /root/Projects/airflowSpotify/venv/lib/python3.8/site-packages/airflow/example_dags/example_sla_dag.py
[2025-10-15 17:32:36,824] {logging_mixin.py:115} INFO - [2025-10-15 17:32:36,822] {dag.py:2379} INFO - Sync 1 DAGs
[2025-10-15 17:32:36,867] {logging_mixin.py:115} INFO - [2025-10-15 17:32:36,867] {dag.py:2927} INFO - Setting next_dagrun for example_sla_dag to 2025-10-15T20:30:00+00:00, run_after=2025-10-15T20:32:00+00:00
[2025-10-15 17:32:36,884] {processor.py:161} INFO - Processing /root/Projects/airflowSpotify/venv/lib/python3.8/site-packages/airflow/example_dags/example_sla_dag.py took 0.136 seconds
[2025-10-15 17:33:10,528] {processor.py:153} INFO - Started process (PID=24024) to work on /root/Projects/airflowSpotify/venv/lib/python3.8/site-packages/airflow/example_dags/example_sla_dag.py
[2025-10-15 17:33:10,529] {processor.py:641} INFO - Processing file /root/Projects/airflowSpotify/venv/lib/python3.8/site-packages/airflow/example_dags/example_sla_dag.py for tasks to queue
[2025-10-15 17:33:10,530] {logging_mixin.py:115} INFO - [2025-10-15 17:33:10,529] {dagbag.py:507} INFO - Filling up the DagBag from /root/Projects/airflowSpotify/venv/lib/python3.8/site-packages/airflow/example_dags/example_sla_dag.py
[2025-10-15 17:33:10,559] {processor.py:651} INFO - DAG(s) dict_keys(['example_sla_dag']) retrieved from /root/Projects/airflowSpotify/venv/lib/python3.8/site-packages/airflow/example_dags/example_sla_dag.py
[2025-10-15 17:33:10,585] {logging_mixin.py:115} INFO - [2025-10-15 17:33:10,585] {dag.py:2379} INFO - Sync 1 DAGs
[2025-10-15 17:33:10,608] {logging_mixin.py:115} INFO - [2025-10-15 17:33:10,608] {dag.py:2927} INFO - Setting next_dagrun for example_sla_dag to 2025-10-15T20:30:00+00:00, run_after=2025-10-15T20:32:00+00:00
[2025-10-15 17:33:10,621] {processor.py:161} INFO - Processing /root/Projects/airflowSpotify/venv/lib/python3.8/site-packages/airflow/example_dags/example_sla_dag.py took 0.101 seconds
[2025-10-15 17:33:43,927] {processor.py:153} INFO - Started process (PID=24133) to work on /root/Projects/airflowSpotify/venv/lib/python3.8/site-packages/airflow/example_dags/example_sla_dag.py
[2025-10-15 17:33:43,928] {processor.py:641} INFO - Processing file /root/Projects/airflowSpotify/venv/lib/python3.8/site-packages/airflow/example_dags/example_sla_dag.py for tasks to queue
[2025-10-15 17:33:43,928] {logging_mixin.py:115} INFO - [2025-10-15 17:33:43,928] {dagbag.py:507} INFO - Filling up the DagBag from /root/Projects/airflowSpotify/venv/lib/python3.8/site-packages/airflow/example_dags/example_sla_dag.py
[2025-10-15 17:33:43,949] {processor.py:651} INFO - DAG(s) dict_keys(['example_sla_dag']) retrieved from /root/Projects/airflowSpotify/venv/lib/python3.8/site-packages/airflow/example_dags/example_sla_dag.py
[2025-10-15 17:33:43,967] {logging_mixin.py:115} INFO - [2025-10-15 17:33:43,967] {dag.py:2379} INFO - Sync 1 DAGs
[2025-10-15 17:33:43,989] {logging_mixin.py:115} INFO - [2025-10-15 17:33:43,989] {dag.py:2927} INFO - Setting next_dagrun for example_sla_dag to 2025-10-15T20:30:00+00:00, run_after=2025-10-15T20:32:00+00:00
[2025-10-15 17:33:43,999] {processor.py:161} INFO - Processing /root/Projects/airflowSpotify/venv/lib/python3.8/site-packages/airflow/example_dags/example_sla_dag.py took 0.076 seconds
[2025-10-15 17:34:18,950] {processor.py:153} INFO - Started process (PID=24194) to work on /root/Projects/airflowSpotify/venv/lib/python3.8/site-packages/airflow/example_dags/example_sla_dag.py
[2025-10-15 17:34:18,950] {processor.py:641} INFO - Processing file /root/Projects/airflowSpotify/venv/lib/python3.8/site-packages/airflow/example_dags/example_sla_dag.py for tasks to queue
[2025-10-15 17:34:18,951] {logging_mixin.py:115} INFO - [2025-10-15 17:34:18,951] {dagbag.py:507} INFO - Filling up the DagBag from /root/Projects/airflowSpotify/venv/lib/python3.8/site-packages/airflow/example_dags/example_sla_dag.py
[2025-10-15 17:34:18,972] {processor.py:651} INFO - DAG(s) dict_keys(['example_sla_dag']) retrieved from /root/Projects/airflowSpotify/venv/lib/python3.8/site-packages/airflow/example_dags/example_sla_dag.py
[2025-10-15 17:34:18,991] {logging_mixin.py:115} INFO - [2025-10-15 17:34:18,990] {dag.py:2379} INFO - Sync 1 DAGs
[2025-10-15 17:34:19,012] {logging_mixin.py:115} INFO - [2025-10-15 17:34:19,012] {dag.py:2927} INFO - Setting next_dagrun for example_sla_dag to 2025-10-15T20:32:00+00:00, run_after=2025-10-15T20:34:00+00:00
[2025-10-15 17:34:19,024] {processor.py:161} INFO - Processing /root/Projects/airflowSpotify/venv/lib/python3.8/site-packages/airflow/example_dags/example_sla_dag.py took 0.078 seconds
[2025-10-15 18:58:46,521] {processor.py:153} INFO - Started process (PID=31221) to work on /root/Projects/airflowSpotify/venv/lib/python3.9/site-packages/airflow/example_dags/example_sla_dag.py
[2025-10-15 18:58:46,522] {processor.py:641} INFO - Processing file /root/Projects/airflowSpotify/venv/lib/python3.9/site-packages/airflow/example_dags/example_sla_dag.py for tasks to queue
[2025-10-15 18:58:46,522] {logging_mixin.py:115} INFO - [2025-10-15 18:58:46,522] {dagbag.py:507} INFO - Filling up the DagBag from /root/Projects/airflowSpotify/venv/lib/python3.9/site-packages/airflow/example_dags/example_sla_dag.py
[2025-10-15 18:58:46,565] {processor.py:651} INFO - DAG(s) dict_keys(['example_sla_dag']) retrieved from /root/Projects/airflowSpotify/venv/lib/python3.9/site-packages/airflow/example_dags/example_sla_dag.py
[2025-10-15 18:58:46,638] {logging_mixin.py:115} INFO - [2025-10-15 18:58:46,638] {manager.py:508} INFO - Created Permission View: can edit on DAG:example_sla_dag
[2025-10-15 18:58:46,647] {logging_mixin.py:115} INFO - [2025-10-15 18:58:46,647] {manager.py:508} INFO - Created Permission View: can read on DAG:example_sla_dag
[2025-10-15 18:58:46,657] {logging_mixin.py:115} INFO - [2025-10-15 18:58:46,657] {manager.py:508} INFO - Created Permission View: can delete on DAG:example_sla_dag
[2025-10-15 18:58:46,658] {logging_mixin.py:115} INFO - [2025-10-15 18:58:46,658] {dag.py:2379} INFO - Sync 1 DAGs
[2025-10-15 18:58:46,668] {logging_mixin.py:115} INFO - [2025-10-15 18:58:46,667] {dag.py:2398} INFO - Creating ORM DAG for example_sla_dag
[2025-10-15 18:58:46,686] {logging_mixin.py:115} INFO - [2025-10-15 18:58:46,685] {dag.py:2927} INFO - Setting next_dagrun for example_sla_dag to 2025-10-15T21:56:00+00:00, run_after=2025-10-15T21:58:00+00:00
[2025-10-15 18:58:46,718] {processor.py:161} INFO - Processing /root/Projects/airflowSpotify/venv/lib/python3.9/site-packages/airflow/example_dags/example_sla_dag.py took 0.202 seconds
[2025-10-15 18:59:21,415] {processor.py:153} INFO - Started process (PID=31319) to work on /root/Projects/airflowSpotify/venv/lib/python3.9/site-packages/airflow/example_dags/example_sla_dag.py
[2025-10-15 18:59:21,416] {processor.py:641} INFO - Processing file /root/Projects/airflowSpotify/venv/lib/python3.9/site-packages/airflow/example_dags/example_sla_dag.py for tasks to queue
[2025-10-15 18:59:21,416] {logging_mixin.py:115} INFO - [2025-10-15 18:59:21,416] {dagbag.py:507} INFO - Filling up the DagBag from /root/Projects/airflowSpotify/venv/lib/python3.9/site-packages/airflow/example_dags/example_sla_dag.py
[2025-10-15 18:59:21,442] {processor.py:651} INFO - DAG(s) dict_keys(['example_sla_dag']) retrieved from /root/Projects/airflowSpotify/venv/lib/python3.9/site-packages/airflow/example_dags/example_sla_dag.py
[2025-10-15 18:59:21,465] {logging_mixin.py:115} INFO - [2025-10-15 18:59:21,465] {dag.py:2379} INFO - Sync 1 DAGs
[2025-10-15 18:59:21,485] {logging_mixin.py:115} INFO - [2025-10-15 18:59:21,485] {dag.py:2927} INFO - Setting next_dagrun for example_sla_dag to 2025-10-15T21:56:00+00:00, run_after=2025-10-15T21:58:00+00:00
[2025-10-15 18:59:21,497] {processor.py:161} INFO - Processing /root/Projects/airflowSpotify/venv/lib/python3.9/site-packages/airflow/example_dags/example_sla_dag.py took 0.087 seconds
[2025-10-15 19:00:00,822] {processor.py:153} INFO - Started process (PID=31609) to work on /root/Projects/airflowSpotify/venv/lib/python3.9/site-packages/airflow/example_dags/example_sla_dag.py
[2025-10-15 19:00:00,822] {processor.py:641} INFO - Processing file /root/Projects/airflowSpotify/venv/lib/python3.9/site-packages/airflow/example_dags/example_sla_dag.py for tasks to queue
[2025-10-15 19:00:00,823] {logging_mixin.py:115} INFO - [2025-10-15 19:00:00,823] {dagbag.py:507} INFO - Filling up the DagBag from /root/Projects/airflowSpotify/venv/lib/python3.9/site-packages/airflow/example_dags/example_sla_dag.py
[2025-10-15 19:00:00,872] {processor.py:651} INFO - DAG(s) dict_keys(['example_sla_dag']) retrieved from /root/Projects/airflowSpotify/venv/lib/python3.9/site-packages/airflow/example_dags/example_sla_dag.py
[2025-10-15 19:00:00,897] {logging_mixin.py:115} INFO - [2025-10-15 19:00:00,897] {dag.py:2379} INFO - Sync 1 DAGs
[2025-10-15 19:00:00,917] {logging_mixin.py:115} INFO - [2025-10-15 19:00:00,917] {dag.py:2927} INFO - Setting next_dagrun for example_sla_dag to 2025-10-15T21:58:00+00:00, run_after=2025-10-15T22:00:00+00:00
[2025-10-15 19:00:00,929] {processor.py:161} INFO - Processing /root/Projects/airflowSpotify/venv/lib/python3.9/site-packages/airflow/example_dags/example_sla_dag.py took 0.112 seconds
[2025-10-15 19:00:36,018] {processor.py:153} INFO - Started process (PID=31752) to work on /root/Projects/airflowSpotify/venv/lib/python3.9/site-packages/airflow/example_dags/example_sla_dag.py
[2025-10-15 19:00:36,019] {processor.py:641} INFO - Processing file /root/Projects/airflowSpotify/venv/lib/python3.9/site-packages/airflow/example_dags/example_sla_dag.py for tasks to queue
[2025-10-15 19:00:36,021] {logging_mixin.py:115} INFO - [2025-10-15 19:00:36,021] {dagbag.py:507} INFO - Filling up the DagBag from /root/Projects/airflowSpotify/venv/lib/python3.9/site-packages/airflow/example_dags/example_sla_dag.py
[2025-10-15 19:00:36,048] {processor.py:651} INFO - DAG(s) dict_keys(['example_sla_dag']) retrieved from /root/Projects/airflowSpotify/venv/lib/python3.9/site-packages/airflow/example_dags/example_sla_dag.py
[2025-10-15 19:00:36,072] {logging_mixin.py:115} INFO - [2025-10-15 19:00:36,072] {dag.py:2379} INFO - Sync 1 DAGs
[2025-10-15 19:00:36,092] {logging_mixin.py:115} INFO - [2025-10-15 19:00:36,092] {dag.py:2927} INFO - Setting next_dagrun for example_sla_dag to 2025-10-15T21:58:00+00:00, run_after=2025-10-15T22:00:00+00:00
[2025-10-15 19:00:36,103] {processor.py:161} INFO - Processing /root/Projects/airflowSpotify/venv/lib/python3.9/site-packages/airflow/example_dags/example_sla_dag.py took 0.093 seconds
[2025-10-15 19:01:12,089] {processor.py:153} INFO - Started process (PID=32066) to work on /root/Projects/airflowSpotify/venv/lib/python3.9/site-packages/airflow/example_dags/example_sla_dag.py
[2025-10-15 19:01:12,090] {processor.py:641} INFO - Processing file /root/Projects/airflowSpotify/venv/lib/python3.9/site-packages/airflow/example_dags/example_sla_dag.py for tasks to queue
[2025-10-15 19:01:12,090] {logging_mixin.py:115} INFO - [2025-10-15 19:01:12,090] {dagbag.py:507} INFO - Filling up the DagBag from /root/Projects/airflowSpotify/venv/lib/python3.9/site-packages/airflow/example_dags/example_sla_dag.py
[2025-10-15 19:01:12,117] {processor.py:651} INFO - DAG(s) dict_keys(['example_sla_dag']) retrieved from /root/Projects/airflowSpotify/venv/lib/python3.9/site-packages/airflow/example_dags/example_sla_dag.py
[2025-10-15 19:01:12,146] {logging_mixin.py:115} INFO - [2025-10-15 19:01:12,146] {dag.py:2379} INFO - Sync 1 DAGs
[2025-10-15 19:01:12,171] {logging_mixin.py:115} INFO - [2025-10-15 19:01:12,171] {dag.py:2927} INFO - Setting next_dagrun for example_sla_dag to 2025-10-15T21:58:00+00:00, run_after=2025-10-15T22:00:00+00:00
[2025-10-15 19:01:12,187] {processor.py:161} INFO - Processing /root/Projects/airflowSpotify/venv/lib/python3.9/site-packages/airflow/example_dags/example_sla_dag.py took 0.103 seconds
[2025-10-15 19:01:46,287] {processor.py:153} INFO - Started process (PID=32124) to work on /root/Projects/airflowSpotify/venv/lib/python3.9/site-packages/airflow/example_dags/example_sla_dag.py
[2025-10-15 19:01:46,288] {processor.py:641} INFO - Processing file /root/Projects/airflowSpotify/venv/lib/python3.9/site-packages/airflow/example_dags/example_sla_dag.py for tasks to queue
[2025-10-15 19:01:46,288] {logging_mixin.py:115} INFO - [2025-10-15 19:01:46,288] {dagbag.py:507} INFO - Filling up the DagBag from /root/Projects/airflowSpotify/venv/lib/python3.9/site-packages/airflow/example_dags/example_sla_dag.py
[2025-10-15 19:01:46,310] {processor.py:651} INFO - DAG(s) dict_keys(['example_sla_dag']) retrieved from /root/Projects/airflowSpotify/venv/lib/python3.9/site-packages/airflow/example_dags/example_sla_dag.py
[2025-10-15 19:01:46,332] {logging_mixin.py:115} INFO - [2025-10-15 19:01:46,332] {dag.py:2379} INFO - Sync 1 DAGs
[2025-10-15 19:01:46,350] {logging_mixin.py:115} INFO - [2025-10-15 19:01:46,350] {dag.py:2927} INFO - Setting next_dagrun for example_sla_dag to 2025-10-15T21:58:00+00:00, run_after=2025-10-15T22:00:00+00:00
[2025-10-15 19:01:46,362] {processor.py:161} INFO - Processing /root/Projects/airflowSpotify/venv/lib/python3.9/site-packages/airflow/example_dags/example_sla_dag.py took 0.080 seconds
