[2025-10-15 17:21:59,165] {processor.py:153} INFO - Started process (PID=22766) to work on /root/Projects/airflowSpotify/venv/lib/python3.8/site-packages/airflow/example_dags/example_kubernetes_executor.py
[2025-10-15 17:21:59,166] {processor.py:641} INFO - Processing file /root/Projects/airflowSpotify/venv/lib/python3.8/site-packages/airflow/example_dags/example_kubernetes_executor.py for tasks to queue
[2025-10-15 17:21:59,166] {logging_mixin.py:115} INFO - [2025-10-15 17:21:59,166] {dagbag.py:507} INFO - Filling up the DagBag from /root/Projects/airflowSpotify/venv/lib/python3.8/site-packages/airflow/example_dags/example_kubernetes_executor.py
[2025-10-15 17:21:59,184] {logging_mixin.py:115} INFO - [2025-10-15 17:21:59,184] {example_kubernetes_executor.py:39} WARNING - The example_kubernetes_executor example DAG requires the kubernetes provider. Please install it with: pip install apache-airflow[cncf.kubernetes]
[2025-10-15 17:21:59,184] {processor.py:653} WARNING - No viable dags retrieved from /root/Projects/airflowSpotify/venv/lib/python3.8/site-packages/airflow/example_dags/example_kubernetes_executor.py
[2025-10-15 17:21:59,199] {processor.py:161} INFO - Processing /root/Projects/airflowSpotify/venv/lib/python3.8/site-packages/airflow/example_dags/example_kubernetes_executor.py took 0.038 seconds
[2025-10-15 17:32:45,709] {processor.py:153} INFO - Started process (PID=23828) to work on /root/Projects/airflowSpotify/venv/lib/python3.8/site-packages/airflow/example_dags/example_kubernetes_executor.py
[2025-10-15 17:32:45,710] {processor.py:641} INFO - Processing file /root/Projects/airflowSpotify/venv/lib/python3.8/site-packages/airflow/example_dags/example_kubernetes_executor.py for tasks to queue
[2025-10-15 17:32:45,711] {logging_mixin.py:115} INFO - [2025-10-15 17:32:45,710] {dagbag.py:507} INFO - Filling up the DagBag from /root/Projects/airflowSpotify/venv/lib/python3.8/site-packages/airflow/example_dags/example_kubernetes_executor.py
[2025-10-15 17:32:45,739] {logging_mixin.py:115} INFO - [2025-10-15 17:32:45,739] {example_kubernetes_executor.py:39} WARNING - The example_kubernetes_executor example DAG requires the kubernetes provider. Please install it with: pip install apache-airflow[cncf.kubernetes]
[2025-10-15 17:32:45,739] {processor.py:653} WARNING - No viable dags retrieved from /root/Projects/airflowSpotify/venv/lib/python3.8/site-packages/airflow/example_dags/example_kubernetes_executor.py
[2025-10-15 17:32:45,753] {processor.py:161} INFO - Processing /root/Projects/airflowSpotify/venv/lib/python3.8/site-packages/airflow/example_dags/example_kubernetes_executor.py took 0.056 seconds
[2025-10-15 17:33:19,695] {processor.py:153} INFO - Started process (PID=24090) to work on /root/Projects/airflowSpotify/venv/lib/python3.8/site-packages/airflow/example_dags/example_kubernetes_executor.py
[2025-10-15 17:33:19,696] {processor.py:641} INFO - Processing file /root/Projects/airflowSpotify/venv/lib/python3.8/site-packages/airflow/example_dags/example_kubernetes_executor.py for tasks to queue
[2025-10-15 17:33:19,697] {logging_mixin.py:115} INFO - [2025-10-15 17:33:19,697] {dagbag.py:507} INFO - Filling up the DagBag from /root/Projects/airflowSpotify/venv/lib/python3.8/site-packages/airflow/example_dags/example_kubernetes_executor.py
[2025-10-15 17:33:19,717] {logging_mixin.py:115} INFO - [2025-10-15 17:33:19,717] {example_kubernetes_executor.py:39} WARNING - The example_kubernetes_executor example DAG requires the kubernetes provider. Please install it with: pip install apache-airflow[cncf.kubernetes]
[2025-10-15 17:33:19,717] {processor.py:653} WARNING - No viable dags retrieved from /root/Projects/airflowSpotify/venv/lib/python3.8/site-packages/airflow/example_dags/example_kubernetes_executor.py
[2025-10-15 17:33:19,733] {processor.py:161} INFO - Processing /root/Projects/airflowSpotify/venv/lib/python3.8/site-packages/airflow/example_dags/example_kubernetes_executor.py took 0.051 seconds
[2025-10-15 17:33:52,793] {processor.py:153} INFO - Started process (PID=24148) to work on /root/Projects/airflowSpotify/venv/lib/python3.8/site-packages/airflow/example_dags/example_kubernetes_executor.py
[2025-10-15 17:33:52,794] {processor.py:641} INFO - Processing file /root/Projects/airflowSpotify/venv/lib/python3.8/site-packages/airflow/example_dags/example_kubernetes_executor.py for tasks to queue
[2025-10-15 17:33:52,795] {logging_mixin.py:115} INFO - [2025-10-15 17:33:52,795] {dagbag.py:507} INFO - Filling up the DagBag from /root/Projects/airflowSpotify/venv/lib/python3.8/site-packages/airflow/example_dags/example_kubernetes_executor.py
[2025-10-15 17:33:52,823] {logging_mixin.py:115} INFO - [2025-10-15 17:33:52,823] {example_kubernetes_executor.py:39} WARNING - The example_kubernetes_executor example DAG requires the kubernetes provider. Please install it with: pip install apache-airflow[cncf.kubernetes]
[2025-10-15 17:33:52,823] {processor.py:653} WARNING - No viable dags retrieved from /root/Projects/airflowSpotify/venv/lib/python3.8/site-packages/airflow/example_dags/example_kubernetes_executor.py
[2025-10-15 17:33:52,837] {processor.py:161} INFO - Processing /root/Projects/airflowSpotify/venv/lib/python3.8/site-packages/airflow/example_dags/example_kubernetes_executor.py took 0.052 seconds
[2025-10-15 17:34:26,863] {processor.py:153} INFO - Started process (PID=24209) to work on /root/Projects/airflowSpotify/venv/lib/python3.8/site-packages/airflow/example_dags/example_kubernetes_executor.py
[2025-10-15 17:34:26,863] {processor.py:641} INFO - Processing file /root/Projects/airflowSpotify/venv/lib/python3.8/site-packages/airflow/example_dags/example_kubernetes_executor.py for tasks to queue
[2025-10-15 17:34:26,864] {logging_mixin.py:115} INFO - [2025-10-15 17:34:26,864] {dagbag.py:507} INFO - Filling up the DagBag from /root/Projects/airflowSpotify/venv/lib/python3.8/site-packages/airflow/example_dags/example_kubernetes_executor.py
[2025-10-15 17:34:26,881] {logging_mixin.py:115} INFO - [2025-10-15 17:34:26,881] {example_kubernetes_executor.py:39} WARNING - The example_kubernetes_executor example DAG requires the kubernetes provider. Please install it with: pip install apache-airflow[cncf.kubernetes]
[2025-10-15 17:34:26,881] {processor.py:653} WARNING - No viable dags retrieved from /root/Projects/airflowSpotify/venv/lib/python3.8/site-packages/airflow/example_dags/example_kubernetes_executor.py
[2025-10-15 17:34:26,895] {processor.py:161} INFO - Processing /root/Projects/airflowSpotify/venv/lib/python3.8/site-packages/airflow/example_dags/example_kubernetes_executor.py took 0.037 seconds
[2025-10-15 18:58:56,740] {processor.py:153} INFO - Started process (PID=31276) to work on /root/Projects/airflowSpotify/venv/lib/python3.9/site-packages/airflow/example_dags/example_kubernetes_executor.py
[2025-10-15 18:58:56,741] {processor.py:641} INFO - Processing file /root/Projects/airflowSpotify/venv/lib/python3.9/site-packages/airflow/example_dags/example_kubernetes_executor.py for tasks to queue
[2025-10-15 18:58:56,742] {logging_mixin.py:115} INFO - [2025-10-15 18:58:56,742] {dagbag.py:507} INFO - Filling up the DagBag from /root/Projects/airflowSpotify/venv/lib/python3.9/site-packages/airflow/example_dags/example_kubernetes_executor.py
[2025-10-15 18:58:56,763] {logging_mixin.py:115} INFO - [2025-10-15 18:58:56,763] {example_kubernetes_executor.py:39} WARNING - The example_kubernetes_executor example DAG requires the kubernetes provider. Please install it with: pip install apache-airflow[cncf.kubernetes]
[2025-10-15 18:58:56,764] {processor.py:653} WARNING - No viable dags retrieved from /root/Projects/airflowSpotify/venv/lib/python3.9/site-packages/airflow/example_dags/example_kubernetes_executor.py
[2025-10-15 18:58:56,782] {processor.py:161} INFO - Processing /root/Projects/airflowSpotify/venv/lib/python3.9/site-packages/airflow/example_dags/example_kubernetes_executor.py took 0.047 seconds
[2025-10-15 19:00:10,039] {processor.py:153} INFO - Started process (PID=31707) to work on /root/Projects/airflowSpotify/venv/lib/python3.9/site-packages/airflow/example_dags/example_kubernetes_executor.py
[2025-10-15 19:00:10,040] {processor.py:641} INFO - Processing file /root/Projects/airflowSpotify/venv/lib/python3.9/site-packages/airflow/example_dags/example_kubernetes_executor.py for tasks to queue
[2025-10-15 19:00:10,040] {logging_mixin.py:115} INFO - [2025-10-15 19:00:10,040] {dagbag.py:507} INFO - Filling up the DagBag from /root/Projects/airflowSpotify/venv/lib/python3.9/site-packages/airflow/example_dags/example_kubernetes_executor.py
[2025-10-15 19:00:10,066] {logging_mixin.py:115} INFO - [2025-10-15 19:00:10,066] {example_kubernetes_executor.py:39} WARNING - The example_kubernetes_executor example DAG requires the kubernetes provider. Please install it with: pip install apache-airflow[cncf.kubernetes]
[2025-10-15 19:00:10,066] {processor.py:653} WARNING - No viable dags retrieved from /root/Projects/airflowSpotify/venv/lib/python3.9/site-packages/airflow/example_dags/example_kubernetes_executor.py
[2025-10-15 19:00:10,083] {processor.py:161} INFO - Processing /root/Projects/airflowSpotify/venv/lib/python3.9/site-packages/airflow/example_dags/example_kubernetes_executor.py took 0.050 seconds
[2025-10-15 19:00:46,359] {processor.py:153} INFO - Started process (PID=31840) to work on /root/Projects/airflowSpotify/venv/lib/python3.9/site-packages/airflow/example_dags/example_kubernetes_executor.py
[2025-10-15 19:00:46,362] {processor.py:641} INFO - Processing file /root/Projects/airflowSpotify/venv/lib/python3.9/site-packages/airflow/example_dags/example_kubernetes_executor.py for tasks to queue
[2025-10-15 19:00:46,362] {logging_mixin.py:115} INFO - [2025-10-15 19:00:46,362] {dagbag.py:507} INFO - Filling up the DagBag from /root/Projects/airflowSpotify/venv/lib/python3.9/site-packages/airflow/example_dags/example_kubernetes_executor.py
[2025-10-15 19:00:46,387] {logging_mixin.py:115} INFO - [2025-10-15 19:00:46,387] {example_kubernetes_executor.py:39} WARNING - The example_kubernetes_executor example DAG requires the kubernetes provider. Please install it with: pip install apache-airflow[cncf.kubernetes]
[2025-10-15 19:00:46,387] {processor.py:653} WARNING - No viable dags retrieved from /root/Projects/airflowSpotify/venv/lib/python3.9/site-packages/airflow/example_dags/example_kubernetes_executor.py
[2025-10-15 19:00:46,403] {processor.py:161} INFO - Processing /root/Projects/airflowSpotify/venv/lib/python3.9/site-packages/airflow/example_dags/example_kubernetes_executor.py took 0.049 seconds
[2025-10-15 19:01:20,342] {processor.py:153} INFO - Started process (PID=32081) to work on /root/Projects/airflowSpotify/venv/lib/python3.9/site-packages/airflow/example_dags/example_kubernetes_executor.py
[2025-10-15 19:01:20,343] {processor.py:641} INFO - Processing file /root/Projects/airflowSpotify/venv/lib/python3.9/site-packages/airflow/example_dags/example_kubernetes_executor.py for tasks to queue
[2025-10-15 19:01:20,343] {logging_mixin.py:115} INFO - [2025-10-15 19:01:20,343] {dagbag.py:507} INFO - Filling up the DagBag from /root/Projects/airflowSpotify/venv/lib/python3.9/site-packages/airflow/example_dags/example_kubernetes_executor.py
[2025-10-15 19:01:20,363] {logging_mixin.py:115} INFO - [2025-10-15 19:01:20,363] {example_kubernetes_executor.py:39} WARNING - The example_kubernetes_executor example DAG requires the kubernetes provider. Please install it with: pip install apache-airflow[cncf.kubernetes]
[2025-10-15 19:01:20,363] {processor.py:653} WARNING - No viable dags retrieved from /root/Projects/airflowSpotify/venv/lib/python3.9/site-packages/airflow/example_dags/example_kubernetes_executor.py
[2025-10-15 19:01:20,378] {processor.py:161} INFO - Processing /root/Projects/airflowSpotify/venv/lib/python3.9/site-packages/airflow/example_dags/example_kubernetes_executor.py took 0.040 seconds
[2025-10-15 19:01:54,960] {processor.py:153} INFO - Started process (PID=32190) to work on /root/Projects/airflowSpotify/venv/lib/python3.9/site-packages/airflow/example_dags/example_kubernetes_executor.py
[2025-10-15 19:01:54,961] {processor.py:641} INFO - Processing file /root/Projects/airflowSpotify/venv/lib/python3.9/site-packages/airflow/example_dags/example_kubernetes_executor.py for tasks to queue
[2025-10-15 19:01:54,961] {logging_mixin.py:115} INFO - [2025-10-15 19:01:54,961] {dagbag.py:507} INFO - Filling up the DagBag from /root/Projects/airflowSpotify/venv/lib/python3.9/site-packages/airflow/example_dags/example_kubernetes_executor.py
[2025-10-15 19:01:54,982] {logging_mixin.py:115} INFO - [2025-10-15 19:01:54,982] {example_kubernetes_executor.py:39} WARNING - The example_kubernetes_executor example DAG requires the kubernetes provider. Please install it with: pip install apache-airflow[cncf.kubernetes]
[2025-10-15 19:01:54,982] {processor.py:653} WARNING - No viable dags retrieved from /root/Projects/airflowSpotify/venv/lib/python3.9/site-packages/airflow/example_dags/example_kubernetes_executor.py
[2025-10-15 19:01:55,001] {processor.py:161} INFO - Processing /root/Projects/airflowSpotify/venv/lib/python3.9/site-packages/airflow/example_dags/example_kubernetes_executor.py took 0.045 seconds
