[2025-10-15 17:22:02,042] {processor.py:153} INFO - Started process (PID=22820) to work on /root/Projects/airflowSpotify/venv/lib/python3.8/site-packages/airflow/example_dags/example_complex.py
[2025-10-15 17:22:02,043] {processor.py:641} INFO - Processing file /root/Projects/airflowSpotify/venv/lib/python3.8/site-packages/airflow/example_dags/example_complex.py for tasks to queue
[2025-10-15 17:22:02,044] {logging_mixin.py:115} INFO - [2025-10-15 17:22:02,044] {dagbag.py:507} INFO - Filling up the DagBag from /root/Projects/airflowSpotify/venv/lib/python3.8/site-packages/airflow/example_dags/example_complex.py
[2025-10-15 17:22:02,058] {processor.py:651} INFO - DAG(s) dict_keys(['example_complex']) retrieved from /root/Projects/airflowSpotify/venv/lib/python3.8/site-packages/airflow/example_dags/example_complex.py
[2025-10-15 17:22:02,130] {logging_mixin.py:115} INFO - [2025-10-15 17:22:02,130] {manager.py:508} INFO - Created Permission View: can delete on DAG:example_complex
[2025-10-15 17:22:02,138] {logging_mixin.py:115} INFO - [2025-10-15 17:22:02,138] {manager.py:508} INFO - Created Permission View: can read on DAG:example_complex
[2025-10-15 17:22:02,147] {logging_mixin.py:115} INFO - [2025-10-15 17:22:02,146] {manager.py:508} INFO - Created Permission View: can edit on DAG:example_complex
[2025-10-15 17:22:02,147] {logging_mixin.py:115} INFO - [2025-10-15 17:22:02,147] {dag.py:2379} INFO - Sync 1 DAGs
[2025-10-15 17:22:02,155] {logging_mixin.py:115} INFO - [2025-10-15 17:22:02,154] {dag.py:2398} INFO - Creating ORM DAG for example_complex
[2025-10-15 17:22:02,163] {logging_mixin.py:115} INFO - [2025-10-15 17:22:02,163] {dag.py:2927} INFO - Setting next_dagrun for example_complex to None, run_after=None
[2025-10-15 17:22:02,177] {processor.py:161} INFO - Processing /root/Projects/airflowSpotify/venv/lib/python3.8/site-packages/airflow/example_dags/example_complex.py took 0.139 seconds
[2025-10-15 17:32:48,654] {processor.py:153} INFO - Started process (PID=23885) to work on /root/Projects/airflowSpotify/venv/lib/python3.8/site-packages/airflow/example_dags/example_complex.py
[2025-10-15 17:32:48,654] {processor.py:641} INFO - Processing file /root/Projects/airflowSpotify/venv/lib/python3.8/site-packages/airflow/example_dags/example_complex.py for tasks to queue
[2025-10-15 17:32:48,655] {logging_mixin.py:115} INFO - [2025-10-15 17:32:48,655] {dagbag.py:507} INFO - Filling up the DagBag from /root/Projects/airflowSpotify/venv/lib/python3.8/site-packages/airflow/example_dags/example_complex.py
[2025-10-15 17:32:48,669] {processor.py:651} INFO - DAG(s) dict_keys(['example_complex']) retrieved from /root/Projects/airflowSpotify/venv/lib/python3.8/site-packages/airflow/example_dags/example_complex.py
[2025-10-15 17:32:48,691] {logging_mixin.py:115} INFO - [2025-10-15 17:32:48,691] {dag.py:2379} INFO - Sync 1 DAGs
[2025-10-15 17:32:48,709] {logging_mixin.py:115} INFO - [2025-10-15 17:32:48,709] {dag.py:2927} INFO - Setting next_dagrun for example_complex to None, run_after=None
[2025-10-15 17:32:48,719] {processor.py:161} INFO - Processing /root/Projects/airflowSpotify/venv/lib/python3.8/site-packages/airflow/example_dags/example_complex.py took 0.070 seconds
[2025-10-15 17:33:22,395] {processor.py:153} INFO - Started process (PID=24096) to work on /root/Projects/airflowSpotify/venv/lib/python3.8/site-packages/airflow/example_dags/example_complex.py
[2025-10-15 17:33:22,396] {processor.py:641} INFO - Processing file /root/Projects/airflowSpotify/venv/lib/python3.8/site-packages/airflow/example_dags/example_complex.py for tasks to queue
[2025-10-15 17:33:22,396] {logging_mixin.py:115} INFO - [2025-10-15 17:33:22,396] {dagbag.py:507} INFO - Filling up the DagBag from /root/Projects/airflowSpotify/venv/lib/python3.8/site-packages/airflow/example_dags/example_complex.py
[2025-10-15 17:33:22,408] {processor.py:651} INFO - DAG(s) dict_keys(['example_complex']) retrieved from /root/Projects/airflowSpotify/venv/lib/python3.8/site-packages/airflow/example_dags/example_complex.py
[2025-10-15 17:33:22,429] {logging_mixin.py:115} INFO - [2025-10-15 17:33:22,429] {dag.py:2379} INFO - Sync 1 DAGs
[2025-10-15 17:33:22,448] {logging_mixin.py:115} INFO - [2025-10-15 17:33:22,448] {dag.py:2927} INFO - Setting next_dagrun for example_complex to None, run_after=None
[2025-10-15 17:33:22,459] {processor.py:161} INFO - Processing /root/Projects/airflowSpotify/venv/lib/python3.8/site-packages/airflow/example_dags/example_complex.py took 0.068 seconds
[2025-10-15 17:33:55,867] {processor.py:153} INFO - Started process (PID=24154) to work on /root/Projects/airflowSpotify/venv/lib/python3.8/site-packages/airflow/example_dags/example_complex.py
[2025-10-15 17:33:55,868] {processor.py:641} INFO - Processing file /root/Projects/airflowSpotify/venv/lib/python3.8/site-packages/airflow/example_dags/example_complex.py for tasks to queue
[2025-10-15 17:33:55,869] {logging_mixin.py:115} INFO - [2025-10-15 17:33:55,869] {dagbag.py:507} INFO - Filling up the DagBag from /root/Projects/airflowSpotify/venv/lib/python3.8/site-packages/airflow/example_dags/example_complex.py
[2025-10-15 17:33:55,884] {processor.py:651} INFO - DAG(s) dict_keys(['example_complex']) retrieved from /root/Projects/airflowSpotify/venv/lib/python3.8/site-packages/airflow/example_dags/example_complex.py
[2025-10-15 17:33:55,906] {logging_mixin.py:115} INFO - [2025-10-15 17:33:55,906] {dag.py:2379} INFO - Sync 1 DAGs
[2025-10-15 17:33:55,925] {logging_mixin.py:115} INFO - [2025-10-15 17:33:55,924] {dag.py:2927} INFO - Setting next_dagrun for example_complex to None, run_after=None
[2025-10-15 17:33:55,935] {processor.py:161} INFO - Processing /root/Projects/airflowSpotify/venv/lib/python3.8/site-packages/airflow/example_dags/example_complex.py took 0.075 seconds
[2025-10-15 17:34:30,368] {processor.py:153} INFO - Started process (PID=24212) to work on /root/Projects/airflowSpotify/venv/lib/python3.8/site-packages/airflow/example_dags/example_complex.py
[2025-10-15 17:34:30,369] {processor.py:641} INFO - Processing file /root/Projects/airflowSpotify/venv/lib/python3.8/site-packages/airflow/example_dags/example_complex.py for tasks to queue
[2025-10-15 17:34:30,369] {logging_mixin.py:115} INFO - [2025-10-15 17:34:30,369] {dagbag.py:507} INFO - Filling up the DagBag from /root/Projects/airflowSpotify/venv/lib/python3.8/site-packages/airflow/example_dags/example_complex.py
[2025-10-15 17:34:30,381] {processor.py:651} INFO - DAG(s) dict_keys(['example_complex']) retrieved from /root/Projects/airflowSpotify/venv/lib/python3.8/site-packages/airflow/example_dags/example_complex.py
[2025-10-15 17:34:30,402] {logging_mixin.py:115} INFO - [2025-10-15 17:34:30,402] {dag.py:2379} INFO - Sync 1 DAGs
[2025-10-15 17:34:30,425] {logging_mixin.py:115} INFO - [2025-10-15 17:34:30,425] {dag.py:2927} INFO - Setting next_dagrun for example_complex to None, run_after=None
[2025-10-15 17:34:30,438] {processor.py:161} INFO - Processing /root/Projects/airflowSpotify/venv/lib/python3.8/site-packages/airflow/example_dags/example_complex.py took 0.074 seconds
[2025-10-15 18:58:59,603] {processor.py:153} INFO - Started process (PID=31282) to work on /root/Projects/airflowSpotify/venv/lib/python3.9/site-packages/airflow/example_dags/example_complex.py
[2025-10-15 18:58:59,603] {processor.py:641} INFO - Processing file /root/Projects/airflowSpotify/venv/lib/python3.9/site-packages/airflow/example_dags/example_complex.py for tasks to queue
[2025-10-15 18:58:59,604] {logging_mixin.py:115} INFO - [2025-10-15 18:58:59,604] {dagbag.py:507} INFO - Filling up the DagBag from /root/Projects/airflowSpotify/venv/lib/python3.9/site-packages/airflow/example_dags/example_complex.py
[2025-10-15 18:58:59,617] {processor.py:651} INFO - DAG(s) dict_keys(['example_complex']) retrieved from /root/Projects/airflowSpotify/venv/lib/python3.9/site-packages/airflow/example_dags/example_complex.py
[2025-10-15 18:58:59,683] {logging_mixin.py:115} INFO - [2025-10-15 18:58:59,683] {manager.py:508} INFO - Created Permission View: can edit on DAG:example_complex
[2025-10-15 18:58:59,691] {logging_mixin.py:115} INFO - [2025-10-15 18:58:59,691] {manager.py:508} INFO - Created Permission View: can read on DAG:example_complex
[2025-10-15 18:58:59,697] {logging_mixin.py:115} INFO - [2025-10-15 18:58:59,697] {manager.py:508} INFO - Created Permission View: can delete on DAG:example_complex
[2025-10-15 18:58:59,698] {logging_mixin.py:115} INFO - [2025-10-15 18:58:59,698] {dag.py:2379} INFO - Sync 1 DAGs
[2025-10-15 18:58:59,704] {logging_mixin.py:115} INFO - [2025-10-15 18:58:59,704] {dag.py:2398} INFO - Creating ORM DAG for example_complex
[2025-10-15 18:58:59,713] {logging_mixin.py:115} INFO - [2025-10-15 18:58:59,713] {dag.py:2927} INFO - Setting next_dagrun for example_complex to None, run_after=None
[2025-10-15 18:58:59,726] {processor.py:161} INFO - Processing /root/Projects/airflowSpotify/venv/lib/python3.9/site-packages/airflow/example_dags/example_complex.py took 0.127 seconds
[2025-10-15 19:00:12,890] {processor.py:153} INFO - Started process (PID=31710) to work on /root/Projects/airflowSpotify/venv/lib/python3.9/site-packages/airflow/example_dags/example_complex.py
[2025-10-15 19:00:12,890] {processor.py:641} INFO - Processing file /root/Projects/airflowSpotify/venv/lib/python3.9/site-packages/airflow/example_dags/example_complex.py for tasks to queue
[2025-10-15 19:00:12,891] {logging_mixin.py:115} INFO - [2025-10-15 19:00:12,891] {dagbag.py:507} INFO - Filling up the DagBag from /root/Projects/airflowSpotify/venv/lib/python3.9/site-packages/airflow/example_dags/example_complex.py
[2025-10-15 19:00:12,913] {processor.py:651} INFO - DAG(s) dict_keys(['example_complex']) retrieved from /root/Projects/airflowSpotify/venv/lib/python3.9/site-packages/airflow/example_dags/example_complex.py
[2025-10-15 19:00:12,944] {logging_mixin.py:115} INFO - [2025-10-15 19:00:12,943] {dag.py:2379} INFO - Sync 1 DAGs
[2025-10-15 19:00:12,973] {logging_mixin.py:115} INFO - [2025-10-15 19:00:12,973] {dag.py:2927} INFO - Setting next_dagrun for example_complex to None, run_after=None
[2025-10-15 19:00:12,988] {processor.py:161} INFO - Processing /root/Projects/airflowSpotify/venv/lib/python3.9/site-packages/airflow/example_dags/example_complex.py took 0.104 seconds
[2025-10-15 19:00:49,016] {processor.py:153} INFO - Started process (PID=31875) to work on /root/Projects/airflowSpotify/venv/lib/python3.9/site-packages/airflow/example_dags/example_complex.py
[2025-10-15 19:00:49,017] {processor.py:641} INFO - Processing file /root/Projects/airflowSpotify/venv/lib/python3.9/site-packages/airflow/example_dags/example_complex.py for tasks to queue
[2025-10-15 19:00:49,017] {logging_mixin.py:115} INFO - [2025-10-15 19:00:49,017] {dagbag.py:507} INFO - Filling up the DagBag from /root/Projects/airflowSpotify/venv/lib/python3.9/site-packages/airflow/example_dags/example_complex.py
[2025-10-15 19:00:49,030] {processor.py:651} INFO - DAG(s) dict_keys(['example_complex']) retrieved from /root/Projects/airflowSpotify/venv/lib/python3.9/site-packages/airflow/example_dags/example_complex.py
[2025-10-15 19:00:49,052] {logging_mixin.py:115} INFO - [2025-10-15 19:00:49,052] {dag.py:2379} INFO - Sync 1 DAGs
[2025-10-15 19:00:49,071] {logging_mixin.py:115} INFO - [2025-10-15 19:00:49,071] {dag.py:2927} INFO - Setting next_dagrun for example_complex to None, run_after=None
[2025-10-15 19:00:49,082] {processor.py:161} INFO - Processing /root/Projects/airflowSpotify/venv/lib/python3.9/site-packages/airflow/example_dags/example_complex.py took 0.070 seconds
[2025-10-15 19:01:23,746] {processor.py:153} INFO - Started process (PID=32087) to work on /root/Projects/airflowSpotify/venv/lib/python3.9/site-packages/airflow/example_dags/example_complex.py
[2025-10-15 19:01:23,746] {processor.py:641} INFO - Processing file /root/Projects/airflowSpotify/venv/lib/python3.9/site-packages/airflow/example_dags/example_complex.py for tasks to queue
[2025-10-15 19:01:23,747] {logging_mixin.py:115} INFO - [2025-10-15 19:01:23,747] {dagbag.py:507} INFO - Filling up the DagBag from /root/Projects/airflowSpotify/venv/lib/python3.9/site-packages/airflow/example_dags/example_complex.py
[2025-10-15 19:01:23,760] {processor.py:651} INFO - DAG(s) dict_keys(['example_complex']) retrieved from /root/Projects/airflowSpotify/venv/lib/python3.9/site-packages/airflow/example_dags/example_complex.py
[2025-10-15 19:01:23,784] {logging_mixin.py:115} INFO - [2025-10-15 19:01:23,784] {dag.py:2379} INFO - Sync 1 DAGs
[2025-10-15 19:01:23,804] {logging_mixin.py:115} INFO - [2025-10-15 19:01:23,804] {dag.py:2927} INFO - Setting next_dagrun for example_complex to None, run_after=None
[2025-10-15 19:01:23,816] {processor.py:161} INFO - Processing /root/Projects/airflowSpotify/venv/lib/python3.9/site-packages/airflow/example_dags/example_complex.py took 0.075 seconds
[2025-10-15 19:01:57,308] {processor.py:153} INFO - Started process (PID=32193) to work on /root/Projects/airflowSpotify/venv/lib/python3.9/site-packages/airflow/example_dags/example_complex.py
[2025-10-15 19:01:57,309] {processor.py:641} INFO - Processing file /root/Projects/airflowSpotify/venv/lib/python3.9/site-packages/airflow/example_dags/example_complex.py for tasks to queue
[2025-10-15 19:01:57,310] {logging_mixin.py:115} INFO - [2025-10-15 19:01:57,309] {dagbag.py:507} INFO - Filling up the DagBag from /root/Projects/airflowSpotify/venv/lib/python3.9/site-packages/airflow/example_dags/example_complex.py
[2025-10-15 19:01:57,324] {processor.py:651} INFO - DAG(s) dict_keys(['example_complex']) retrieved from /root/Projects/airflowSpotify/venv/lib/python3.9/site-packages/airflow/example_dags/example_complex.py
[2025-10-15 19:01:57,407] {logging_mixin.py:115} INFO - [2025-10-15 19:01:57,407] {dag.py:2379} INFO - Sync 1 DAGs
[2025-10-15 19:01:57,439] {logging_mixin.py:115} INFO - [2025-10-15 19:01:57,438] {dag.py:2927} INFO - Setting next_dagrun for example_complex to None, run_after=None
[2025-10-15 19:01:57,455] {processor.py:161} INFO - Processing /root/Projects/airflowSpotify/venv/lib/python3.9/site-packages/airflow/example_dags/example_complex.py took 0.152 seconds
