[2025-10-15 17:21:46,228] {processor.py:153} INFO - Started process (PID=22639) to work on /root/Projects/airflowSpotify/venv/lib/python3.8/site-packages/airflow/example_dags/example_task_group_decorator.py
[2025-10-15 17:21:46,228] {processor.py:641} INFO - Processing file /root/Projects/airflowSpotify/venv/lib/python3.8/site-packages/airflow/example_dags/example_task_group_decorator.py for tasks to queue
[2025-10-15 17:21:46,229] {logging_mixin.py:115} INFO - [2025-10-15 17:21:46,229] {dagbag.py:507} INFO - Filling up the DagBag from /root/Projects/airflowSpotify/venv/lib/python3.8/site-packages/airflow/example_dags/example_task_group_decorator.py
[2025-10-15 17:21:46,256] {processor.py:651} INFO - DAG(s) dict_keys(['example_task_group_decorator']) retrieved from /root/Projects/airflowSpotify/venv/lib/python3.8/site-packages/airflow/example_dags/example_task_group_decorator.py
[2025-10-15 17:21:46,316] {logging_mixin.py:115} INFO - [2025-10-15 17:21:46,316] {manager.py:508} INFO - Created Permission View: can delete on DAG:example_task_group_decorator
[2025-10-15 17:21:46,323] {logging_mixin.py:115} INFO - [2025-10-15 17:21:46,323] {manager.py:508} INFO - Created Permission View: can read on DAG:example_task_group_decorator
[2025-10-15 17:21:46,330] {logging_mixin.py:115} INFO - [2025-10-15 17:21:46,330] {manager.py:508} INFO - Created Permission View: can edit on DAG:example_task_group_decorator
[2025-10-15 17:21:46,330] {logging_mixin.py:115} INFO - [2025-10-15 17:21:46,330] {dag.py:2379} INFO - Sync 1 DAGs
[2025-10-15 17:21:46,337] {logging_mixin.py:115} INFO - [2025-10-15 17:21:46,337] {dag.py:2398} INFO - Creating ORM DAG for example_task_group_decorator
[2025-10-15 17:21:46,344] {logging_mixin.py:115} INFO - [2025-10-15 17:21:46,344] {dag.py:2927} INFO - Setting next_dagrun for example_task_group_decorator to 2025-10-14T20:21:46.344268+00:00, run_after=2025-10-15T20:21:46.344268+00:00
[2025-10-15 17:21:46,355] {processor.py:161} INFO - Processing /root/Projects/airflowSpotify/venv/lib/python3.8/site-packages/airflow/example_dags/example_task_group_decorator.py took 0.131 seconds
[2025-10-15 17:32:33,074] {processor.py:153} INFO - Started process (PID=23698) to work on /root/Projects/airflowSpotify/venv/lib/python3.8/site-packages/airflow/example_dags/example_task_group_decorator.py
[2025-10-15 17:32:33,075] {processor.py:641} INFO - Processing file /root/Projects/airflowSpotify/venv/lib/python3.8/site-packages/airflow/example_dags/example_task_group_decorator.py for tasks to queue
[2025-10-15 17:32:33,075] {logging_mixin.py:115} INFO - [2025-10-15 17:32:33,075] {dagbag.py:507} INFO - Filling up the DagBag from /root/Projects/airflowSpotify/venv/lib/python3.8/site-packages/airflow/example_dags/example_task_group_decorator.py
[2025-10-15 17:32:33,102] {processor.py:651} INFO - DAG(s) dict_keys(['example_task_group_decorator']) retrieved from /root/Projects/airflowSpotify/venv/lib/python3.8/site-packages/airflow/example_dags/example_task_group_decorator.py
[2025-10-15 17:32:33,147] {logging_mixin.py:115} INFO - [2025-10-15 17:32:33,147] {dag.py:2379} INFO - Sync 1 DAGs
[2025-10-15 17:32:33,160] {logging_mixin.py:115} INFO - [2025-10-15 17:32:33,160] {dag.py:2927} INFO - Setting next_dagrun for example_task_group_decorator to 2025-10-14T20:32:33.160249+00:00, run_after=2025-10-15T20:32:33.160249+00:00
[2025-10-15 17:32:33,172] {processor.py:161} INFO - Processing /root/Projects/airflowSpotify/venv/lib/python3.8/site-packages/airflow/example_dags/example_task_group_decorator.py took 0.102 seconds
[2025-10-15 17:33:07,153] {processor.py:153} INFO - Started process (PID=23967) to work on /root/Projects/airflowSpotify/venv/lib/python3.8/site-packages/airflow/example_dags/example_task_group_decorator.py
[2025-10-15 17:33:07,153] {processor.py:641} INFO - Processing file /root/Projects/airflowSpotify/venv/lib/python3.8/site-packages/airflow/example_dags/example_task_group_decorator.py for tasks to queue
[2025-10-15 17:33:07,154] {logging_mixin.py:115} INFO - [2025-10-15 17:33:07,154] {dagbag.py:507} INFO - Filling up the DagBag from /root/Projects/airflowSpotify/venv/lib/python3.8/site-packages/airflow/example_dags/example_task_group_decorator.py
[2025-10-15 17:33:07,179] {processor.py:651} INFO - DAG(s) dict_keys(['example_task_group_decorator']) retrieved from /root/Projects/airflowSpotify/venv/lib/python3.8/site-packages/airflow/example_dags/example_task_group_decorator.py
[2025-10-15 17:33:07,225] {logging_mixin.py:115} INFO - [2025-10-15 17:33:07,225] {dag.py:2379} INFO - Sync 1 DAGs
[2025-10-15 17:33:07,239] {logging_mixin.py:115} INFO - [2025-10-15 17:33:07,239] {dag.py:2927} INFO - Setting next_dagrun for example_task_group_decorator to 2025-10-14T20:33:07.239189+00:00, run_after=2025-10-15T20:33:07.239189+00:00
[2025-10-15 17:33:07,254] {processor.py:164} ERROR - Got an exception! Propagating...
Traceback (most recent call last):
  File "/root/Projects/airflowSpotify/venv/lib/python3.8/site-packages/sqlalchemy/engine/base.py", line 928, in _commit_impl
    self.engine.dialect.do_commit(self.connection)
  File "/root/Projects/airflowSpotify/venv/lib/python3.8/site-packages/sqlalchemy/engine/default.py", line 669, in do_commit
    dbapi_connection.commit()
sqlite3.OperationalError: disk I/O error

The above exception was the direct cause of the following exception:

Traceback (most recent call last):
  File "/root/Projects/airflowSpotify/venv/lib/python3.8/site-packages/airflow/dag_processing/processor.py", line 155, in _run_file_processor
    result: Tuple[int, int] = dag_file_processor.process_file(
  File "/root/Projects/airflowSpotify/venv/lib/python3.8/site-packages/airflow/utils/session.py", line 71, in wrapper
    return func(*args, session=session, **kwargs)
  File "/root/Projects/airflowSpotify/venv/lib/python3.8/site-packages/airflow/dag_processing/processor.py", line 660, in process_file
    dagbag.sync_to_db()
  File "/root/Projects/airflowSpotify/venv/lib/python3.8/site-packages/airflow/utils/session.py", line 71, in wrapper
    return func(*args, session=session, **kwargs)
  File "/usr/lib/python3.8/contextlib.py", line 120, in __exit__
    next(self.gen)
  File "/root/Projects/airflowSpotify/venv/lib/python3.8/site-packages/airflow/utils/session.py", line 33, in create_session
    session.commit()
  File "/root/Projects/airflowSpotify/venv/lib/python3.8/site-packages/sqlalchemy/orm/session.py", line 1423, in commit
    self._transaction.commit(_to_root=self.future)
  File "/root/Projects/airflowSpotify/venv/lib/python3.8/site-packages/sqlalchemy/orm/session.py", line 836, in commit
    trans.commit()
  File "/root/Projects/airflowSpotify/venv/lib/python3.8/site-packages/sqlalchemy/engine/base.py", line 2265, in commit
    self._do_commit()
  File "/root/Projects/airflowSpotify/venv/lib/python3.8/site-packages/sqlalchemy/engine/base.py", line 2440, in _do_commit
    self._connection_commit_impl()
  File "/root/Projects/airflowSpotify/venv/lib/python3.8/site-packages/sqlalchemy/engine/base.py", line 2411, in _connection_commit_impl
    self.connection._commit_impl()
  File "/root/Projects/airflowSpotify/venv/lib/python3.8/site-packages/sqlalchemy/engine/base.py", line 930, in _commit_impl
    self._handle_dbapi_exception(e, None, None, None, None)
  File "/root/Projects/airflowSpotify/venv/lib/python3.8/site-packages/sqlalchemy/engine/base.py", line 1929, in _handle_dbapi_exception
    util.raise_(
  File "/root/Projects/airflowSpotify/venv/lib/python3.8/site-packages/sqlalchemy/util/compat.py", line 211, in raise_
    raise exception
  File "/root/Projects/airflowSpotify/venv/lib/python3.8/site-packages/sqlalchemy/engine/base.py", line 928, in _commit_impl
    self.engine.dialect.do_commit(self.connection)
  File "/root/Projects/airflowSpotify/venv/lib/python3.8/site-packages/sqlalchemy/engine/default.py", line 669, in do_commit
    dbapi_connection.commit()
sqlalchemy.exc.OperationalError: (sqlite3.OperationalError) disk I/O error
(Background on this error at: http://sqlalche.me/e/14/e3q8)
[2025-10-15 17:33:41,368] {processor.py:153} INFO - Started process (PID=24130) to work on /root/Projects/airflowSpotify/venv/lib/python3.8/site-packages/airflow/example_dags/example_task_group_decorator.py
[2025-10-15 17:33:41,369] {processor.py:641} INFO - Processing file /root/Projects/airflowSpotify/venv/lib/python3.8/site-packages/airflow/example_dags/example_task_group_decorator.py for tasks to queue
[2025-10-15 17:33:41,369] {logging_mixin.py:115} INFO - [2025-10-15 17:33:41,369] {dagbag.py:507} INFO - Filling up the DagBag from /root/Projects/airflowSpotify/venv/lib/python3.8/site-packages/airflow/example_dags/example_task_group_decorator.py
[2025-10-15 17:33:41,396] {processor.py:651} INFO - DAG(s) dict_keys(['example_task_group_decorator']) retrieved from /root/Projects/airflowSpotify/venv/lib/python3.8/site-packages/airflow/example_dags/example_task_group_decorator.py
[2025-10-15 17:33:41,444] {logging_mixin.py:115} INFO - [2025-10-15 17:33:41,444] {dag.py:2379} INFO - Sync 1 DAGs
[2025-10-15 17:33:41,458] {logging_mixin.py:115} INFO - [2025-10-15 17:33:41,458] {dag.py:2927} INFO - Setting next_dagrun for example_task_group_decorator to 2025-10-14T20:33:41.458094+00:00, run_after=2025-10-15T20:33:41.458094+00:00
[2025-10-15 17:33:41,470] {processor.py:161} INFO - Processing /root/Projects/airflowSpotify/venv/lib/python3.8/site-packages/airflow/example_dags/example_task_group_decorator.py took 0.107 seconds
[2025-10-15 17:34:15,333] {processor.py:153} INFO - Started process (PID=24188) to work on /root/Projects/airflowSpotify/venv/lib/python3.8/site-packages/airflow/example_dags/example_task_group_decorator.py
[2025-10-15 17:34:15,334] {processor.py:641} INFO - Processing file /root/Projects/airflowSpotify/venv/lib/python3.8/site-packages/airflow/example_dags/example_task_group_decorator.py for tasks to queue
[2025-10-15 17:34:15,341] {logging_mixin.py:115} INFO - [2025-10-15 17:34:15,341] {dagbag.py:507} INFO - Filling up the DagBag from /root/Projects/airflowSpotify/venv/lib/python3.8/site-packages/airflow/example_dags/example_task_group_decorator.py
[2025-10-15 17:34:15,370] {processor.py:651} INFO - DAG(s) dict_keys(['example_task_group_decorator']) retrieved from /root/Projects/airflowSpotify/venv/lib/python3.8/site-packages/airflow/example_dags/example_task_group_decorator.py
[2025-10-15 17:34:15,392] {logging_mixin.py:115} INFO - [2025-10-15 17:34:15,392] {dag.py:2379} INFO - Sync 1 DAGs
[2025-10-15 17:34:15,412] {logging_mixin.py:115} INFO - [2025-10-15 17:34:15,412] {dag.py:2927} INFO - Setting next_dagrun for example_task_group_decorator to 2025-10-14T20:34:15.412056+00:00, run_after=2025-10-15T20:34:15.412056+00:00
[2025-10-15 17:34:15,424] {processor.py:161} INFO - Processing /root/Projects/airflowSpotify/venv/lib/python3.8/site-packages/airflow/example_dags/example_task_group_decorator.py took 0.097 seconds
[2025-10-15 17:34:48,712] {processor.py:153} INFO - Started process (PID=24297) to work on /root/Projects/airflowSpotify/venv/lib/python3.8/site-packages/airflow/example_dags/example_task_group_decorator.py
[2025-10-15 17:34:48,712] {processor.py:641} INFO - Processing file /root/Projects/airflowSpotify/venv/lib/python3.8/site-packages/airflow/example_dags/example_task_group_decorator.py for tasks to queue
[2025-10-15 17:34:48,713] {logging_mixin.py:115} INFO - [2025-10-15 17:34:48,713] {dagbag.py:507} INFO - Filling up the DagBag from /root/Projects/airflowSpotify/venv/lib/python3.8/site-packages/airflow/example_dags/example_task_group_decorator.py
[2025-10-15 17:34:48,739] {processor.py:651} INFO - DAG(s) dict_keys(['example_task_group_decorator']) retrieved from /root/Projects/airflowSpotify/venv/lib/python3.8/site-packages/airflow/example_dags/example_task_group_decorator.py
[2025-10-15 17:34:48,786] {logging_mixin.py:115} INFO - [2025-10-15 17:34:48,786] {dag.py:2379} INFO - Sync 1 DAGs
[2025-10-15 17:34:48,801] {logging_mixin.py:115} INFO - [2025-10-15 17:34:48,801] {dag.py:2927} INFO - Setting next_dagrun for example_task_group_decorator to 2025-10-14T20:34:48.800649+00:00, run_after=2025-10-15T20:34:48.800649+00:00
[2025-10-15 17:34:48,813] {processor.py:161} INFO - Processing /root/Projects/airflowSpotify/venv/lib/python3.8/site-packages/airflow/example_dags/example_task_group_decorator.py took 0.106 seconds
[2025-10-15 18:58:43,768] {processor.py:153} INFO - Started process (PID=31215) to work on /root/Projects/airflowSpotify/venv/lib/python3.9/site-packages/airflow/example_dags/example_task_group_decorator.py
[2025-10-15 18:58:43,770] {processor.py:641} INFO - Processing file /root/Projects/airflowSpotify/venv/lib/python3.9/site-packages/airflow/example_dags/example_task_group_decorator.py for tasks to queue
[2025-10-15 18:58:43,771] {logging_mixin.py:115} INFO - [2025-10-15 18:58:43,771] {dagbag.py:507} INFO - Filling up the DagBag from /root/Projects/airflowSpotify/venv/lib/python3.9/site-packages/airflow/example_dags/example_task_group_decorator.py
[2025-10-15 18:58:43,806] {processor.py:651} INFO - DAG(s) dict_keys(['example_task_group_decorator']) retrieved from /root/Projects/airflowSpotify/venv/lib/python3.9/site-packages/airflow/example_dags/example_task_group_decorator.py
[2025-10-15 18:58:43,872] {logging_mixin.py:115} INFO - [2025-10-15 18:58:43,871] {manager.py:508} INFO - Created Permission View: can edit on DAG:example_task_group_decorator
[2025-10-15 18:58:43,879] {logging_mixin.py:115} INFO - [2025-10-15 18:58:43,879] {manager.py:508} INFO - Created Permission View: can read on DAG:example_task_group_decorator
[2025-10-15 18:58:43,886] {logging_mixin.py:115} INFO - [2025-10-15 18:58:43,886] {manager.py:508} INFO - Created Permission View: can delete on DAG:example_task_group_decorator
[2025-10-15 18:58:43,886] {logging_mixin.py:115} INFO - [2025-10-15 18:58:43,886] {dag.py:2379} INFO - Sync 1 DAGs
[2025-10-15 18:58:43,893] {logging_mixin.py:115} INFO - [2025-10-15 18:58:43,893] {dag.py:2398} INFO - Creating ORM DAG for example_task_group_decorator
[2025-10-15 18:58:43,901] {logging_mixin.py:115} INFO - [2025-10-15 18:58:43,900] {dag.py:2927} INFO - Setting next_dagrun for example_task_group_decorator to 2025-10-14T21:58:43.900609+00:00, run_after=2025-10-15T21:58:43.900609+00:00
[2025-10-15 18:58:43,913] {processor.py:161} INFO - Processing /root/Projects/airflowSpotify/venv/lib/python3.9/site-packages/airflow/example_dags/example_task_group_decorator.py took 0.153 seconds
[2025-10-15 18:59:17,799] {processor.py:153} INFO - Started process (PID=31313) to work on /root/Projects/airflowSpotify/venv/lib/python3.9/site-packages/airflow/example_dags/example_task_group_decorator.py
[2025-10-15 18:59:17,799] {processor.py:641} INFO - Processing file /root/Projects/airflowSpotify/venv/lib/python3.9/site-packages/airflow/example_dags/example_task_group_decorator.py for tasks to queue
[2025-10-15 18:59:17,800] {logging_mixin.py:115} INFO - [2025-10-15 18:59:17,800] {dagbag.py:507} INFO - Filling up the DagBag from /root/Projects/airflowSpotify/venv/lib/python3.9/site-packages/airflow/example_dags/example_task_group_decorator.py
[2025-10-15 18:59:17,826] {processor.py:651} INFO - DAG(s) dict_keys(['example_task_group_decorator']) retrieved from /root/Projects/airflowSpotify/venv/lib/python3.9/site-packages/airflow/example_dags/example_task_group_decorator.py
[2025-10-15 18:59:17,872] {logging_mixin.py:115} INFO - [2025-10-15 18:59:17,871] {dag.py:2379} INFO - Sync 1 DAGs
[2025-10-15 18:59:17,885] {logging_mixin.py:115} INFO - [2025-10-15 18:59:17,884] {dag.py:2927} INFO - Setting next_dagrun for example_task_group_decorator to 2025-10-14T21:59:17.884436+00:00, run_after=2025-10-15T21:59:17.884436+00:00
[2025-10-15 18:59:17,897] {processor.py:161} INFO - Processing /root/Projects/airflowSpotify/venv/lib/python3.9/site-packages/airflow/example_dags/example_task_group_decorator.py took 0.102 seconds
[2025-10-15 18:59:57,100] {processor.py:153} INFO - Started process (PID=31581) to work on /root/Projects/airflowSpotify/venv/lib/python3.9/site-packages/airflow/example_dags/example_task_group_decorator.py
[2025-10-15 18:59:57,101] {processor.py:641} INFO - Processing file /root/Projects/airflowSpotify/venv/lib/python3.9/site-packages/airflow/example_dags/example_task_group_decorator.py for tasks to queue
[2025-10-15 18:59:57,102] {logging_mixin.py:115} INFO - [2025-10-15 18:59:57,102] {dagbag.py:507} INFO - Filling up the DagBag from /root/Projects/airflowSpotify/venv/lib/python3.9/site-packages/airflow/example_dags/example_task_group_decorator.py
[2025-10-15 18:59:57,136] {processor.py:651} INFO - DAG(s) dict_keys(['example_task_group_decorator']) retrieved from /root/Projects/airflowSpotify/venv/lib/python3.9/site-packages/airflow/example_dags/example_task_group_decorator.py
[2025-10-15 18:59:57,196] {logging_mixin.py:115} INFO - [2025-10-15 18:59:57,196] {dag.py:2379} INFO - Sync 1 DAGs
[2025-10-15 18:59:57,209] {logging_mixin.py:115} INFO - [2025-10-15 18:59:57,209] {dag.py:2927} INFO - Setting next_dagrun for example_task_group_decorator to 2025-10-14T21:59:57.209433+00:00, run_after=2025-10-15T21:59:57.209433+00:00
[2025-10-15 18:59:57,221] {processor.py:161} INFO - Processing /root/Projects/airflowSpotify/venv/lib/python3.9/site-packages/airflow/example_dags/example_task_group_decorator.py took 0.127 seconds
[2025-10-15 19:00:32,372] {processor.py:153} INFO - Started process (PID=31746) to work on /root/Projects/airflowSpotify/venv/lib/python3.9/site-packages/airflow/example_dags/example_task_group_decorator.py
[2025-10-15 19:00:32,373] {processor.py:641} INFO - Processing file /root/Projects/airflowSpotify/venv/lib/python3.9/site-packages/airflow/example_dags/example_task_group_decorator.py for tasks to queue
[2025-10-15 19:00:32,374] {logging_mixin.py:115} INFO - [2025-10-15 19:00:32,374] {dagbag.py:507} INFO - Filling up the DagBag from /root/Projects/airflowSpotify/venv/lib/python3.9/site-packages/airflow/example_dags/example_task_group_decorator.py
[2025-10-15 19:00:32,407] {processor.py:651} INFO - DAG(s) dict_keys(['example_task_group_decorator']) retrieved from /root/Projects/airflowSpotify/venv/lib/python3.9/site-packages/airflow/example_dags/example_task_group_decorator.py
[2025-10-15 19:00:32,465] {logging_mixin.py:115} INFO - [2025-10-15 19:00:32,465] {dag.py:2379} INFO - Sync 1 DAGs
[2025-10-15 19:00:32,482] {logging_mixin.py:115} INFO - [2025-10-15 19:00:32,481] {dag.py:2927} INFO - Setting next_dagrun for example_task_group_decorator to 2025-10-14T22:00:32.481453+00:00, run_after=2025-10-15T22:00:32.481453+00:00
[2025-10-15 19:00:32,494] {processor.py:161} INFO - Processing /root/Projects/airflowSpotify/venv/lib/python3.9/site-packages/airflow/example_dags/example_task_group_decorator.py took 0.128 seconds
[2025-10-15 19:01:08,572] {processor.py:153} INFO - Started process (PID=32060) to work on /root/Projects/airflowSpotify/venv/lib/python3.9/site-packages/airflow/example_dags/example_task_group_decorator.py
[2025-10-15 19:01:08,572] {processor.py:641} INFO - Processing file /root/Projects/airflowSpotify/venv/lib/python3.9/site-packages/airflow/example_dags/example_task_group_decorator.py for tasks to queue
[2025-10-15 19:01:08,573] {logging_mixin.py:115} INFO - [2025-10-15 19:01:08,573] {dagbag.py:507} INFO - Filling up the DagBag from /root/Projects/airflowSpotify/venv/lib/python3.9/site-packages/airflow/example_dags/example_task_group_decorator.py
[2025-10-15 19:01:08,600] {processor.py:651} INFO - DAG(s) dict_keys(['example_task_group_decorator']) retrieved from /root/Projects/airflowSpotify/venv/lib/python3.9/site-packages/airflow/example_dags/example_task_group_decorator.py
[2025-10-15 19:01:08,648] {logging_mixin.py:115} INFO - [2025-10-15 19:01:08,648] {dag.py:2379} INFO - Sync 1 DAGs
[2025-10-15 19:01:08,662] {logging_mixin.py:115} INFO - [2025-10-15 19:01:08,662] {dag.py:2927} INFO - Setting next_dagrun for example_task_group_decorator to 2025-10-14T22:01:08.662236+00:00, run_after=2025-10-15T22:01:08.662236+00:00
[2025-10-15 19:01:08,675] {processor.py:161} INFO - Processing /root/Projects/airflowSpotify/venv/lib/python3.9/site-packages/airflow/example_dags/example_task_group_decorator.py took 0.108 seconds
[2025-10-15 19:01:43,450] {processor.py:153} INFO - Started process (PID=32118) to work on /root/Projects/airflowSpotify/venv/lib/python3.9/site-packages/airflow/example_dags/example_task_group_decorator.py
[2025-10-15 19:01:43,450] {processor.py:641} INFO - Processing file /root/Projects/airflowSpotify/venv/lib/python3.9/site-packages/airflow/example_dags/example_task_group_decorator.py for tasks to queue
[2025-10-15 19:01:43,451] {logging_mixin.py:115} INFO - [2025-10-15 19:01:43,451] {dagbag.py:507} INFO - Filling up the DagBag from /root/Projects/airflowSpotify/venv/lib/python3.9/site-packages/airflow/example_dags/example_task_group_decorator.py
[2025-10-15 19:01:43,479] {processor.py:651} INFO - DAG(s) dict_keys(['example_task_group_decorator']) retrieved from /root/Projects/airflowSpotify/venv/lib/python3.9/site-packages/airflow/example_dags/example_task_group_decorator.py
[2025-10-15 19:01:43,530] {logging_mixin.py:115} INFO - [2025-10-15 19:01:43,529] {dag.py:2379} INFO - Sync 1 DAGs
[2025-10-15 19:01:43,544] {logging_mixin.py:115} INFO - [2025-10-15 19:01:43,544] {dag.py:2927} INFO - Setting next_dagrun for example_task_group_decorator to 2025-10-14T22:01:43.544485+00:00, run_after=2025-10-15T22:01:43.544485+00:00
[2025-10-15 19:01:43,557] {processor.py:161} INFO - Processing /root/Projects/airflowSpotify/venv/lib/python3.9/site-packages/airflow/example_dags/example_task_group_decorator.py took 0.112 seconds
