[2025-10-15 17:21:51,486] {processor.py:153} INFO - Started process (PID=22702) to work on /root/Projects/airflowSpotify/venv/lib/python3.8/site-packages/airflow/example_dags/example_short_circuit_operator.py
[2025-10-15 17:21:51,487] {processor.py:641} INFO - Processing file /root/Projects/airflowSpotify/venv/lib/python3.8/site-packages/airflow/example_dags/example_short_circuit_operator.py for tasks to queue
[2025-10-15 17:21:51,488] {logging_mixin.py:115} INFO - [2025-10-15 17:21:51,488] {dagbag.py:507} INFO - Filling up the DagBag from /root/Projects/airflowSpotify/venv/lib/python3.8/site-packages/airflow/example_dags/example_short_circuit_operator.py
[2025-10-15 17:21:51,502] {processor.py:651} INFO - DAG(s) dict_keys(['example_short_circuit_operator']) retrieved from /root/Projects/airflowSpotify/venv/lib/python3.8/site-packages/airflow/example_dags/example_short_circuit_operator.py
[2025-10-15 17:21:51,569] {logging_mixin.py:115} INFO - [2025-10-15 17:21:51,569] {manager.py:508} INFO - Created Permission View: can delete on DAG:example_short_circuit_operator
[2025-10-15 17:21:51,577] {logging_mixin.py:115} INFO - [2025-10-15 17:21:51,577] {manager.py:508} INFO - Created Permission View: can read on DAG:example_short_circuit_operator
[2025-10-15 17:21:51,584] {logging_mixin.py:115} INFO - [2025-10-15 17:21:51,584] {manager.py:508} INFO - Created Permission View: can edit on DAG:example_short_circuit_operator
[2025-10-15 17:21:51,585] {logging_mixin.py:115} INFO - [2025-10-15 17:21:51,584] {dag.py:2379} INFO - Sync 1 DAGs
[2025-10-15 17:21:51,592] {logging_mixin.py:115} INFO - [2025-10-15 17:21:51,592] {dag.py:2398} INFO - Creating ORM DAG for example_short_circuit_operator
[2025-10-15 17:21:51,600] {logging_mixin.py:115} INFO - [2025-10-15 17:21:51,600] {dag.py:2927} INFO - Setting next_dagrun for example_short_circuit_operator to 2025-10-14T20:21:51.599731+00:00, run_after=2025-10-15T20:21:51.599731+00:00
[2025-10-15 17:21:51,612] {processor.py:161} INFO - Processing /root/Projects/airflowSpotify/venv/lib/python3.8/site-packages/airflow/example_dags/example_short_circuit_operator.py took 0.132 seconds
[2025-10-15 17:32:38,226] {processor.py:153} INFO - Started process (PID=23763) to work on /root/Projects/airflowSpotify/venv/lib/python3.8/site-packages/airflow/example_dags/example_short_circuit_operator.py
[2025-10-15 17:32:38,227] {processor.py:641} INFO - Processing file /root/Projects/airflowSpotify/venv/lib/python3.8/site-packages/airflow/example_dags/example_short_circuit_operator.py for tasks to queue
[2025-10-15 17:32:38,227] {logging_mixin.py:115} INFO - [2025-10-15 17:32:38,227] {dagbag.py:507} INFO - Filling up the DagBag from /root/Projects/airflowSpotify/venv/lib/python3.8/site-packages/airflow/example_dags/example_short_circuit_operator.py
[2025-10-15 17:32:38,240] {processor.py:651} INFO - DAG(s) dict_keys(['example_short_circuit_operator']) retrieved from /root/Projects/airflowSpotify/venv/lib/python3.8/site-packages/airflow/example_dags/example_short_circuit_operator.py
[2025-10-15 17:32:38,267] {logging_mixin.py:115} INFO - [2025-10-15 17:32:38,267] {dag.py:2379} INFO - Sync 1 DAGs
[2025-10-15 17:32:38,289] {logging_mixin.py:115} INFO - [2025-10-15 17:32:38,289] {dag.py:2927} INFO - Setting next_dagrun for example_short_circuit_operator to 2025-10-14T20:32:38.288733+00:00, run_after=2025-10-15T20:32:38.288733+00:00
[2025-10-15 17:32:38,302] {processor.py:161} INFO - Processing /root/Projects/airflowSpotify/venv/lib/python3.8/site-packages/airflow/example_dags/example_short_circuit_operator.py took 0.080 seconds
[2025-10-15 17:33:12,257] {processor.py:153} INFO - Started process (PID=24029) to work on /root/Projects/airflowSpotify/venv/lib/python3.8/site-packages/airflow/example_dags/example_short_circuit_operator.py
[2025-10-15 17:33:12,257] {processor.py:641} INFO - Processing file /root/Projects/airflowSpotify/venv/lib/python3.8/site-packages/airflow/example_dags/example_short_circuit_operator.py for tasks to queue
[2025-10-15 17:33:12,258] {logging_mixin.py:115} INFO - [2025-10-15 17:33:12,258] {dagbag.py:507} INFO - Filling up the DagBag from /root/Projects/airflowSpotify/venv/lib/python3.8/site-packages/airflow/example_dags/example_short_circuit_operator.py
[2025-10-15 17:33:12,269] {processor.py:651} INFO - DAG(s) dict_keys(['example_short_circuit_operator']) retrieved from /root/Projects/airflowSpotify/venv/lib/python3.8/site-packages/airflow/example_dags/example_short_circuit_operator.py
[2025-10-15 17:33:12,289] {logging_mixin.py:115} INFO - [2025-10-15 17:33:12,289] {dag.py:2379} INFO - Sync 1 DAGs
[2025-10-15 17:33:12,310] {logging_mixin.py:115} INFO - [2025-10-15 17:33:12,310] {dag.py:2927} INFO - Setting next_dagrun for example_short_circuit_operator to 2025-10-14T20:33:12.310213+00:00, run_after=2025-10-15T20:33:12.310213+00:00
[2025-10-15 17:33:12,322] {processor.py:161} INFO - Processing /root/Projects/airflowSpotify/venv/lib/python3.8/site-packages/airflow/example_dags/example_short_circuit_operator.py took 0.070 seconds
[2025-10-15 17:33:45,385] {processor.py:153} INFO - Started process (PID=24138) to work on /root/Projects/airflowSpotify/venv/lib/python3.8/site-packages/airflow/example_dags/example_short_circuit_operator.py
[2025-10-15 17:33:45,386] {processor.py:641} INFO - Processing file /root/Projects/airflowSpotify/venv/lib/python3.8/site-packages/airflow/example_dags/example_short_circuit_operator.py for tasks to queue
[2025-10-15 17:33:45,386] {logging_mixin.py:115} INFO - [2025-10-15 17:33:45,386] {dagbag.py:507} INFO - Filling up the DagBag from /root/Projects/airflowSpotify/venv/lib/python3.8/site-packages/airflow/example_dags/example_short_circuit_operator.py
[2025-10-15 17:33:45,397] {processor.py:651} INFO - DAG(s) dict_keys(['example_short_circuit_operator']) retrieved from /root/Projects/airflowSpotify/venv/lib/python3.8/site-packages/airflow/example_dags/example_short_circuit_operator.py
[2025-10-15 17:33:45,417] {logging_mixin.py:115} INFO - [2025-10-15 17:33:45,416] {dag.py:2379} INFO - Sync 1 DAGs
[2025-10-15 17:33:45,436] {logging_mixin.py:115} INFO - [2025-10-15 17:33:45,435] {dag.py:2927} INFO - Setting next_dagrun for example_short_circuit_operator to 2025-10-14T20:33:45.435624+00:00, run_after=2025-10-15T20:33:45.435624+00:00
[2025-10-15 17:33:45,446] {processor.py:161} INFO - Processing /root/Projects/airflowSpotify/venv/lib/python3.8/site-packages/airflow/example_dags/example_short_circuit_operator.py took 0.065 seconds
[2025-10-15 17:34:20,576] {processor.py:153} INFO - Started process (PID=24196) to work on /root/Projects/airflowSpotify/venv/lib/python3.8/site-packages/airflow/example_dags/example_short_circuit_operator.py
[2025-10-15 17:34:20,577] {processor.py:641} INFO - Processing file /root/Projects/airflowSpotify/venv/lib/python3.8/site-packages/airflow/example_dags/example_short_circuit_operator.py for tasks to queue
[2025-10-15 17:34:20,577] {logging_mixin.py:115} INFO - [2025-10-15 17:34:20,577] {dagbag.py:507} INFO - Filling up the DagBag from /root/Projects/airflowSpotify/venv/lib/python3.8/site-packages/airflow/example_dags/example_short_circuit_operator.py
[2025-10-15 17:34:20,588] {processor.py:651} INFO - DAG(s) dict_keys(['example_short_circuit_operator']) retrieved from /root/Projects/airflowSpotify/venv/lib/python3.8/site-packages/airflow/example_dags/example_short_circuit_operator.py
[2025-10-15 17:34:20,608] {logging_mixin.py:115} INFO - [2025-10-15 17:34:20,608] {dag.py:2379} INFO - Sync 1 DAGs
[2025-10-15 17:34:20,629] {logging_mixin.py:115} INFO - [2025-10-15 17:34:20,628] {dag.py:2927} INFO - Setting next_dagrun for example_short_circuit_operator to 2025-10-14T20:34:20.628669+00:00, run_after=2025-10-15T20:34:20.628669+00:00
[2025-10-15 17:34:20,639] {processor.py:161} INFO - Processing /root/Projects/airflowSpotify/venv/lib/python3.8/site-packages/airflow/example_dags/example_short_circuit_operator.py took 0.067 seconds
[2025-10-15 18:58:49,120] {processor.py:153} INFO - Started process (PID=31263) to work on /root/Projects/airflowSpotify/venv/lib/python3.9/site-packages/airflow/example_dags/example_short_circuit_operator.py
[2025-10-15 18:58:49,120] {processor.py:641} INFO - Processing file /root/Projects/airflowSpotify/venv/lib/python3.9/site-packages/airflow/example_dags/example_short_circuit_operator.py for tasks to queue
[2025-10-15 18:58:49,121] {logging_mixin.py:115} INFO - [2025-10-15 18:58:49,121] {dagbag.py:507} INFO - Filling up the DagBag from /root/Projects/airflowSpotify/venv/lib/python3.9/site-packages/airflow/example_dags/example_short_circuit_operator.py
[2025-10-15 18:58:49,133] {processor.py:651} INFO - DAG(s) dict_keys(['example_short_circuit_operator']) retrieved from /root/Projects/airflowSpotify/venv/lib/python3.9/site-packages/airflow/example_dags/example_short_circuit_operator.py
[2025-10-15 18:58:49,198] {logging_mixin.py:115} INFO - [2025-10-15 18:58:49,198] {manager.py:508} INFO - Created Permission View: can edit on DAG:example_short_circuit_operator
[2025-10-15 18:58:49,206] {logging_mixin.py:115} INFO - [2025-10-15 18:58:49,206] {manager.py:508} INFO - Created Permission View: can read on DAG:example_short_circuit_operator
[2025-10-15 18:58:49,213] {logging_mixin.py:115} INFO - [2025-10-15 18:58:49,213] {manager.py:508} INFO - Created Permission View: can delete on DAG:example_short_circuit_operator
[2025-10-15 18:58:49,214] {logging_mixin.py:115} INFO - [2025-10-15 18:58:49,214] {dag.py:2379} INFO - Sync 1 DAGs
[2025-10-15 18:58:49,221] {logging_mixin.py:115} INFO - [2025-10-15 18:58:49,221] {dag.py:2398} INFO - Creating ORM DAG for example_short_circuit_operator
[2025-10-15 18:58:49,229] {logging_mixin.py:115} INFO - [2025-10-15 18:58:49,229] {dag.py:2927} INFO - Setting next_dagrun for example_short_circuit_operator to 2025-10-14T21:58:49.228664+00:00, run_after=2025-10-15T21:58:49.228664+00:00
[2025-10-15 18:58:49,241] {processor.py:161} INFO - Processing /root/Projects/airflowSpotify/venv/lib/python3.9/site-packages/airflow/example_dags/example_short_circuit_operator.py took 0.126 seconds
[2025-10-15 18:59:22,787] {processor.py:153} INFO - Started process (PID=31321) to work on /root/Projects/airflowSpotify/venv/lib/python3.9/site-packages/airflow/example_dags/example_short_circuit_operator.py
[2025-10-15 18:59:22,787] {processor.py:641} INFO - Processing file /root/Projects/airflowSpotify/venv/lib/python3.9/site-packages/airflow/example_dags/example_short_circuit_operator.py for tasks to queue
[2025-10-15 18:59:22,788] {logging_mixin.py:115} INFO - [2025-10-15 18:59:22,788] {dagbag.py:507} INFO - Filling up the DagBag from /root/Projects/airflowSpotify/venv/lib/python3.9/site-packages/airflow/example_dags/example_short_circuit_operator.py
[2025-10-15 18:59:22,799] {processor.py:651} INFO - DAG(s) dict_keys(['example_short_circuit_operator']) retrieved from /root/Projects/airflowSpotify/venv/lib/python3.9/site-packages/airflow/example_dags/example_short_circuit_operator.py
[2025-10-15 18:59:22,822] {logging_mixin.py:115} INFO - [2025-10-15 18:59:22,822] {dag.py:2379} INFO - Sync 1 DAGs
[2025-10-15 18:59:22,844] {logging_mixin.py:115} INFO - [2025-10-15 18:59:22,843] {dag.py:2927} INFO - Setting next_dagrun for example_short_circuit_operator to 2025-10-14T21:59:22.843562+00:00, run_after=2025-10-15T21:59:22.843562+00:00
[2025-10-15 18:59:22,856] {processor.py:161} INFO - Processing /root/Projects/airflowSpotify/venv/lib/python3.9/site-packages/airflow/example_dags/example_short_circuit_operator.py took 0.074 seconds
[2025-10-15 19:00:02,339] {processor.py:153} INFO - Started process (PID=31641) to work on /root/Projects/airflowSpotify/venv/lib/python3.9/site-packages/airflow/example_dags/example_short_circuit_operator.py
[2025-10-15 19:00:02,340] {processor.py:641} INFO - Processing file /root/Projects/airflowSpotify/venv/lib/python3.9/site-packages/airflow/example_dags/example_short_circuit_operator.py for tasks to queue
[2025-10-15 19:00:02,341] {logging_mixin.py:115} INFO - [2025-10-15 19:00:02,340] {dagbag.py:507} INFO - Filling up the DagBag from /root/Projects/airflowSpotify/venv/lib/python3.9/site-packages/airflow/example_dags/example_short_circuit_operator.py
[2025-10-15 19:00:02,353] {processor.py:651} INFO - DAG(s) dict_keys(['example_short_circuit_operator']) retrieved from /root/Projects/airflowSpotify/venv/lib/python3.9/site-packages/airflow/example_dags/example_short_circuit_operator.py
[2025-10-15 19:00:02,376] {logging_mixin.py:115} INFO - [2025-10-15 19:00:02,376] {dag.py:2379} INFO - Sync 1 DAGs
[2025-10-15 19:00:02,397] {logging_mixin.py:115} INFO - [2025-10-15 19:00:02,397] {dag.py:2927} INFO - Setting next_dagrun for example_short_circuit_operator to 2025-10-14T22:00:02.397110+00:00, run_after=2025-10-15T22:00:02.397110+00:00
[2025-10-15 19:00:02,410] {processor.py:161} INFO - Processing /root/Projects/airflowSpotify/venv/lib/python3.9/site-packages/airflow/example_dags/example_short_circuit_operator.py took 0.075 seconds
[2025-10-15 19:00:37,643] {processor.py:153} INFO - Started process (PID=31754) to work on /root/Projects/airflowSpotify/venv/lib/python3.9/site-packages/airflow/example_dags/example_short_circuit_operator.py
[2025-10-15 19:00:37,646] {processor.py:641} INFO - Processing file /root/Projects/airflowSpotify/venv/lib/python3.9/site-packages/airflow/example_dags/example_short_circuit_operator.py for tasks to queue
[2025-10-15 19:00:37,647] {logging_mixin.py:115} INFO - [2025-10-15 19:00:37,647] {dagbag.py:507} INFO - Filling up the DagBag from /root/Projects/airflowSpotify/venv/lib/python3.9/site-packages/airflow/example_dags/example_short_circuit_operator.py
[2025-10-15 19:00:37,662] {processor.py:651} INFO - DAG(s) dict_keys(['example_short_circuit_operator']) retrieved from /root/Projects/airflowSpotify/venv/lib/python3.9/site-packages/airflow/example_dags/example_short_circuit_operator.py
[2025-10-15 19:00:37,689] {logging_mixin.py:115} INFO - [2025-10-15 19:00:37,688] {dag.py:2379} INFO - Sync 1 DAGs
[2025-10-15 19:00:37,715] {logging_mixin.py:115} INFO - [2025-10-15 19:00:37,715] {dag.py:2927} INFO - Setting next_dagrun for example_short_circuit_operator to 2025-10-14T22:00:37.714976+00:00, run_after=2025-10-15T22:00:37.714976+00:00
[2025-10-15 19:00:37,730] {processor.py:161} INFO - Processing /root/Projects/airflowSpotify/venv/lib/python3.9/site-packages/airflow/example_dags/example_short_circuit_operator.py took 0.094 seconds
[2025-10-15 19:01:13,823] {processor.py:153} INFO - Started process (PID=32068) to work on /root/Projects/airflowSpotify/venv/lib/python3.9/site-packages/airflow/example_dags/example_short_circuit_operator.py
[2025-10-15 19:01:13,824] {processor.py:641} INFO - Processing file /root/Projects/airflowSpotify/venv/lib/python3.9/site-packages/airflow/example_dags/example_short_circuit_operator.py for tasks to queue
[2025-10-15 19:01:13,825] {logging_mixin.py:115} INFO - [2025-10-15 19:01:13,824] {dagbag.py:507} INFO - Filling up the DagBag from /root/Projects/airflowSpotify/venv/lib/python3.9/site-packages/airflow/example_dags/example_short_circuit_operator.py
[2025-10-15 19:01:13,842] {processor.py:651} INFO - DAG(s) dict_keys(['example_short_circuit_operator']) retrieved from /root/Projects/airflowSpotify/venv/lib/python3.9/site-packages/airflow/example_dags/example_short_circuit_operator.py
[2025-10-15 19:01:13,872] {logging_mixin.py:115} INFO - [2025-10-15 19:01:13,872] {dag.py:2379} INFO - Sync 1 DAGs
[2025-10-15 19:01:13,898] {logging_mixin.py:115} INFO - [2025-10-15 19:01:13,898] {dag.py:2927} INFO - Setting next_dagrun for example_short_circuit_operator to 2025-10-14T22:01:13.898506+00:00, run_after=2025-10-15T22:01:13.898506+00:00
[2025-10-15 19:01:13,913] {processor.py:161} INFO - Processing /root/Projects/airflowSpotify/venv/lib/python3.9/site-packages/airflow/example_dags/example_short_circuit_operator.py took 0.099 seconds
[2025-10-15 19:01:47,167] {processor.py:153} INFO - Started process (PID=32126) to work on /root/Projects/airflowSpotify/venv/lib/python3.9/site-packages/airflow/example_dags/example_short_circuit_operator.py
[2025-10-15 19:01:47,168] {processor.py:641} INFO - Processing file /root/Projects/airflowSpotify/venv/lib/python3.9/site-packages/airflow/example_dags/example_short_circuit_operator.py for tasks to queue
[2025-10-15 19:01:47,169] {logging_mixin.py:115} INFO - [2025-10-15 19:01:47,168] {dagbag.py:507} INFO - Filling up the DagBag from /root/Projects/airflowSpotify/venv/lib/python3.9/site-packages/airflow/example_dags/example_short_circuit_operator.py
[2025-10-15 19:01:47,180] {processor.py:651} INFO - DAG(s) dict_keys(['example_short_circuit_operator']) retrieved from /root/Projects/airflowSpotify/venv/lib/python3.9/site-packages/airflow/example_dags/example_short_circuit_operator.py
[2025-10-15 19:01:47,201] {logging_mixin.py:115} INFO - [2025-10-15 19:01:47,201] {dag.py:2379} INFO - Sync 1 DAGs
[2025-10-15 19:01:47,223] {logging_mixin.py:115} INFO - [2025-10-15 19:01:47,223] {dag.py:2927} INFO - Setting next_dagrun for example_short_circuit_operator to 2025-10-14T22:01:47.223339+00:00, run_after=2025-10-15T22:01:47.223339+00:00
[2025-10-15 19:01:47,234] {processor.py:161} INFO - Processing /root/Projects/airflowSpotify/venv/lib/python3.9/site-packages/airflow/example_dags/example_short_circuit_operator.py took 0.071 seconds
