[2025-10-15 17:21:44,986] {processor.py:153} INFO - Started process (PID=22638) to work on /root/Projects/airflowSpotify/venv/lib/python3.8/site-packages/airflow/example_dags/example_time_delta_sensor_async.py
[2025-10-15 17:21:44,986] {processor.py:641} INFO - Processing file /root/Projects/airflowSpotify/venv/lib/python3.8/site-packages/airflow/example_dags/example_time_delta_sensor_async.py for tasks to queue
[2025-10-15 17:21:44,987] {logging_mixin.py:115} INFO - [2025-10-15 17:21:44,987] {dagbag.py:507} INFO - Filling up the DagBag from /root/Projects/airflowSpotify/venv/lib/python3.8/site-packages/airflow/example_dags/example_time_delta_sensor_async.py
[2025-10-15 17:21:44,995] {processor.py:651} INFO - DAG(s) dict_keys(['example_time_delta_sensor_async']) retrieved from /root/Projects/airflowSpotify/venv/lib/python3.8/site-packages/airflow/example_dags/example_time_delta_sensor_async.py
[2025-10-15 17:21:45,068] {logging_mixin.py:115} INFO - [2025-10-15 17:21:45,068] {manager.py:508} INFO - Created Permission View: can delete on DAG:example_time_delta_sensor_async
[2025-10-15 17:21:45,075] {logging_mixin.py:115} INFO - [2025-10-15 17:21:45,075] {manager.py:508} INFO - Created Permission View: can read on DAG:example_time_delta_sensor_async
[2025-10-15 17:21:45,081] {logging_mixin.py:115} INFO - [2025-10-15 17:21:45,081] {manager.py:508} INFO - Created Permission View: can edit on DAG:example_time_delta_sensor_async
[2025-10-15 17:21:45,081] {logging_mixin.py:115} INFO - [2025-10-15 17:21:45,081] {dag.py:2379} INFO - Sync 1 DAGs
[2025-10-15 17:21:45,088] {logging_mixin.py:115} INFO - [2025-10-15 17:21:45,088] {dag.py:2398} INFO - Creating ORM DAG for example_time_delta_sensor_async
[2025-10-15 17:21:45,095] {logging_mixin.py:115} INFO - [2025-10-15 17:21:45,095] {dag.py:2927} INFO - Setting next_dagrun for example_time_delta_sensor_async to None, run_after=None
[2025-10-15 17:21:45,106] {processor.py:161} INFO - Processing /root/Projects/airflowSpotify/venv/lib/python3.8/site-packages/airflow/example_dags/example_time_delta_sensor_async.py took 0.124 seconds
[2025-10-15 17:32:31,942] {processor.py:153} INFO - Started process (PID=23671) to work on /root/Projects/airflowSpotify/venv/lib/python3.8/site-packages/airflow/example_dags/example_time_delta_sensor_async.py
[2025-10-15 17:32:31,942] {processor.py:641} INFO - Processing file /root/Projects/airflowSpotify/venv/lib/python3.8/site-packages/airflow/example_dags/example_time_delta_sensor_async.py for tasks to queue
[2025-10-15 17:32:31,943] {logging_mixin.py:115} INFO - [2025-10-15 17:32:31,943] {dagbag.py:507} INFO - Filling up the DagBag from /root/Projects/airflowSpotify/venv/lib/python3.8/site-packages/airflow/example_dags/example_time_delta_sensor_async.py
[2025-10-15 17:32:31,953] {processor.py:651} INFO - DAG(s) dict_keys(['example_time_delta_sensor_async']) retrieved from /root/Projects/airflowSpotify/venv/lib/python3.8/site-packages/airflow/example_dags/example_time_delta_sensor_async.py
[2025-10-15 17:32:31,985] {logging_mixin.py:115} INFO - [2025-10-15 17:32:31,985] {dag.py:2379} INFO - Sync 1 DAGs
[2025-10-15 17:32:32,004] {logging_mixin.py:115} INFO - [2025-10-15 17:32:32,004] {dag.py:2927} INFO - Setting next_dagrun for example_time_delta_sensor_async to None, run_after=None
[2025-10-15 17:32:32,015] {processor.py:161} INFO - Processing /root/Projects/airflowSpotify/venv/lib/python3.8/site-packages/airflow/example_dags/example_time_delta_sensor_async.py took 0.079 seconds
[2025-10-15 17:33:06,467] {processor.py:153} INFO - Started process (PID=23966) to work on /root/Projects/airflowSpotify/venv/lib/python3.8/site-packages/airflow/example_dags/example_time_delta_sensor_async.py
[2025-10-15 17:33:06,468] {processor.py:641} INFO - Processing file /root/Projects/airflowSpotify/venv/lib/python3.8/site-packages/airflow/example_dags/example_time_delta_sensor_async.py for tasks to queue
[2025-10-15 17:33:06,469] {logging_mixin.py:115} INFO - [2025-10-15 17:33:06,468] {dagbag.py:507} INFO - Filling up the DagBag from /root/Projects/airflowSpotify/venv/lib/python3.8/site-packages/airflow/example_dags/example_time_delta_sensor_async.py
[2025-10-15 17:33:06,477] {processor.py:651} INFO - DAG(s) dict_keys(['example_time_delta_sensor_async']) retrieved from /root/Projects/airflowSpotify/venv/lib/python3.8/site-packages/airflow/example_dags/example_time_delta_sensor_async.py
[2025-10-15 17:33:06,509] {logging_mixin.py:115} INFO - [2025-10-15 17:33:06,509] {dag.py:2379} INFO - Sync 1 DAGs
[2025-10-15 17:33:06,529] {logging_mixin.py:115} INFO - [2025-10-15 17:33:06,529] {dag.py:2927} INFO - Setting next_dagrun for example_time_delta_sensor_async to None, run_after=None
[2025-10-15 17:33:06,540] {processor.py:161} INFO - Processing /root/Projects/airflowSpotify/venv/lib/python3.8/site-packages/airflow/example_dags/example_time_delta_sensor_async.py took 0.077 seconds
[2025-10-15 17:33:40,231] {processor.py:153} INFO - Started process (PID=24126) to work on /root/Projects/airflowSpotify/venv/lib/python3.8/site-packages/airflow/example_dags/example_time_delta_sensor_async.py
[2025-10-15 17:33:40,232] {processor.py:641} INFO - Processing file /root/Projects/airflowSpotify/venv/lib/python3.8/site-packages/airflow/example_dags/example_time_delta_sensor_async.py for tasks to queue
[2025-10-15 17:33:40,232] {logging_mixin.py:115} INFO - [2025-10-15 17:33:40,232] {dagbag.py:507} INFO - Filling up the DagBag from /root/Projects/airflowSpotify/venv/lib/python3.8/site-packages/airflow/example_dags/example_time_delta_sensor_async.py
[2025-10-15 17:33:40,240] {processor.py:651} INFO - DAG(s) dict_keys(['example_time_delta_sensor_async']) retrieved from /root/Projects/airflowSpotify/venv/lib/python3.8/site-packages/airflow/example_dags/example_time_delta_sensor_async.py
[2025-10-15 17:33:40,271] {logging_mixin.py:115} INFO - [2025-10-15 17:33:40,271] {dag.py:2379} INFO - Sync 1 DAGs
[2025-10-15 17:33:40,290] {logging_mixin.py:115} INFO - [2025-10-15 17:33:40,290] {dag.py:2927} INFO - Setting next_dagrun for example_time_delta_sensor_async to None, run_after=None
[2025-10-15 17:33:40,300] {processor.py:161} INFO - Processing /root/Projects/airflowSpotify/venv/lib/python3.8/site-packages/airflow/example_dags/example_time_delta_sensor_async.py took 0.074 seconds
[2025-10-15 17:34:14,263] {processor.py:153} INFO - Started process (PID=24187) to work on /root/Projects/airflowSpotify/venv/lib/python3.8/site-packages/airflow/example_dags/example_time_delta_sensor_async.py
[2025-10-15 17:34:14,264] {processor.py:641} INFO - Processing file /root/Projects/airflowSpotify/venv/lib/python3.8/site-packages/airflow/example_dags/example_time_delta_sensor_async.py for tasks to queue
[2025-10-15 17:34:14,265] {logging_mixin.py:115} INFO - [2025-10-15 17:34:14,265] {dagbag.py:507} INFO - Filling up the DagBag from /root/Projects/airflowSpotify/venv/lib/python3.8/site-packages/airflow/example_dags/example_time_delta_sensor_async.py
[2025-10-15 17:34:14,274] {processor.py:651} INFO - DAG(s) dict_keys(['example_time_delta_sensor_async']) retrieved from /root/Projects/airflowSpotify/venv/lib/python3.8/site-packages/airflow/example_dags/example_time_delta_sensor_async.py
[2025-10-15 17:34:14,307] {logging_mixin.py:115} INFO - [2025-10-15 17:34:14,307] {dag.py:2379} INFO - Sync 1 DAGs
[2025-10-15 17:34:14,331] {logging_mixin.py:115} INFO - [2025-10-15 17:34:14,331] {dag.py:2927} INFO - Setting next_dagrun for example_time_delta_sensor_async to None, run_after=None
[2025-10-15 17:34:14,343] {processor.py:161} INFO - Processing /root/Projects/airflowSpotify/venv/lib/python3.8/site-packages/airflow/example_dags/example_time_delta_sensor_async.py took 0.095 seconds
[2025-10-15 17:34:47,495] {processor.py:153} INFO - Started process (PID=24267) to work on /root/Projects/airflowSpotify/venv/lib/python3.8/site-packages/airflow/example_dags/example_time_delta_sensor_async.py
[2025-10-15 17:34:47,496] {processor.py:641} INFO - Processing file /root/Projects/airflowSpotify/venv/lib/python3.8/site-packages/airflow/example_dags/example_time_delta_sensor_async.py for tasks to queue
[2025-10-15 17:34:47,498] {logging_mixin.py:115} INFO - [2025-10-15 17:34:47,498] {dagbag.py:507} INFO - Filling up the DagBag from /root/Projects/airflowSpotify/venv/lib/python3.8/site-packages/airflow/example_dags/example_time_delta_sensor_async.py
[2025-10-15 17:34:47,509] {processor.py:651} INFO - DAG(s) dict_keys(['example_time_delta_sensor_async']) retrieved from /root/Projects/airflowSpotify/venv/lib/python3.8/site-packages/airflow/example_dags/example_time_delta_sensor_async.py
[2025-10-15 17:34:47,539] {logging_mixin.py:115} INFO - [2025-10-15 17:34:47,539] {dag.py:2379} INFO - Sync 1 DAGs
[2025-10-15 17:34:47,558] {logging_mixin.py:115} INFO - [2025-10-15 17:34:47,558] {dag.py:2927} INFO - Setting next_dagrun for example_time_delta_sensor_async to None, run_after=None
[2025-10-15 17:34:47,568] {processor.py:161} INFO - Processing /root/Projects/airflowSpotify/venv/lib/python3.8/site-packages/airflow/example_dags/example_time_delta_sensor_async.py took 0.084 seconds
[2025-10-15 18:58:42,518] {processor.py:153} INFO - Started process (PID=31214) to work on /root/Projects/airflowSpotify/venv/lib/python3.9/site-packages/airflow/example_dags/example_time_delta_sensor_async.py
[2025-10-15 18:58:42,518] {processor.py:641} INFO - Processing file /root/Projects/airflowSpotify/venv/lib/python3.9/site-packages/airflow/example_dags/example_time_delta_sensor_async.py for tasks to queue
[2025-10-15 18:58:42,519] {logging_mixin.py:115} INFO - [2025-10-15 18:58:42,519] {dagbag.py:507} INFO - Filling up the DagBag from /root/Projects/airflowSpotify/venv/lib/python3.9/site-packages/airflow/example_dags/example_time_delta_sensor_async.py
[2025-10-15 18:58:42,527] {processor.py:651} INFO - DAG(s) dict_keys(['example_time_delta_sensor_async']) retrieved from /root/Projects/airflowSpotify/venv/lib/python3.9/site-packages/airflow/example_dags/example_time_delta_sensor_async.py
[2025-10-15 18:58:42,600] {logging_mixin.py:115} INFO - [2025-10-15 18:58:42,600] {manager.py:508} INFO - Created Permission View: can edit on DAG:example_time_delta_sensor_async
[2025-10-15 18:58:42,607] {logging_mixin.py:115} INFO - [2025-10-15 18:58:42,607] {manager.py:508} INFO - Created Permission View: can read on DAG:example_time_delta_sensor_async
[2025-10-15 18:58:42,614] {logging_mixin.py:115} INFO - [2025-10-15 18:58:42,614] {manager.py:508} INFO - Created Permission View: can delete on DAG:example_time_delta_sensor_async
[2025-10-15 18:58:42,614] {logging_mixin.py:115} INFO - [2025-10-15 18:58:42,614] {dag.py:2379} INFO - Sync 1 DAGs
[2025-10-15 18:58:42,621] {logging_mixin.py:115} INFO - [2025-10-15 18:58:42,621] {dag.py:2398} INFO - Creating ORM DAG for example_time_delta_sensor_async
[2025-10-15 18:58:42,628] {logging_mixin.py:115} INFO - [2025-10-15 18:58:42,628] {dag.py:2927} INFO - Setting next_dagrun for example_time_delta_sensor_async to None, run_after=None
[2025-10-15 18:58:42,640] {processor.py:161} INFO - Processing /root/Projects/airflowSpotify/venv/lib/python3.9/site-packages/airflow/example_dags/example_time_delta_sensor_async.py took 0.127 seconds
[2025-10-15 18:59:17,644] {processor.py:153} INFO - Started process (PID=31312) to work on /root/Projects/airflowSpotify/venv/lib/python3.9/site-packages/airflow/example_dags/example_time_delta_sensor_async.py
[2025-10-15 18:59:17,645] {processor.py:641} INFO - Processing file /root/Projects/airflowSpotify/venv/lib/python3.9/site-packages/airflow/example_dags/example_time_delta_sensor_async.py for tasks to queue
[2025-10-15 18:59:17,646] {logging_mixin.py:115} INFO - [2025-10-15 18:59:17,645] {dagbag.py:507} INFO - Filling up the DagBag from /root/Projects/airflowSpotify/venv/lib/python3.9/site-packages/airflow/example_dags/example_time_delta_sensor_async.py
[2025-10-15 18:59:17,653] {processor.py:651} INFO - DAG(s) dict_keys(['example_time_delta_sensor_async']) retrieved from /root/Projects/airflowSpotify/venv/lib/python3.9/site-packages/airflow/example_dags/example_time_delta_sensor_async.py
[2025-10-15 18:59:17,685] {logging_mixin.py:115} INFO - [2025-10-15 18:59:17,685] {dag.py:2379} INFO - Sync 1 DAGs
[2025-10-15 18:59:17,705] {logging_mixin.py:115} INFO - [2025-10-15 18:59:17,705] {dag.py:2927} INFO - Setting next_dagrun for example_time_delta_sensor_async to None, run_after=None
[2025-10-15 18:59:17,716] {processor.py:161} INFO - Processing /root/Projects/airflowSpotify/venv/lib/python3.9/site-packages/airflow/example_dags/example_time_delta_sensor_async.py took 0.076 seconds
[2025-10-15 18:59:55,957] {processor.py:153} INFO - Started process (PID=31580) to work on /root/Projects/airflowSpotify/venv/lib/python3.9/site-packages/airflow/example_dags/example_time_delta_sensor_async.py
[2025-10-15 18:59:55,958] {processor.py:641} INFO - Processing file /root/Projects/airflowSpotify/venv/lib/python3.9/site-packages/airflow/example_dags/example_time_delta_sensor_async.py for tasks to queue
[2025-10-15 18:59:55,958] {logging_mixin.py:115} INFO - [2025-10-15 18:59:55,958] {dagbag.py:507} INFO - Filling up the DagBag from /root/Projects/airflowSpotify/venv/lib/python3.9/site-packages/airflow/example_dags/example_time_delta_sensor_async.py
[2025-10-15 18:59:55,966] {processor.py:651} INFO - DAG(s) dict_keys(['example_time_delta_sensor_async']) retrieved from /root/Projects/airflowSpotify/venv/lib/python3.9/site-packages/airflow/example_dags/example_time_delta_sensor_async.py
[2025-10-15 18:59:55,996] {logging_mixin.py:115} INFO - [2025-10-15 18:59:55,996] {dag.py:2379} INFO - Sync 1 DAGs
[2025-10-15 18:59:56,015] {logging_mixin.py:115} INFO - [2025-10-15 18:59:56,015] {dag.py:2927} INFO - Setting next_dagrun for example_time_delta_sensor_async to None, run_after=None
[2025-10-15 18:59:56,026] {processor.py:161} INFO - Processing /root/Projects/airflowSpotify/venv/lib/python3.9/site-packages/airflow/example_dags/example_time_delta_sensor_async.py took 0.073 seconds
[2025-10-15 19:00:31,230] {processor.py:153} INFO - Started process (PID=31745) to work on /root/Projects/airflowSpotify/venv/lib/python3.9/site-packages/airflow/example_dags/example_time_delta_sensor_async.py
[2025-10-15 19:00:31,231] {processor.py:641} INFO - Processing file /root/Projects/airflowSpotify/venv/lib/python3.9/site-packages/airflow/example_dags/example_time_delta_sensor_async.py for tasks to queue
[2025-10-15 19:00:31,233] {logging_mixin.py:115} INFO - [2025-10-15 19:00:31,232] {dagbag.py:507} INFO - Filling up the DagBag from /root/Projects/airflowSpotify/venv/lib/python3.9/site-packages/airflow/example_dags/example_time_delta_sensor_async.py
[2025-10-15 19:00:31,240] {processor.py:651} INFO - DAG(s) dict_keys(['example_time_delta_sensor_async']) retrieved from /root/Projects/airflowSpotify/venv/lib/python3.9/site-packages/airflow/example_dags/example_time_delta_sensor_async.py
[2025-10-15 19:00:31,272] {logging_mixin.py:115} INFO - [2025-10-15 19:00:31,272] {dag.py:2379} INFO - Sync 1 DAGs
[2025-10-15 19:00:31,295] {logging_mixin.py:115} INFO - [2025-10-15 19:00:31,295] {dag.py:2927} INFO - Setting next_dagrun for example_time_delta_sensor_async to None, run_after=None
[2025-10-15 19:00:31,306] {processor.py:161} INFO - Processing /root/Projects/airflowSpotify/venv/lib/python3.9/site-packages/airflow/example_dags/example_time_delta_sensor_async.py took 0.082 seconds
[2025-10-15 19:01:07,948] {processor.py:153} INFO - Started process (PID=32059) to work on /root/Projects/airflowSpotify/venv/lib/python3.9/site-packages/airflow/example_dags/example_time_delta_sensor_async.py
[2025-10-15 19:01:07,950] {processor.py:641} INFO - Processing file /root/Projects/airflowSpotify/venv/lib/python3.9/site-packages/airflow/example_dags/example_time_delta_sensor_async.py for tasks to queue
[2025-10-15 19:01:07,951] {logging_mixin.py:115} INFO - [2025-10-15 19:01:07,951] {dagbag.py:507} INFO - Filling up the DagBag from /root/Projects/airflowSpotify/venv/lib/python3.9/site-packages/airflow/example_dags/example_time_delta_sensor_async.py
[2025-10-15 19:01:07,966] {processor.py:651} INFO - DAG(s) dict_keys(['example_time_delta_sensor_async']) retrieved from /root/Projects/airflowSpotify/venv/lib/python3.9/site-packages/airflow/example_dags/example_time_delta_sensor_async.py
[2025-10-15 19:01:07,999] {logging_mixin.py:115} INFO - [2025-10-15 19:01:07,999] {dag.py:2379} INFO - Sync 1 DAGs
[2025-10-15 19:01:08,022] {logging_mixin.py:115} INFO - [2025-10-15 19:01:08,022] {dag.py:2927} INFO - Setting next_dagrun for example_time_delta_sensor_async to None, run_after=None
[2025-10-15 19:01:08,034] {processor.py:161} INFO - Processing /root/Projects/airflowSpotify/venv/lib/python3.9/site-packages/airflow/example_dags/example_time_delta_sensor_async.py took 0.097 seconds
[2025-10-15 19:01:42,284] {processor.py:153} INFO - Started process (PID=32117) to work on /root/Projects/airflowSpotify/venv/lib/python3.9/site-packages/airflow/example_dags/example_time_delta_sensor_async.py
[2025-10-15 19:01:42,284] {processor.py:641} INFO - Processing file /root/Projects/airflowSpotify/venv/lib/python3.9/site-packages/airflow/example_dags/example_time_delta_sensor_async.py for tasks to queue
[2025-10-15 19:01:42,285] {logging_mixin.py:115} INFO - [2025-10-15 19:01:42,285] {dagbag.py:507} INFO - Filling up the DagBag from /root/Projects/airflowSpotify/venv/lib/python3.9/site-packages/airflow/example_dags/example_time_delta_sensor_async.py
[2025-10-15 19:01:42,292] {processor.py:651} INFO - DAG(s) dict_keys(['example_time_delta_sensor_async']) retrieved from /root/Projects/airflowSpotify/venv/lib/python3.9/site-packages/airflow/example_dags/example_time_delta_sensor_async.py
[2025-10-15 19:01:42,326] {logging_mixin.py:115} INFO - [2025-10-15 19:01:42,326] {dag.py:2379} INFO - Sync 1 DAGs
[2025-10-15 19:01:42,346] {logging_mixin.py:115} INFO - [2025-10-15 19:01:42,346] {dag.py:2927} INFO - Setting next_dagrun for example_time_delta_sensor_async to None, run_after=None
[2025-10-15 19:01:42,358] {processor.py:161} INFO - Processing /root/Projects/airflowSpotify/venv/lib/python3.9/site-packages/airflow/example_dags/example_time_delta_sensor_async.py took 0.079 seconds
