[2025-10-15 17:21:43,400] {processor.py:153} INFO - Started process (PID=22606) to work on /root/Projects/airflowSpotify/venv/lib/python3.8/site-packages/airflow/example_dags/example_trigger_target_dag.py
[2025-10-15 17:21:43,401] {processor.py:641} INFO - Processing file /root/Projects/airflowSpotify/venv/lib/python3.8/site-packages/airflow/example_dags/example_trigger_target_dag.py for tasks to queue
[2025-10-15 17:21:43,402] {logging_mixin.py:115} INFO - [2025-10-15 17:21:43,402] {dagbag.py:507} INFO - Filling up the DagBag from /root/Projects/airflowSpotify/venv/lib/python3.8/site-packages/airflow/example_dags/example_trigger_target_dag.py
[2025-10-15 17:21:43,423] {processor.py:651} INFO - DAG(s) dict_keys(['example_trigger_target_dag']) retrieved from /root/Projects/airflowSpotify/venv/lib/python3.8/site-packages/airflow/example_dags/example_trigger_target_dag.py
[2025-10-15 17:21:43,511] {logging_mixin.py:115} INFO - [2025-10-15 17:21:43,511] {manager.py:508} INFO - Created Permission View: can delete on DAG:example_trigger_target_dag
[2025-10-15 17:21:43,523] {logging_mixin.py:115} INFO - [2025-10-15 17:21:43,523] {manager.py:508} INFO - Created Permission View: can read on DAG:example_trigger_target_dag
[2025-10-15 17:21:43,533] {logging_mixin.py:115} INFO - [2025-10-15 17:21:43,533] {manager.py:508} INFO - Created Permission View: can edit on DAG:example_trigger_target_dag
[2025-10-15 17:21:43,533] {logging_mixin.py:115} INFO - [2025-10-15 17:21:43,533] {dag.py:2379} INFO - Sync 1 DAGs
[2025-10-15 17:21:43,543] {logging_mixin.py:115} INFO - [2025-10-15 17:21:43,543] {dag.py:2398} INFO - Creating ORM DAG for example_trigger_target_dag
[2025-10-15 17:21:43,552] {logging_mixin.py:115} INFO - [2025-10-15 17:21:43,552] {dag.py:2927} INFO - Setting next_dagrun for example_trigger_target_dag to None, run_after=None
[2025-10-15 17:21:43,568] {processor.py:161} INFO - Processing /root/Projects/airflowSpotify/venv/lib/python3.8/site-packages/airflow/example_dags/example_trigger_target_dag.py took 0.172 seconds
[2025-10-15 17:32:30,524] {processor.py:153} INFO - Started process (PID=23647) to work on /root/Projects/airflowSpotify/venv/lib/python3.8/site-packages/airflow/example_dags/example_trigger_target_dag.py
[2025-10-15 17:32:30,525] {processor.py:641} INFO - Processing file /root/Projects/airflowSpotify/venv/lib/python3.8/site-packages/airflow/example_dags/example_trigger_target_dag.py for tasks to queue
[2025-10-15 17:32:30,525] {logging_mixin.py:115} INFO - [2025-10-15 17:32:30,525] {dagbag.py:507} INFO - Filling up the DagBag from /root/Projects/airflowSpotify/venv/lib/python3.8/site-packages/airflow/example_dags/example_trigger_target_dag.py
[2025-10-15 17:32:30,546] {processor.py:651} INFO - DAG(s) dict_keys(['example_trigger_target_dag']) retrieved from /root/Projects/airflowSpotify/venv/lib/python3.8/site-packages/airflow/example_dags/example_trigger_target_dag.py
[2025-10-15 17:32:30,565] {logging_mixin.py:115} INFO - [2025-10-15 17:32:30,565] {dag.py:2379} INFO - Sync 1 DAGs
[2025-10-15 17:32:30,586] {logging_mixin.py:115} INFO - [2025-10-15 17:32:30,586] {dag.py:2927} INFO - Setting next_dagrun for example_trigger_target_dag to None, run_after=None
[2025-10-15 17:32:30,598] {processor.py:161} INFO - Processing /root/Projects/airflowSpotify/venv/lib/python3.8/site-packages/airflow/example_dags/example_trigger_target_dag.py took 0.078 seconds
[2025-10-15 17:33:04,194] {processor.py:153} INFO - Started process (PID=23964) to work on /root/Projects/airflowSpotify/venv/lib/python3.8/site-packages/airflow/example_dags/example_trigger_target_dag.py
[2025-10-15 17:33:04,195] {processor.py:641} INFO - Processing file /root/Projects/airflowSpotify/venv/lib/python3.8/site-packages/airflow/example_dags/example_trigger_target_dag.py for tasks to queue
[2025-10-15 17:33:04,196] {logging_mixin.py:115} INFO - [2025-10-15 17:33:04,196] {dagbag.py:507} INFO - Filling up the DagBag from /root/Projects/airflowSpotify/venv/lib/python3.8/site-packages/airflow/example_dags/example_trigger_target_dag.py
[2025-10-15 17:33:04,220] {processor.py:651} INFO - DAG(s) dict_keys(['example_trigger_target_dag']) retrieved from /root/Projects/airflowSpotify/venv/lib/python3.8/site-packages/airflow/example_dags/example_trigger_target_dag.py
[2025-10-15 17:33:04,241] {logging_mixin.py:115} INFO - [2025-10-15 17:33:04,241] {dag.py:2379} INFO - Sync 1 DAGs
[2025-10-15 17:33:04,265] {logging_mixin.py:115} INFO - [2025-10-15 17:33:04,265] {dag.py:2927} INFO - Setting next_dagrun for example_trigger_target_dag to None, run_after=None
[2025-10-15 17:33:04,278] {processor.py:161} INFO - Processing /root/Projects/airflowSpotify/venv/lib/python3.8/site-packages/airflow/example_dags/example_trigger_target_dag.py took 0.089 seconds
[2025-10-15 17:33:38,774] {processor.py:153} INFO - Started process (PID=24124) to work on /root/Projects/airflowSpotify/venv/lib/python3.8/site-packages/airflow/example_dags/example_trigger_target_dag.py
[2025-10-15 17:33:38,774] {processor.py:641} INFO - Processing file /root/Projects/airflowSpotify/venv/lib/python3.8/site-packages/airflow/example_dags/example_trigger_target_dag.py for tasks to queue
[2025-10-15 17:33:38,775] {logging_mixin.py:115} INFO - [2025-10-15 17:33:38,775] {dagbag.py:507} INFO - Filling up the DagBag from /root/Projects/airflowSpotify/venv/lib/python3.8/site-packages/airflow/example_dags/example_trigger_target_dag.py
[2025-10-15 17:33:38,795] {processor.py:651} INFO - DAG(s) dict_keys(['example_trigger_target_dag']) retrieved from /root/Projects/airflowSpotify/venv/lib/python3.8/site-packages/airflow/example_dags/example_trigger_target_dag.py
[2025-10-15 17:33:38,814] {logging_mixin.py:115} INFO - [2025-10-15 17:33:38,814] {dag.py:2379} INFO - Sync 1 DAGs
[2025-10-15 17:33:38,834] {logging_mixin.py:115} INFO - [2025-10-15 17:33:38,834] {dag.py:2927} INFO - Setting next_dagrun for example_trigger_target_dag to None, run_after=None
[2025-10-15 17:33:38,845] {processor.py:161} INFO - Processing /root/Projects/airflowSpotify/venv/lib/python3.8/site-packages/airflow/example_dags/example_trigger_target_dag.py took 0.076 seconds
[2025-10-15 17:34:12,564] {processor.py:153} INFO - Started process (PID=24182) to work on /root/Projects/airflowSpotify/venv/lib/python3.8/site-packages/airflow/example_dags/example_trigger_target_dag.py
[2025-10-15 17:34:12,565] {processor.py:641} INFO - Processing file /root/Projects/airflowSpotify/venv/lib/python3.8/site-packages/airflow/example_dags/example_trigger_target_dag.py for tasks to queue
[2025-10-15 17:34:12,565] {logging_mixin.py:115} INFO - [2025-10-15 17:34:12,565] {dagbag.py:507} INFO - Filling up the DagBag from /root/Projects/airflowSpotify/venv/lib/python3.8/site-packages/airflow/example_dags/example_trigger_target_dag.py
[2025-10-15 17:34:12,586] {processor.py:651} INFO - DAG(s) dict_keys(['example_trigger_target_dag']) retrieved from /root/Projects/airflowSpotify/venv/lib/python3.8/site-packages/airflow/example_dags/example_trigger_target_dag.py
[2025-10-15 17:34:12,605] {logging_mixin.py:115} INFO - [2025-10-15 17:34:12,605] {dag.py:2379} INFO - Sync 1 DAGs
[2025-10-15 17:34:12,626] {logging_mixin.py:115} INFO - [2025-10-15 17:34:12,626] {dag.py:2927} INFO - Setting next_dagrun for example_trigger_target_dag to None, run_after=None
[2025-10-15 17:34:12,638] {processor.py:161} INFO - Processing /root/Projects/airflowSpotify/venv/lib/python3.8/site-packages/airflow/example_dags/example_trigger_target_dag.py took 0.078 seconds
[2025-10-15 17:34:46,021] {processor.py:153} INFO - Started process (PID=24240) to work on /root/Projects/airflowSpotify/venv/lib/python3.8/site-packages/airflow/example_dags/example_trigger_target_dag.py
[2025-10-15 17:34:46,021] {processor.py:641} INFO - Processing file /root/Projects/airflowSpotify/venv/lib/python3.8/site-packages/airflow/example_dags/example_trigger_target_dag.py for tasks to queue
[2025-10-15 17:34:46,022] {logging_mixin.py:115} INFO - [2025-10-15 17:34:46,022] {dagbag.py:507} INFO - Filling up the DagBag from /root/Projects/airflowSpotify/venv/lib/python3.8/site-packages/airflow/example_dags/example_trigger_target_dag.py
[2025-10-15 17:34:46,043] {processor.py:651} INFO - DAG(s) dict_keys(['example_trigger_target_dag']) retrieved from /root/Projects/airflowSpotify/venv/lib/python3.8/site-packages/airflow/example_dags/example_trigger_target_dag.py
[2025-10-15 17:34:46,063] {logging_mixin.py:115} INFO - [2025-10-15 17:34:46,063] {dag.py:2379} INFO - Sync 1 DAGs
[2025-10-15 17:34:46,086] {logging_mixin.py:115} INFO - [2025-10-15 17:34:46,085] {dag.py:2927} INFO - Setting next_dagrun for example_trigger_target_dag to None, run_after=None
[2025-10-15 17:34:46,097] {processor.py:161} INFO - Processing /root/Projects/airflowSpotify/venv/lib/python3.8/site-packages/airflow/example_dags/example_trigger_target_dag.py took 0.081 seconds
[2025-10-15 18:58:40,986] {processor.py:153} INFO - Started process (PID=31198) to work on /root/Projects/airflowSpotify/venv/lib/python3.9/site-packages/airflow/example_dags/example_trigger_target_dag.py
[2025-10-15 18:58:40,987] {processor.py:641} INFO - Processing file /root/Projects/airflowSpotify/venv/lib/python3.9/site-packages/airflow/example_dags/example_trigger_target_dag.py for tasks to queue
[2025-10-15 18:58:40,987] {logging_mixin.py:115} INFO - [2025-10-15 18:58:40,987] {dagbag.py:507} INFO - Filling up the DagBag from /root/Projects/airflowSpotify/venv/lib/python3.9/site-packages/airflow/example_dags/example_trigger_target_dag.py
[2025-10-15 18:58:41,012] {processor.py:651} INFO - DAG(s) dict_keys(['example_trigger_target_dag']) retrieved from /root/Projects/airflowSpotify/venv/lib/python3.9/site-packages/airflow/example_dags/example_trigger_target_dag.py
[2025-10-15 18:58:41,086] {logging_mixin.py:115} INFO - [2025-10-15 18:58:41,086] {manager.py:508} INFO - Created Permission View: can edit on DAG:example_trigger_target_dag
[2025-10-15 18:58:41,093] {logging_mixin.py:115} INFO - [2025-10-15 18:58:41,093] {manager.py:508} INFO - Created Permission View: can read on DAG:example_trigger_target_dag
[2025-10-15 18:58:41,101] {logging_mixin.py:115} INFO - [2025-10-15 18:58:41,101] {manager.py:508} INFO - Created Permission View: can delete on DAG:example_trigger_target_dag
[2025-10-15 18:58:41,101] {logging_mixin.py:115} INFO - [2025-10-15 18:58:41,101] {dag.py:2379} INFO - Sync 1 DAGs
[2025-10-15 18:58:41,109] {logging_mixin.py:115} INFO - [2025-10-15 18:58:41,109] {dag.py:2398} INFO - Creating ORM DAG for example_trigger_target_dag
[2025-10-15 18:58:41,117] {logging_mixin.py:115} INFO - [2025-10-15 18:58:41,117] {dag.py:2927} INFO - Setting next_dagrun for example_trigger_target_dag to None, run_after=None
[2025-10-15 18:58:41,131] {processor.py:161} INFO - Processing /root/Projects/airflowSpotify/venv/lib/python3.9/site-packages/airflow/example_dags/example_trigger_target_dag.py took 0.150 seconds
[2025-10-15 18:59:16,274] {processor.py:153} INFO - Started process (PID=31307) to work on /root/Projects/airflowSpotify/venv/lib/python3.9/site-packages/airflow/example_dags/example_trigger_target_dag.py
[2025-10-15 18:59:16,275] {processor.py:641} INFO - Processing file /root/Projects/airflowSpotify/venv/lib/python3.9/site-packages/airflow/example_dags/example_trigger_target_dag.py for tasks to queue
[2025-10-15 18:59:16,275] {logging_mixin.py:115} INFO - [2025-10-15 18:59:16,275] {dagbag.py:507} INFO - Filling up the DagBag from /root/Projects/airflowSpotify/venv/lib/python3.9/site-packages/airflow/example_dags/example_trigger_target_dag.py
[2025-10-15 18:59:16,294] {processor.py:651} INFO - DAG(s) dict_keys(['example_trigger_target_dag']) retrieved from /root/Projects/airflowSpotify/venv/lib/python3.9/site-packages/airflow/example_dags/example_trigger_target_dag.py
[2025-10-15 18:59:16,316] {logging_mixin.py:115} INFO - [2025-10-15 18:59:16,316] {dag.py:2379} INFO - Sync 1 DAGs
[2025-10-15 18:59:16,331] {logging_mixin.py:115} INFO - [2025-10-15 18:59:16,331] {dag.py:2927} INFO - Setting next_dagrun for example_trigger_target_dag to None, run_after=None
[2025-10-15 18:59:16,343] {processor.py:161} INFO - Processing /root/Projects/airflowSpotify/venv/lib/python3.9/site-packages/airflow/example_dags/example_trigger_target_dag.py took 0.073 seconds
[2025-10-15 18:59:54,444] {processor.py:153} INFO - Started process (PID=31537) to work on /root/Projects/airflowSpotify/venv/lib/python3.9/site-packages/airflow/example_dags/example_trigger_target_dag.py
[2025-10-15 18:59:54,445] {processor.py:641} INFO - Processing file /root/Projects/airflowSpotify/venv/lib/python3.9/site-packages/airflow/example_dags/example_trigger_target_dag.py for tasks to queue
[2025-10-15 18:59:54,446] {logging_mixin.py:115} INFO - [2025-10-15 18:59:54,446] {dagbag.py:507} INFO - Filling up the DagBag from /root/Projects/airflowSpotify/venv/lib/python3.9/site-packages/airflow/example_dags/example_trigger_target_dag.py
[2025-10-15 18:59:54,471] {processor.py:651} INFO - DAG(s) dict_keys(['example_trigger_target_dag']) retrieved from /root/Projects/airflowSpotify/venv/lib/python3.9/site-packages/airflow/example_dags/example_trigger_target_dag.py
[2025-10-15 18:59:54,500] {logging_mixin.py:115} INFO - [2025-10-15 18:59:54,500] {dag.py:2379} INFO - Sync 1 DAGs
[2025-10-15 18:59:54,524] {logging_mixin.py:115} INFO - [2025-10-15 18:59:54,524] {dag.py:2927} INFO - Setting next_dagrun for example_trigger_target_dag to None, run_after=None
[2025-10-15 18:59:54,546] {processor.py:161} INFO - Processing /root/Projects/airflowSpotify/venv/lib/python3.9/site-packages/airflow/example_dags/example_trigger_target_dag.py took 0.110 seconds
[2025-10-15 19:00:29,712] {processor.py:153} INFO - Started process (PID=31740) to work on /root/Projects/airflowSpotify/venv/lib/python3.9/site-packages/airflow/example_dags/example_trigger_target_dag.py
[2025-10-15 19:00:29,713] {processor.py:641} INFO - Processing file /root/Projects/airflowSpotify/venv/lib/python3.9/site-packages/airflow/example_dags/example_trigger_target_dag.py for tasks to queue
[2025-10-15 19:00:29,713] {logging_mixin.py:115} INFO - [2025-10-15 19:00:29,713] {dagbag.py:507} INFO - Filling up the DagBag from /root/Projects/airflowSpotify/venv/lib/python3.9/site-packages/airflow/example_dags/example_trigger_target_dag.py
[2025-10-15 19:00:29,734] {processor.py:651} INFO - DAG(s) dict_keys(['example_trigger_target_dag']) retrieved from /root/Projects/airflowSpotify/venv/lib/python3.9/site-packages/airflow/example_dags/example_trigger_target_dag.py
[2025-10-15 19:00:29,761] {logging_mixin.py:115} INFO - [2025-10-15 19:00:29,760] {dag.py:2379} INFO - Sync 1 DAGs
[2025-10-15 19:00:29,782] {logging_mixin.py:115} INFO - [2025-10-15 19:00:29,782] {dag.py:2927} INFO - Setting next_dagrun for example_trigger_target_dag to None, run_after=None
[2025-10-15 19:00:29,797] {processor.py:161} INFO - Processing /root/Projects/airflowSpotify/venv/lib/python3.9/site-packages/airflow/example_dags/example_trigger_target_dag.py took 0.090 seconds
[2025-10-15 19:01:05,790] {processor.py:153} INFO - Started process (PID=32054) to work on /root/Projects/airflowSpotify/venv/lib/python3.9/site-packages/airflow/example_dags/example_trigger_target_dag.py
[2025-10-15 19:01:05,790] {processor.py:641} INFO - Processing file /root/Projects/airflowSpotify/venv/lib/python3.9/site-packages/airflow/example_dags/example_trigger_target_dag.py for tasks to queue
[2025-10-15 19:01:05,791] {logging_mixin.py:115} INFO - [2025-10-15 19:01:05,791] {dagbag.py:507} INFO - Filling up the DagBag from /root/Projects/airflowSpotify/venv/lib/python3.9/site-packages/airflow/example_dags/example_trigger_target_dag.py
[2025-10-15 19:01:05,811] {processor.py:651} INFO - DAG(s) dict_keys(['example_trigger_target_dag']) retrieved from /root/Projects/airflowSpotify/venv/lib/python3.9/site-packages/airflow/example_dags/example_trigger_target_dag.py
[2025-10-15 19:01:05,833] {logging_mixin.py:115} INFO - [2025-10-15 19:01:05,833] {dag.py:2379} INFO - Sync 1 DAGs
[2025-10-15 19:01:05,848] {logging_mixin.py:115} INFO - [2025-10-15 19:01:05,848] {dag.py:2927} INFO - Setting next_dagrun for example_trigger_target_dag to None, run_after=None
[2025-10-15 19:01:05,860] {processor.py:161} INFO - Processing /root/Projects/airflowSpotify/venv/lib/python3.9/site-packages/airflow/example_dags/example_trigger_target_dag.py took 0.074 seconds
[2025-10-15 19:01:39,893] {processor.py:153} INFO - Started process (PID=32112) to work on /root/Projects/airflowSpotify/venv/lib/python3.9/site-packages/airflow/example_dags/example_trigger_target_dag.py
[2025-10-15 19:01:39,894] {processor.py:641} INFO - Processing file /root/Projects/airflowSpotify/venv/lib/python3.9/site-packages/airflow/example_dags/example_trigger_target_dag.py for tasks to queue
[2025-10-15 19:01:39,894] {logging_mixin.py:115} INFO - [2025-10-15 19:01:39,894] {dagbag.py:507} INFO - Filling up the DagBag from /root/Projects/airflowSpotify/venv/lib/python3.9/site-packages/airflow/example_dags/example_trigger_target_dag.py
[2025-10-15 19:01:39,913] {processor.py:651} INFO - DAG(s) dict_keys(['example_trigger_target_dag']) retrieved from /root/Projects/airflowSpotify/venv/lib/python3.9/site-packages/airflow/example_dags/example_trigger_target_dag.py
[2025-10-15 19:01:39,936] {logging_mixin.py:115} INFO - [2025-10-15 19:01:39,936] {dag.py:2379} INFO - Sync 1 DAGs
[2025-10-15 19:01:39,958] {logging_mixin.py:115} INFO - [2025-10-15 19:01:39,958] {dag.py:2927} INFO - Setting next_dagrun for example_trigger_target_dag to None, run_after=None
[2025-10-15 19:01:39,971] {processor.py:161} INFO - Processing /root/Projects/airflowSpotify/venv/lib/python3.9/site-packages/airflow/example_dags/example_trigger_target_dag.py took 0.083 seconds
