[2025-10-15 17:21:59,551] {processor.py:153} INFO - Started process (PID=22778) to work on /root/Projects/airflowSpotify/venv/lib/python3.8/site-packages/airflow/example_dags/example_external_task_marker_dag.py
[2025-10-15 17:21:59,552] {processor.py:641} INFO - Processing file /root/Projects/airflowSpotify/venv/lib/python3.8/site-packages/airflow/example_dags/example_external_task_marker_dag.py for tasks to queue
[2025-10-15 17:21:59,553] {logging_mixin.py:115} INFO - [2025-10-15 17:21:59,553] {dagbag.py:507} INFO - Filling up the DagBag from /root/Projects/airflowSpotify/venv/lib/python3.8/site-packages/airflow/example_dags/example_external_task_marker_dag.py
[2025-10-15 17:21:59,559] {processor.py:651} INFO - DAG(s) dict_keys(['example_external_task_marker_parent', 'example_external_task_marker_child']) retrieved from /root/Projects/airflowSpotify/venv/lib/python3.8/site-packages/airflow/example_dags/example_external_task_marker_dag.py
[2025-10-15 17:21:59,635] {logging_mixin.py:115} INFO - [2025-10-15 17:21:59,635] {manager.py:508} INFO - Created Permission View: can delete on DAG:example_external_task_marker_parent
[2025-10-15 17:21:59,644] {logging_mixin.py:115} INFO - [2025-10-15 17:21:59,644] {manager.py:508} INFO - Created Permission View: can read on DAG:example_external_task_marker_parent
[2025-10-15 17:21:59,653] {logging_mixin.py:115} INFO - [2025-10-15 17:21:59,653] {manager.py:508} INFO - Created Permission View: can edit on DAG:example_external_task_marker_parent
[2025-10-15 17:21:59,684] {logging_mixin.py:115} INFO - [2025-10-15 17:21:59,684] {manager.py:508} INFO - Created Permission View: can delete on DAG:example_external_task_marker_child
[2025-10-15 17:21:59,692] {logging_mixin.py:115} INFO - [2025-10-15 17:21:59,692] {manager.py:508} INFO - Created Permission View: can read on DAG:example_external_task_marker_child
[2025-10-15 17:21:59,700] {logging_mixin.py:115} INFO - [2025-10-15 17:21:59,700] {manager.py:508} INFO - Created Permission View: can edit on DAG:example_external_task_marker_child
[2025-10-15 17:21:59,700] {logging_mixin.py:115} INFO - [2025-10-15 17:21:59,700] {dag.py:2379} INFO - Sync 2 DAGs
[2025-10-15 17:21:59,710] {logging_mixin.py:115} INFO - [2025-10-15 17:21:59,709] {dag.py:2398} INFO - Creating ORM DAG for example_external_task_marker_child
[2025-10-15 17:21:59,710] {logging_mixin.py:115} INFO - [2025-10-15 17:21:59,710] {dag.py:2398} INFO - Creating ORM DAG for example_external_task_marker_parent
[2025-10-15 17:21:59,718] {logging_mixin.py:115} INFO - [2025-10-15 17:21:59,718] {dag.py:2927} INFO - Setting next_dagrun for example_external_task_marker_child to None, run_after=None
[2025-10-15 17:21:59,718] {logging_mixin.py:115} INFO - [2025-10-15 17:21:59,718] {dag.py:2927} INFO - Setting next_dagrun for example_external_task_marker_parent to None, run_after=None
[2025-10-15 17:21:59,732] {processor.py:161} INFO - Processing /root/Projects/airflowSpotify/venv/lib/python3.8/site-packages/airflow/example_dags/example_external_task_marker_dag.py took 0.185 seconds
[2025-10-15 17:32:46,820] {processor.py:153} INFO - Started process (PID=23845) to work on /root/Projects/airflowSpotify/venv/lib/python3.8/site-packages/airflow/example_dags/example_external_task_marker_dag.py
[2025-10-15 17:32:46,820] {processor.py:641} INFO - Processing file /root/Projects/airflowSpotify/venv/lib/python3.8/site-packages/airflow/example_dags/example_external_task_marker_dag.py for tasks to queue
[2025-10-15 17:32:46,821] {logging_mixin.py:115} INFO - [2025-10-15 17:32:46,821] {dagbag.py:507} INFO - Filling up the DagBag from /root/Projects/airflowSpotify/venv/lib/python3.8/site-packages/airflow/example_dags/example_external_task_marker_dag.py
[2025-10-15 17:32:46,827] {processor.py:651} INFO - DAG(s) dict_keys(['example_external_task_marker_parent', 'example_external_task_marker_child']) retrieved from /root/Projects/airflowSpotify/venv/lib/python3.8/site-packages/airflow/example_dags/example_external_task_marker_dag.py
[2025-10-15 17:32:46,863] {logging_mixin.py:115} INFO - [2025-10-15 17:32:46,863] {dag.py:2379} INFO - Sync 2 DAGs
[2025-10-15 17:32:46,883] {logging_mixin.py:115} INFO - [2025-10-15 17:32:46,883] {dag.py:2927} INFO - Setting next_dagrun for example_external_task_marker_child to None, run_after=None
[2025-10-15 17:32:46,883] {logging_mixin.py:115} INFO - [2025-10-15 17:32:46,883] {dag.py:2927} INFO - Setting next_dagrun for example_external_task_marker_parent to None, run_after=None
[2025-10-15 17:32:46,893] {processor.py:161} INFO - Processing /root/Projects/airflowSpotify/venv/lib/python3.8/site-packages/airflow/example_dags/example_external_task_marker_dag.py took 0.078 seconds
[2025-10-15 17:33:20,807] {processor.py:153} INFO - Started process (PID=24094) to work on /root/Projects/airflowSpotify/venv/lib/python3.8/site-packages/airflow/example_dags/example_external_task_marker_dag.py
[2025-10-15 17:33:20,808] {processor.py:641} INFO - Processing file /root/Projects/airflowSpotify/venv/lib/python3.8/site-packages/airflow/example_dags/example_external_task_marker_dag.py for tasks to queue
[2025-10-15 17:33:20,808] {logging_mixin.py:115} INFO - [2025-10-15 17:33:20,808] {dagbag.py:507} INFO - Filling up the DagBag from /root/Projects/airflowSpotify/venv/lib/python3.8/site-packages/airflow/example_dags/example_external_task_marker_dag.py
[2025-10-15 17:33:20,814] {processor.py:651} INFO - DAG(s) dict_keys(['example_external_task_marker_parent', 'example_external_task_marker_child']) retrieved from /root/Projects/airflowSpotify/venv/lib/python3.8/site-packages/airflow/example_dags/example_external_task_marker_dag.py
[2025-10-15 17:33:20,849] {logging_mixin.py:115} INFO - [2025-10-15 17:33:20,849] {dag.py:2379} INFO - Sync 2 DAGs
[2025-10-15 17:33:20,869] {logging_mixin.py:115} INFO - [2025-10-15 17:33:20,869] {dag.py:2927} INFO - Setting next_dagrun for example_external_task_marker_child to None, run_after=None
[2025-10-15 17:33:20,869] {logging_mixin.py:115} INFO - [2025-10-15 17:33:20,869] {dag.py:2927} INFO - Setting next_dagrun for example_external_task_marker_parent to None, run_after=None
[2025-10-15 17:33:20,880] {processor.py:161} INFO - Processing /root/Projects/airflowSpotify/venv/lib/python3.8/site-packages/airflow/example_dags/example_external_task_marker_dag.py took 0.078 seconds
[2025-10-15 17:33:53,950] {processor.py:153} INFO - Started process (PID=24152) to work on /root/Projects/airflowSpotify/venv/lib/python3.8/site-packages/airflow/example_dags/example_external_task_marker_dag.py
[2025-10-15 17:33:53,951] {processor.py:641} INFO - Processing file /root/Projects/airflowSpotify/venv/lib/python3.8/site-packages/airflow/example_dags/example_external_task_marker_dag.py for tasks to queue
[2025-10-15 17:33:53,952] {logging_mixin.py:115} INFO - [2025-10-15 17:33:53,951] {dagbag.py:507} INFO - Filling up the DagBag from /root/Projects/airflowSpotify/venv/lib/python3.8/site-packages/airflow/example_dags/example_external_task_marker_dag.py
[2025-10-15 17:33:53,959] {processor.py:651} INFO - DAG(s) dict_keys(['example_external_task_marker_parent', 'example_external_task_marker_child']) retrieved from /root/Projects/airflowSpotify/venv/lib/python3.8/site-packages/airflow/example_dags/example_external_task_marker_dag.py
[2025-10-15 17:33:53,997] {logging_mixin.py:115} INFO - [2025-10-15 17:33:53,997] {dag.py:2379} INFO - Sync 2 DAGs
[2025-10-15 17:33:54,016] {logging_mixin.py:115} INFO - [2025-10-15 17:33:54,016] {dag.py:2927} INFO - Setting next_dagrun for example_external_task_marker_child to None, run_after=None
[2025-10-15 17:33:54,016] {logging_mixin.py:115} INFO - [2025-10-15 17:33:54,016] {dag.py:2927} INFO - Setting next_dagrun for example_external_task_marker_parent to None, run_after=None
[2025-10-15 17:33:54,026] {processor.py:161} INFO - Processing /root/Projects/airflowSpotify/venv/lib/python3.8/site-packages/airflow/example_dags/example_external_task_marker_dag.py took 0.083 seconds
[2025-10-15 17:34:27,997] {processor.py:153} INFO - Started process (PID=24210) to work on /root/Projects/airflowSpotify/venv/lib/python3.8/site-packages/airflow/example_dags/example_external_task_marker_dag.py
[2025-10-15 17:34:27,998] {processor.py:641} INFO - Processing file /root/Projects/airflowSpotify/venv/lib/python3.8/site-packages/airflow/example_dags/example_external_task_marker_dag.py for tasks to queue
[2025-10-15 17:34:27,998] {logging_mixin.py:115} INFO - [2025-10-15 17:34:27,998] {dagbag.py:507} INFO - Filling up the DagBag from /root/Projects/airflowSpotify/venv/lib/python3.8/site-packages/airflow/example_dags/example_external_task_marker_dag.py
[2025-10-15 17:34:28,004] {processor.py:651} INFO - DAG(s) dict_keys(['example_external_task_marker_parent', 'example_external_task_marker_child']) retrieved from /root/Projects/airflowSpotify/venv/lib/python3.8/site-packages/airflow/example_dags/example_external_task_marker_dag.py
[2025-10-15 17:34:28,048] {logging_mixin.py:115} INFO - [2025-10-15 17:34:28,048] {dag.py:2379} INFO - Sync 2 DAGs
[2025-10-15 17:34:28,071] {logging_mixin.py:115} INFO - [2025-10-15 17:34:28,071] {dag.py:2927} INFO - Setting next_dagrun for example_external_task_marker_child to None, run_after=None
[2025-10-15 17:34:28,071] {logging_mixin.py:115} INFO - [2025-10-15 17:34:28,071] {dag.py:2927} INFO - Setting next_dagrun for example_external_task_marker_parent to None, run_after=None
[2025-10-15 17:34:28,084] {processor.py:161} INFO - Processing /root/Projects/airflowSpotify/venv/lib/python3.8/site-packages/airflow/example_dags/example_external_task_marker_dag.py took 0.092 seconds
[2025-10-15 18:58:57,123] {processor.py:153} INFO - Started process (PID=31277) to work on /root/Projects/airflowSpotify/venv/lib/python3.9/site-packages/airflow/example_dags/example_external_task_marker_dag.py
[2025-10-15 18:58:57,124] {processor.py:641} INFO - Processing file /root/Projects/airflowSpotify/venv/lib/python3.9/site-packages/airflow/example_dags/example_external_task_marker_dag.py for tasks to queue
[2025-10-15 18:58:57,125] {logging_mixin.py:115} INFO - [2025-10-15 18:58:57,124] {dagbag.py:507} INFO - Filling up the DagBag from /root/Projects/airflowSpotify/venv/lib/python3.9/site-packages/airflow/example_dags/example_external_task_marker_dag.py
[2025-10-15 18:58:57,131] {processor.py:651} INFO - DAG(s) dict_keys(['example_external_task_marker_parent', 'example_external_task_marker_child']) retrieved from /root/Projects/airflowSpotify/venv/lib/python3.9/site-packages/airflow/example_dags/example_external_task_marker_dag.py
[2025-10-15 18:58:57,196] {logging_mixin.py:115} INFO - [2025-10-15 18:58:57,195] {manager.py:508} INFO - Created Permission View: can edit on DAG:example_external_task_marker_parent
[2025-10-15 18:58:57,204] {logging_mixin.py:115} INFO - [2025-10-15 18:58:57,203] {manager.py:508} INFO - Created Permission View: can read on DAG:example_external_task_marker_parent
[2025-10-15 18:58:57,210] {logging_mixin.py:115} INFO - [2025-10-15 18:58:57,210] {manager.py:508} INFO - Created Permission View: can delete on DAG:example_external_task_marker_parent
[2025-10-15 18:58:57,236] {logging_mixin.py:115} INFO - [2025-10-15 18:58:57,236] {manager.py:508} INFO - Created Permission View: can edit on DAG:example_external_task_marker_child
[2025-10-15 18:58:57,243] {logging_mixin.py:115} INFO - [2025-10-15 18:58:57,242] {manager.py:508} INFO - Created Permission View: can read on DAG:example_external_task_marker_child
[2025-10-15 18:58:57,249] {logging_mixin.py:115} INFO - [2025-10-15 18:58:57,248] {manager.py:508} INFO - Created Permission View: can delete on DAG:example_external_task_marker_child
[2025-10-15 18:58:57,249] {logging_mixin.py:115} INFO - [2025-10-15 18:58:57,249] {dag.py:2379} INFO - Sync 2 DAGs
[2025-10-15 18:58:57,257] {logging_mixin.py:115} INFO - [2025-10-15 18:58:57,256] {dag.py:2398} INFO - Creating ORM DAG for example_external_task_marker_parent
[2025-10-15 18:58:57,257] {logging_mixin.py:115} INFO - [2025-10-15 18:58:57,257] {dag.py:2398} INFO - Creating ORM DAG for example_external_task_marker_child
[2025-10-15 18:58:57,264] {logging_mixin.py:115} INFO - [2025-10-15 18:58:57,264] {dag.py:2927} INFO - Setting next_dagrun for example_external_task_marker_child to None, run_after=None
[2025-10-15 18:58:57,265] {logging_mixin.py:115} INFO - [2025-10-15 18:58:57,265] {dag.py:2927} INFO - Setting next_dagrun for example_external_task_marker_parent to None, run_after=None
[2025-10-15 18:58:57,278] {processor.py:161} INFO - Processing /root/Projects/airflowSpotify/venv/lib/python3.9/site-packages/airflow/example_dags/example_external_task_marker_dag.py took 0.159 seconds
[2025-10-15 19:00:11,182] {processor.py:153} INFO - Started process (PID=31708) to work on /root/Projects/airflowSpotify/venv/lib/python3.9/site-packages/airflow/example_dags/example_external_task_marker_dag.py
[2025-10-15 19:00:11,182] {processor.py:641} INFO - Processing file /root/Projects/airflowSpotify/venv/lib/python3.9/site-packages/airflow/example_dags/example_external_task_marker_dag.py for tasks to queue
[2025-10-15 19:00:11,183] {logging_mixin.py:115} INFO - [2025-10-15 19:00:11,183] {dagbag.py:507} INFO - Filling up the DagBag from /root/Projects/airflowSpotify/venv/lib/python3.9/site-packages/airflow/example_dags/example_external_task_marker_dag.py
[2025-10-15 19:00:11,191] {processor.py:651} INFO - DAG(s) dict_keys(['example_external_task_marker_parent', 'example_external_task_marker_child']) retrieved from /root/Projects/airflowSpotify/venv/lib/python3.9/site-packages/airflow/example_dags/example_external_task_marker_dag.py
[2025-10-15 19:00:11,234] {logging_mixin.py:115} INFO - [2025-10-15 19:00:11,234] {dag.py:2379} INFO - Sync 2 DAGs
[2025-10-15 19:00:11,259] {logging_mixin.py:115} INFO - [2025-10-15 19:00:11,259] {dag.py:2927} INFO - Setting next_dagrun for example_external_task_marker_child to None, run_after=None
[2025-10-15 19:00:11,259] {logging_mixin.py:115} INFO - [2025-10-15 19:00:11,259] {dag.py:2927} INFO - Setting next_dagrun for example_external_task_marker_parent to None, run_after=None
[2025-10-15 19:00:11,272] {processor.py:161} INFO - Processing /root/Projects/airflowSpotify/venv/lib/python3.9/site-packages/airflow/example_dags/example_external_task_marker_dag.py took 0.096 seconds
[2025-10-15 19:00:46,628] {processor.py:153} INFO - Started process (PID=31841) to work on /root/Projects/airflowSpotify/venv/lib/python3.9/site-packages/airflow/example_dags/example_external_task_marker_dag.py
[2025-10-15 19:00:46,629] {processor.py:641} INFO - Processing file /root/Projects/airflowSpotify/venv/lib/python3.9/site-packages/airflow/example_dags/example_external_task_marker_dag.py for tasks to queue
[2025-10-15 19:00:46,629] {logging_mixin.py:115} INFO - [2025-10-15 19:00:46,629] {dagbag.py:507} INFO - Filling up the DagBag from /root/Projects/airflowSpotify/venv/lib/python3.9/site-packages/airflow/example_dags/example_external_task_marker_dag.py
[2025-10-15 19:00:46,635] {processor.py:651} INFO - DAG(s) dict_keys(['example_external_task_marker_parent', 'example_external_task_marker_child']) retrieved from /root/Projects/airflowSpotify/venv/lib/python3.9/site-packages/airflow/example_dags/example_external_task_marker_dag.py
[2025-10-15 19:00:46,668] {logging_mixin.py:115} INFO - [2025-10-15 19:00:46,668] {dag.py:2379} INFO - Sync 2 DAGs
[2025-10-15 19:00:46,687] {logging_mixin.py:115} INFO - [2025-10-15 19:00:46,687] {dag.py:2927} INFO - Setting next_dagrun for example_external_task_marker_child to None, run_after=None
[2025-10-15 19:00:46,687] {logging_mixin.py:115} INFO - [2025-10-15 19:00:46,687] {dag.py:2927} INFO - Setting next_dagrun for example_external_task_marker_parent to None, run_after=None
[2025-10-15 19:00:46,698] {processor.py:161} INFO - Processing /root/Projects/airflowSpotify/venv/lib/python3.9/site-packages/airflow/example_dags/example_external_task_marker_dag.py took 0.075 seconds
[2025-10-15 19:01:21,479] {processor.py:153} INFO - Started process (PID=32082) to work on /root/Projects/airflowSpotify/venv/lib/python3.9/site-packages/airflow/example_dags/example_external_task_marker_dag.py
[2025-10-15 19:01:21,480] {processor.py:641} INFO - Processing file /root/Projects/airflowSpotify/venv/lib/python3.9/site-packages/airflow/example_dags/example_external_task_marker_dag.py for tasks to queue
[2025-10-15 19:01:21,480] {logging_mixin.py:115} INFO - [2025-10-15 19:01:21,480] {dagbag.py:507} INFO - Filling up the DagBag from /root/Projects/airflowSpotify/venv/lib/python3.9/site-packages/airflow/example_dags/example_external_task_marker_dag.py
[2025-10-15 19:01:21,486] {processor.py:651} INFO - DAG(s) dict_keys(['example_external_task_marker_parent', 'example_external_task_marker_child']) retrieved from /root/Projects/airflowSpotify/venv/lib/python3.9/site-packages/airflow/example_dags/example_external_task_marker_dag.py
[2025-10-15 19:01:21,520] {logging_mixin.py:115} INFO - [2025-10-15 19:01:21,520] {dag.py:2379} INFO - Sync 2 DAGs
[2025-10-15 19:01:21,538] {logging_mixin.py:115} INFO - [2025-10-15 19:01:21,538] {dag.py:2927} INFO - Setting next_dagrun for example_external_task_marker_child to None, run_after=None
[2025-10-15 19:01:21,539] {logging_mixin.py:115} INFO - [2025-10-15 19:01:21,539] {dag.py:2927} INFO - Setting next_dagrun for example_external_task_marker_parent to None, run_after=None
[2025-10-15 19:01:21,550] {processor.py:161} INFO - Processing /root/Projects/airflowSpotify/venv/lib/python3.9/site-packages/airflow/example_dags/example_external_task_marker_dag.py took 0.075 seconds
[2025-10-15 19:01:55,437] {processor.py:153} INFO - Started process (PID=32191) to work on /root/Projects/airflowSpotify/venv/lib/python3.9/site-packages/airflow/example_dags/example_external_task_marker_dag.py
[2025-10-15 19:01:55,438] {processor.py:641} INFO - Processing file /root/Projects/airflowSpotify/venv/lib/python3.9/site-packages/airflow/example_dags/example_external_task_marker_dag.py for tasks to queue
[2025-10-15 19:01:55,438] {logging_mixin.py:115} INFO - [2025-10-15 19:01:55,438] {dagbag.py:507} INFO - Filling up the DagBag from /root/Projects/airflowSpotify/venv/lib/python3.9/site-packages/airflow/example_dags/example_external_task_marker_dag.py
[2025-10-15 19:01:55,446] {processor.py:651} INFO - DAG(s) dict_keys(['example_external_task_marker_parent', 'example_external_task_marker_child']) retrieved from /root/Projects/airflowSpotify/venv/lib/python3.9/site-packages/airflow/example_dags/example_external_task_marker_dag.py
[2025-10-15 19:01:55,492] {logging_mixin.py:115} INFO - [2025-10-15 19:01:55,492] {dag.py:2379} INFO - Sync 2 DAGs
[2025-10-15 19:01:55,516] {logging_mixin.py:115} INFO - [2025-10-15 19:01:55,516] {dag.py:2927} INFO - Setting next_dagrun for example_external_task_marker_child to None, run_after=None
[2025-10-15 19:01:55,517] {logging_mixin.py:115} INFO - [2025-10-15 19:01:55,517] {dag.py:2927} INFO - Setting next_dagrun for example_external_task_marker_parent to None, run_after=None
[2025-10-15 19:01:55,530] {processor.py:161} INFO - Processing /root/Projects/airflowSpotify/venv/lib/python3.9/site-packages/airflow/example_dags/example_external_task_marker_dag.py took 0.099 seconds
