[2025-10-15 17:22:00,811] {processor.py:153} INFO - Started process (PID=22817) to work on /root/Projects/airflowSpotify/venv/lib/python3.8/site-packages/airflow/example_dags/example_dag_decorator.py
[2025-10-15 17:22:00,812] {processor.py:641} INFO - Processing file /root/Projects/airflowSpotify/venv/lib/python3.8/site-packages/airflow/example_dags/example_dag_decorator.py for tasks to queue
[2025-10-15 17:22:00,813] {logging_mixin.py:115} INFO - [2025-10-15 17:22:00,813] {dagbag.py:507} INFO - Filling up the DagBag from /root/Projects/airflowSpotify/venv/lib/python3.8/site-packages/airflow/example_dags/example_dag_decorator.py
[2025-10-15 17:22:00,842] {processor.py:651} INFO - DAG(s) dict_keys(['example_dag_decorator']) retrieved from /root/Projects/airflowSpotify/venv/lib/python3.8/site-packages/airflow/example_dags/example_dag_decorator.py
[2025-10-15 17:22:00,917] {logging_mixin.py:115} INFO - [2025-10-15 17:22:00,917] {manager.py:508} INFO - Created Permission View: can delete on DAG:example_dag_decorator
[2025-10-15 17:22:00,928] {logging_mixin.py:115} INFO - [2025-10-15 17:22:00,928] {manager.py:508} INFO - Created Permission View: can read on DAG:example_dag_decorator
[2025-10-15 17:22:00,937] {logging_mixin.py:115} INFO - [2025-10-15 17:22:00,937] {manager.py:508} INFO - Created Permission View: can edit on DAG:example_dag_decorator
[2025-10-15 17:22:00,937] {logging_mixin.py:115} INFO - [2025-10-15 17:22:00,937] {dag.py:2379} INFO - Sync 1 DAGs
[2025-10-15 17:22:00,945] {logging_mixin.py:115} INFO - [2025-10-15 17:22:00,945] {dag.py:2398} INFO - Creating ORM DAG for example_dag_decorator
[2025-10-15 17:22:00,954] {logging_mixin.py:115} INFO - [2025-10-15 17:22:00,954] {dag.py:2927} INFO - Setting next_dagrun for example_dag_decorator to None, run_after=None
[2025-10-15 17:22:00,968] {processor.py:161} INFO - Processing /root/Projects/airflowSpotify/venv/lib/python3.8/site-packages/airflow/example_dags/example_dag_decorator.py took 0.163 seconds
[2025-10-15 17:32:47,400] {processor.py:153} INFO - Started process (PID=23855) to work on /root/Projects/airflowSpotify/venv/lib/python3.8/site-packages/airflow/example_dags/example_dag_decorator.py
[2025-10-15 17:32:47,401] {processor.py:641} INFO - Processing file /root/Projects/airflowSpotify/venv/lib/python3.8/site-packages/airflow/example_dags/example_dag_decorator.py for tasks to queue
[2025-10-15 17:32:47,401] {logging_mixin.py:115} INFO - [2025-10-15 17:32:47,401] {dagbag.py:507} INFO - Filling up the DagBag from /root/Projects/airflowSpotify/venv/lib/python3.8/site-packages/airflow/example_dags/example_dag_decorator.py
[2025-10-15 17:32:47,427] {processor.py:651} INFO - DAG(s) dict_keys(['example_dag_decorator']) retrieved from /root/Projects/airflowSpotify/venv/lib/python3.8/site-packages/airflow/example_dags/example_dag_decorator.py
[2025-10-15 17:32:47,473] {logging_mixin.py:115} INFO - [2025-10-15 17:32:47,473] {dag.py:2379} INFO - Sync 1 DAGs
[2025-10-15 17:32:47,486] {logging_mixin.py:115} INFO - [2025-10-15 17:32:47,486] {dag.py:2927} INFO - Setting next_dagrun for example_dag_decorator to None, run_after=None
[2025-10-15 17:32:47,498] {processor.py:161} INFO - Processing /root/Projects/airflowSpotify/venv/lib/python3.8/site-packages/airflow/example_dags/example_dag_decorator.py took 0.102 seconds
[2025-10-15 17:33:21,949] {processor.py:153} INFO - Started process (PID=24095) to work on /root/Projects/airflowSpotify/venv/lib/python3.8/site-packages/airflow/example_dags/example_dag_decorator.py
[2025-10-15 17:33:21,949] {processor.py:641} INFO - Processing file /root/Projects/airflowSpotify/venv/lib/python3.8/site-packages/airflow/example_dags/example_dag_decorator.py for tasks to queue
[2025-10-15 17:33:21,950] {logging_mixin.py:115} INFO - [2025-10-15 17:33:21,950] {dagbag.py:507} INFO - Filling up the DagBag from /root/Projects/airflowSpotify/venv/lib/python3.8/site-packages/airflow/example_dags/example_dag_decorator.py
[2025-10-15 17:33:21,975] {processor.py:651} INFO - DAG(s) dict_keys(['example_dag_decorator']) retrieved from /root/Projects/airflowSpotify/venv/lib/python3.8/site-packages/airflow/example_dags/example_dag_decorator.py
[2025-10-15 17:33:22,014] {logging_mixin.py:115} INFO - [2025-10-15 17:33:22,014] {dag.py:2379} INFO - Sync 1 DAGs
[2025-10-15 17:33:22,027] {logging_mixin.py:115} INFO - [2025-10-15 17:33:22,027] {dag.py:2927} INFO - Setting next_dagrun for example_dag_decorator to None, run_after=None
[2025-10-15 17:33:22,037] {processor.py:161} INFO - Processing /root/Projects/airflowSpotify/venv/lib/python3.8/site-packages/airflow/example_dags/example_dag_decorator.py took 0.093 seconds
[2025-10-15 17:33:54,582] {processor.py:153} INFO - Started process (PID=24153) to work on /root/Projects/airflowSpotify/venv/lib/python3.8/site-packages/airflow/example_dags/example_dag_decorator.py
[2025-10-15 17:33:54,584] {processor.py:641} INFO - Processing file /root/Projects/airflowSpotify/venv/lib/python3.8/site-packages/airflow/example_dags/example_dag_decorator.py for tasks to queue
[2025-10-15 17:33:54,584] {logging_mixin.py:115} INFO - [2025-10-15 17:33:54,584] {dagbag.py:507} INFO - Filling up the DagBag from /root/Projects/airflowSpotify/venv/lib/python3.8/site-packages/airflow/example_dags/example_dag_decorator.py
[2025-10-15 17:33:54,620] {processor.py:651} INFO - DAG(s) dict_keys(['example_dag_decorator']) retrieved from /root/Projects/airflowSpotify/venv/lib/python3.8/site-packages/airflow/example_dags/example_dag_decorator.py
[2025-10-15 17:33:54,663] {logging_mixin.py:115} INFO - [2025-10-15 17:33:54,663] {dag.py:2379} INFO - Sync 1 DAGs
[2025-10-15 17:33:54,675] {logging_mixin.py:115} INFO - [2025-10-15 17:33:54,675] {dag.py:2927} INFO - Setting next_dagrun for example_dag_decorator to None, run_after=None
[2025-10-15 17:33:54,688] {processor.py:161} INFO - Processing /root/Projects/airflowSpotify/venv/lib/python3.8/site-packages/airflow/example_dags/example_dag_decorator.py took 0.116 seconds
[2025-10-15 17:34:29,136] {processor.py:153} INFO - Started process (PID=24211) to work on /root/Projects/airflowSpotify/venv/lib/python3.8/site-packages/airflow/example_dags/example_dag_decorator.py
[2025-10-15 17:34:29,137] {processor.py:641} INFO - Processing file /root/Projects/airflowSpotify/venv/lib/python3.8/site-packages/airflow/example_dags/example_dag_decorator.py for tasks to queue
[2025-10-15 17:34:29,138] {logging_mixin.py:115} INFO - [2025-10-15 17:34:29,137] {dagbag.py:507} INFO - Filling up the DagBag from /root/Projects/airflowSpotify/venv/lib/python3.8/site-packages/airflow/example_dags/example_dag_decorator.py
[2025-10-15 17:34:29,163] {processor.py:651} INFO - DAG(s) dict_keys(['example_dag_decorator']) retrieved from /root/Projects/airflowSpotify/venv/lib/python3.8/site-packages/airflow/example_dags/example_dag_decorator.py
[2025-10-15 17:34:29,205] {logging_mixin.py:115} INFO - [2025-10-15 17:34:29,205] {dag.py:2379} INFO - Sync 1 DAGs
[2025-10-15 17:34:29,218] {logging_mixin.py:115} INFO - [2025-10-15 17:34:29,217] {dag.py:2927} INFO - Setting next_dagrun for example_dag_decorator to None, run_after=None
[2025-10-15 17:34:29,228] {processor.py:161} INFO - Processing /root/Projects/airflowSpotify/venv/lib/python3.8/site-packages/airflow/example_dags/example_dag_decorator.py took 0.098 seconds
[2025-10-15 18:58:58,369] {processor.py:153} INFO - Started process (PID=31278) to work on /root/Projects/airflowSpotify/venv/lib/python3.9/site-packages/airflow/example_dags/example_dag_decorator.py
[2025-10-15 18:58:58,370] {processor.py:641} INFO - Processing file /root/Projects/airflowSpotify/venv/lib/python3.9/site-packages/airflow/example_dags/example_dag_decorator.py for tasks to queue
[2025-10-15 18:58:58,370] {logging_mixin.py:115} INFO - [2025-10-15 18:58:58,370] {dagbag.py:507} INFO - Filling up the DagBag from /root/Projects/airflowSpotify/venv/lib/python3.9/site-packages/airflow/example_dags/example_dag_decorator.py
[2025-10-15 18:58:58,402] {processor.py:651} INFO - DAG(s) dict_keys(['example_dag_decorator']) retrieved from /root/Projects/airflowSpotify/venv/lib/python3.9/site-packages/airflow/example_dags/example_dag_decorator.py
[2025-10-15 18:58:58,469] {logging_mixin.py:115} INFO - [2025-10-15 18:58:58,469] {manager.py:508} INFO - Created Permission View: can edit on DAG:example_dag_decorator
[2025-10-15 18:58:58,477] {logging_mixin.py:115} INFO - [2025-10-15 18:58:58,477] {manager.py:508} INFO - Created Permission View: can read on DAG:example_dag_decorator
[2025-10-15 18:58:58,485] {logging_mixin.py:115} INFO - [2025-10-15 18:58:58,485] {manager.py:508} INFO - Created Permission View: can delete on DAG:example_dag_decorator
[2025-10-15 18:58:58,485] {logging_mixin.py:115} INFO - [2025-10-15 18:58:58,485] {dag.py:2379} INFO - Sync 1 DAGs
[2025-10-15 18:58:58,493] {logging_mixin.py:115} INFO - [2025-10-15 18:58:58,493] {dag.py:2398} INFO - Creating ORM DAG for example_dag_decorator
[2025-10-15 18:58:58,502] {logging_mixin.py:115} INFO - [2025-10-15 18:58:58,502] {dag.py:2927} INFO - Setting next_dagrun for example_dag_decorator to None, run_after=None
[2025-10-15 18:58:58,517] {processor.py:161} INFO - Processing /root/Projects/airflowSpotify/venv/lib/python3.9/site-packages/airflow/example_dags/example_dag_decorator.py took 0.153 seconds
[2025-10-15 19:00:11,635] {processor.py:153} INFO - Started process (PID=31709) to work on /root/Projects/airflowSpotify/venv/lib/python3.9/site-packages/airflow/example_dags/example_dag_decorator.py
[2025-10-15 19:00:11,636] {processor.py:641} INFO - Processing file /root/Projects/airflowSpotify/venv/lib/python3.9/site-packages/airflow/example_dags/example_dag_decorator.py for tasks to queue
[2025-10-15 19:00:11,637] {logging_mixin.py:115} INFO - [2025-10-15 19:00:11,636] {dagbag.py:507} INFO - Filling up the DagBag from /root/Projects/airflowSpotify/venv/lib/python3.9/site-packages/airflow/example_dags/example_dag_decorator.py
[2025-10-15 19:00:11,673] {processor.py:651} INFO - DAG(s) dict_keys(['example_dag_decorator']) retrieved from /root/Projects/airflowSpotify/venv/lib/python3.9/site-packages/airflow/example_dags/example_dag_decorator.py
[2025-10-15 19:00:11,733] {logging_mixin.py:115} INFO - [2025-10-15 19:00:11,733] {dag.py:2379} INFO - Sync 1 DAGs
[2025-10-15 19:00:11,751] {logging_mixin.py:115} INFO - [2025-10-15 19:00:11,751] {dag.py:2927} INFO - Setting next_dagrun for example_dag_decorator to None, run_after=None
[2025-10-15 19:00:11,766] {processor.py:161} INFO - Processing /root/Projects/airflowSpotify/venv/lib/python3.9/site-packages/airflow/example_dags/example_dag_decorator.py took 0.136 seconds
[2025-10-15 19:00:47,767] {processor.py:153} INFO - Started process (PID=31871) to work on /root/Projects/airflowSpotify/venv/lib/python3.9/site-packages/airflow/example_dags/example_dag_decorator.py
[2025-10-15 19:00:47,768] {processor.py:641} INFO - Processing file /root/Projects/airflowSpotify/venv/lib/python3.9/site-packages/airflow/example_dags/example_dag_decorator.py for tasks to queue
[2025-10-15 19:00:47,769] {logging_mixin.py:115} INFO - [2025-10-15 19:00:47,769] {dagbag.py:507} INFO - Filling up the DagBag from /root/Projects/airflowSpotify/venv/lib/python3.9/site-packages/airflow/example_dags/example_dag_decorator.py
[2025-10-15 19:00:47,807] {processor.py:651} INFO - DAG(s) dict_keys(['example_dag_decorator']) retrieved from /root/Projects/airflowSpotify/venv/lib/python3.9/site-packages/airflow/example_dags/example_dag_decorator.py
[2025-10-15 19:00:47,871] {logging_mixin.py:115} INFO - [2025-10-15 19:00:47,871] {dag.py:2379} INFO - Sync 1 DAGs
[2025-10-15 19:00:47,889] {logging_mixin.py:115} INFO - [2025-10-15 19:00:47,889] {dag.py:2927} INFO - Setting next_dagrun for example_dag_decorator to None, run_after=None
[2025-10-15 19:00:47,907] {processor.py:161} INFO - Processing /root/Projects/airflowSpotify/venv/lib/python3.9/site-packages/airflow/example_dags/example_dag_decorator.py took 0.145 seconds
[2025-10-15 19:01:22,612] {processor.py:153} INFO - Started process (PID=32083) to work on /root/Projects/airflowSpotify/venv/lib/python3.9/site-packages/airflow/example_dags/example_dag_decorator.py
[2025-10-15 19:01:22,613] {processor.py:641} INFO - Processing file /root/Projects/airflowSpotify/venv/lib/python3.9/site-packages/airflow/example_dags/example_dag_decorator.py for tasks to queue
[2025-10-15 19:01:22,613] {logging_mixin.py:115} INFO - [2025-10-15 19:01:22,613] {dagbag.py:507} INFO - Filling up the DagBag from /root/Projects/airflowSpotify/venv/lib/python3.9/site-packages/airflow/example_dags/example_dag_decorator.py
[2025-10-15 19:01:22,639] {processor.py:651} INFO - DAG(s) dict_keys(['example_dag_decorator']) retrieved from /root/Projects/airflowSpotify/venv/lib/python3.9/site-packages/airflow/example_dags/example_dag_decorator.py
[2025-10-15 19:01:22,659] {logging_mixin.py:115} INFO - [2025-10-15 19:01:22,659] {dag.py:2379} INFO - Sync 1 DAGs
[2025-10-15 19:01:22,674] {logging_mixin.py:115} INFO - [2025-10-15 19:01:22,674] {dag.py:2927} INFO - Setting next_dagrun for example_dag_decorator to None, run_after=None
[2025-10-15 19:01:22,684] {processor.py:161} INFO - Processing /root/Projects/airflowSpotify/venv/lib/python3.9/site-packages/airflow/example_dags/example_dag_decorator.py took 0.076 seconds
[2025-10-15 19:01:56,703] {processor.py:153} INFO - Started process (PID=32192) to work on /root/Projects/airflowSpotify/venv/lib/python3.9/site-packages/airflow/example_dags/example_dag_decorator.py
[2025-10-15 19:01:56,704] {processor.py:641} INFO - Processing file /root/Projects/airflowSpotify/venv/lib/python3.9/site-packages/airflow/example_dags/example_dag_decorator.py for tasks to queue
[2025-10-15 19:01:56,705] {logging_mixin.py:115} INFO - [2025-10-15 19:01:56,705] {dagbag.py:507} INFO - Filling up the DagBag from /root/Projects/airflowSpotify/venv/lib/python3.9/site-packages/airflow/example_dags/example_dag_decorator.py
[2025-10-15 19:01:56,750] {processor.py:651} INFO - DAG(s) dict_keys(['example_dag_decorator']) retrieved from /root/Projects/airflowSpotify/venv/lib/python3.9/site-packages/airflow/example_dags/example_dag_decorator.py
[2025-10-15 19:01:56,818] {logging_mixin.py:115} INFO - [2025-10-15 19:01:56,817] {dag.py:2379} INFO - Sync 1 DAGs
[2025-10-15 19:01:56,833] {logging_mixin.py:115} INFO - [2025-10-15 19:01:56,833] {dag.py:2927} INFO - Setting next_dagrun for example_dag_decorator to None, run_after=None
[2025-10-15 19:01:56,850] {processor.py:161} INFO - Processing /root/Projects/airflowSpotify/venv/lib/python3.9/site-packages/airflow/example_dags/example_dag_decorator.py took 0.152 seconds
