[2025-10-15 17:22:03,280] {processor.py:153} INFO - Started process (PID=22824) to work on /root/Projects/airflowSpotify/venv/lib/python3.8/site-packages/airflow/example_dags/example_branch_python_dop_operator_3.py
[2025-10-15 17:22:03,281] {processor.py:641} INFO - Processing file /root/Projects/airflowSpotify/venv/lib/python3.8/site-packages/airflow/example_dags/example_branch_python_dop_operator_3.py for tasks to queue
[2025-10-15 17:22:03,282] {logging_mixin.py:115} INFO - [2025-10-15 17:22:03,282] {dagbag.py:507} INFO - Filling up the DagBag from /root/Projects/airflowSpotify/venv/lib/python3.8/site-packages/airflow/example_dags/example_branch_python_dop_operator_3.py
[2025-10-15 17:22:03,295] {processor.py:651} INFO - DAG(s) dict_keys(['example_branch_dop_operator_v3']) retrieved from /root/Projects/airflowSpotify/venv/lib/python3.8/site-packages/airflow/example_dags/example_branch_python_dop_operator_3.py
[2025-10-15 17:22:03,377] {logging_mixin.py:115} INFO - [2025-10-15 17:22:03,376] {manager.py:508} INFO - Created Permission View: can delete on DAG:example_branch_dop_operator_v3
[2025-10-15 17:22:03,384] {logging_mixin.py:115} INFO - [2025-10-15 17:22:03,384] {manager.py:508} INFO - Created Permission View: can read on DAG:example_branch_dop_operator_v3
[2025-10-15 17:22:03,392] {logging_mixin.py:115} INFO - [2025-10-15 17:22:03,392] {manager.py:508} INFO - Created Permission View: can edit on DAG:example_branch_dop_operator_v3
[2025-10-15 17:22:03,392] {logging_mixin.py:115} INFO - [2025-10-15 17:22:03,392] {dag.py:2379} INFO - Sync 1 DAGs
[2025-10-15 17:22:03,401] {logging_mixin.py:115} INFO - [2025-10-15 17:22:03,400] {dag.py:2398} INFO - Creating ORM DAG for example_branch_dop_operator_v3
[2025-10-15 17:22:03,412] {logging_mixin.py:115} INFO - [2025-10-15 17:22:03,412] {dag.py:2927} INFO - Setting next_dagrun for example_branch_dop_operator_v3 to 2025-10-15T20:21:00+00:00, run_after=2025-10-15T20:22:00+00:00
[2025-10-15 17:22:03,423] {processor.py:161} INFO - Processing /root/Projects/airflowSpotify/venv/lib/python3.8/site-packages/airflow/example_dags/example_branch_python_dop_operator_3.py took 0.148 seconds
[2025-10-15 17:32:49,788] {processor.py:153} INFO - Started process (PID=23886) to work on /root/Projects/airflowSpotify/venv/lib/python3.8/site-packages/airflow/example_dags/example_branch_python_dop_operator_3.py
[2025-10-15 17:32:49,789] {processor.py:641} INFO - Processing file /root/Projects/airflowSpotify/venv/lib/python3.8/site-packages/airflow/example_dags/example_branch_python_dop_operator_3.py for tasks to queue
[2025-10-15 17:32:49,789] {logging_mixin.py:115} INFO - [2025-10-15 17:32:49,789] {dagbag.py:507} INFO - Filling up the DagBag from /root/Projects/airflowSpotify/venv/lib/python3.8/site-packages/airflow/example_dags/example_branch_python_dop_operator_3.py
[2025-10-15 17:32:49,803] {processor.py:651} INFO - DAG(s) dict_keys(['example_branch_dop_operator_v3']) retrieved from /root/Projects/airflowSpotify/venv/lib/python3.8/site-packages/airflow/example_dags/example_branch_python_dop_operator_3.py
[2025-10-15 17:32:49,825] {logging_mixin.py:115} INFO - [2025-10-15 17:32:49,825] {dag.py:2379} INFO - Sync 1 DAGs
[2025-10-15 17:32:49,850] {logging_mixin.py:115} INFO - [2025-10-15 17:32:49,850] {dag.py:2927} INFO - Setting next_dagrun for example_branch_dop_operator_v3 to 2025-10-15T20:31:00+00:00, run_after=2025-10-15T20:32:00+00:00
[2025-10-15 17:32:49,861] {processor.py:161} INFO - Processing /root/Projects/airflowSpotify/venv/lib/python3.8/site-packages/airflow/example_dags/example_branch_python_dop_operator_3.py took 0.078 seconds
[2025-10-15 17:33:23,563] {processor.py:153} INFO - Started process (PID=24097) to work on /root/Projects/airflowSpotify/venv/lib/python3.8/site-packages/airflow/example_dags/example_branch_python_dop_operator_3.py
[2025-10-15 17:33:23,564] {processor.py:641} INFO - Processing file /root/Projects/airflowSpotify/venv/lib/python3.8/site-packages/airflow/example_dags/example_branch_python_dop_operator_3.py for tasks to queue
[2025-10-15 17:33:23,564] {logging_mixin.py:115} INFO - [2025-10-15 17:33:23,564] {dagbag.py:507} INFO - Filling up the DagBag from /root/Projects/airflowSpotify/venv/lib/python3.8/site-packages/airflow/example_dags/example_branch_python_dop_operator_3.py
[2025-10-15 17:33:23,580] {processor.py:651} INFO - DAG(s) dict_keys(['example_branch_dop_operator_v3']) retrieved from /root/Projects/airflowSpotify/venv/lib/python3.8/site-packages/airflow/example_dags/example_branch_python_dop_operator_3.py
[2025-10-15 17:33:23,604] {logging_mixin.py:115} INFO - [2025-10-15 17:33:23,603] {dag.py:2379} INFO - Sync 1 DAGs
[2025-10-15 17:33:23,631] {logging_mixin.py:115} INFO - [2025-10-15 17:33:23,631] {dag.py:2927} INFO - Setting next_dagrun for example_branch_dop_operator_v3 to 2025-10-15T20:32:00+00:00, run_after=2025-10-15T20:33:00+00:00
[2025-10-15 17:33:23,645] {processor.py:161} INFO - Processing /root/Projects/airflowSpotify/venv/lib/python3.8/site-packages/airflow/example_dags/example_branch_python_dop_operator_3.py took 0.095 seconds
[2025-10-15 17:33:57,017] {processor.py:153} INFO - Started process (PID=24155) to work on /root/Projects/airflowSpotify/venv/lib/python3.8/site-packages/airflow/example_dags/example_branch_python_dop_operator_3.py
[2025-10-15 17:33:57,018] {processor.py:641} INFO - Processing file /root/Projects/airflowSpotify/venv/lib/python3.8/site-packages/airflow/example_dags/example_branch_python_dop_operator_3.py for tasks to queue
[2025-10-15 17:33:57,018] {logging_mixin.py:115} INFO - [2025-10-15 17:33:57,018] {dagbag.py:507} INFO - Filling up the DagBag from /root/Projects/airflowSpotify/venv/lib/python3.8/site-packages/airflow/example_dags/example_branch_python_dop_operator_3.py
[2025-10-15 17:33:57,030] {processor.py:651} INFO - DAG(s) dict_keys(['example_branch_dop_operator_v3']) retrieved from /root/Projects/airflowSpotify/venv/lib/python3.8/site-packages/airflow/example_dags/example_branch_python_dop_operator_3.py
[2025-10-15 17:33:57,049] {logging_mixin.py:115} INFO - [2025-10-15 17:33:57,049] {dag.py:2379} INFO - Sync 1 DAGs
[2025-10-15 17:33:57,070] {logging_mixin.py:115} INFO - [2025-10-15 17:33:57,070] {dag.py:2927} INFO - Setting next_dagrun for example_branch_dop_operator_v3 to 2025-10-15T20:32:00+00:00, run_after=2025-10-15T20:33:00+00:00
[2025-10-15 17:33:57,081] {processor.py:161} INFO - Processing /root/Projects/airflowSpotify/venv/lib/python3.8/site-packages/airflow/example_dags/example_branch_python_dop_operator_3.py took 0.070 seconds
[2025-10-15 17:34:30,863] {processor.py:153} INFO - Started process (PID=24216) to work on /root/Projects/airflowSpotify/venv/lib/python3.8/site-packages/airflow/example_dags/example_branch_python_dop_operator_3.py
[2025-10-15 17:34:30,863] {processor.py:641} INFO - Processing file /root/Projects/airflowSpotify/venv/lib/python3.8/site-packages/airflow/example_dags/example_branch_python_dop_operator_3.py for tasks to queue
[2025-10-15 17:34:30,864] {logging_mixin.py:115} INFO - [2025-10-15 17:34:30,864] {dagbag.py:507} INFO - Filling up the DagBag from /root/Projects/airflowSpotify/venv/lib/python3.8/site-packages/airflow/example_dags/example_branch_python_dop_operator_3.py
[2025-10-15 17:34:30,875] {processor.py:651} INFO - DAG(s) dict_keys(['example_branch_dop_operator_v3']) retrieved from /root/Projects/airflowSpotify/venv/lib/python3.8/site-packages/airflow/example_dags/example_branch_python_dop_operator_3.py
[2025-10-15 17:34:30,894] {logging_mixin.py:115} INFO - [2025-10-15 17:34:30,894] {dag.py:2379} INFO - Sync 1 DAGs
[2025-10-15 17:34:30,916] {logging_mixin.py:115} INFO - [2025-10-15 17:34:30,916] {dag.py:2927} INFO - Setting next_dagrun for example_branch_dop_operator_v3 to 2025-10-15T20:33:00+00:00, run_after=2025-10-15T20:34:00+00:00
[2025-10-15 17:34:30,927] {processor.py:161} INFO - Processing /root/Projects/airflowSpotify/venv/lib/python3.8/site-packages/airflow/example_dags/example_branch_python_dop_operator_3.py took 0.068 seconds
[2025-10-15 18:59:00,843] {processor.py:153} INFO - Started process (PID=31283) to work on /root/Projects/airflowSpotify/venv/lib/python3.9/site-packages/airflow/example_dags/example_branch_python_dop_operator_3.py
[2025-10-15 18:59:00,844] {processor.py:641} INFO - Processing file /root/Projects/airflowSpotify/venv/lib/python3.9/site-packages/airflow/example_dags/example_branch_python_dop_operator_3.py for tasks to queue
[2025-10-15 18:59:00,844] {logging_mixin.py:115} INFO - [2025-10-15 18:59:00,844] {dagbag.py:507} INFO - Filling up the DagBag from /root/Projects/airflowSpotify/venv/lib/python3.9/site-packages/airflow/example_dags/example_branch_python_dop_operator_3.py
[2025-10-15 18:59:00,857] {processor.py:651} INFO - DAG(s) dict_keys(['example_branch_dop_operator_v3']) retrieved from /root/Projects/airflowSpotify/venv/lib/python3.9/site-packages/airflow/example_dags/example_branch_python_dop_operator_3.py
[2025-10-15 18:59:00,923] {logging_mixin.py:115} INFO - [2025-10-15 18:59:00,922] {manager.py:508} INFO - Created Permission View: can edit on DAG:example_branch_dop_operator_v3
[2025-10-15 18:59:00,931] {logging_mixin.py:115} INFO - [2025-10-15 18:59:00,931] {manager.py:508} INFO - Created Permission View: can read on DAG:example_branch_dop_operator_v3
[2025-10-15 18:59:00,938] {logging_mixin.py:115} INFO - [2025-10-15 18:59:00,938] {manager.py:508} INFO - Created Permission View: can delete on DAG:example_branch_dop_operator_v3
[2025-10-15 18:59:00,939] {logging_mixin.py:115} INFO - [2025-10-15 18:59:00,939] {dag.py:2379} INFO - Sync 1 DAGs
[2025-10-15 18:59:00,946] {logging_mixin.py:115} INFO - [2025-10-15 18:59:00,946] {dag.py:2398} INFO - Creating ORM DAG for example_branch_dop_operator_v3
[2025-10-15 18:59:00,958] {logging_mixin.py:115} INFO - [2025-10-15 18:59:00,958] {dag.py:2927} INFO - Setting next_dagrun for example_branch_dop_operator_v3 to 2025-10-15T21:58:00+00:00, run_after=2025-10-15T21:59:00+00:00
[2025-10-15 18:59:00,972] {processor.py:161} INFO - Processing /root/Projects/airflowSpotify/venv/lib/python3.9/site-packages/airflow/example_dags/example_branch_python_dop_operator_3.py took 0.134 seconds
[2025-10-15 19:00:14,126] {processor.py:153} INFO - Started process (PID=31714) to work on /root/Projects/airflowSpotify/venv/lib/python3.9/site-packages/airflow/example_dags/example_branch_python_dop_operator_3.py
[2025-10-15 19:00:14,126] {processor.py:641} INFO - Processing file /root/Projects/airflowSpotify/venv/lib/python3.9/site-packages/airflow/example_dags/example_branch_python_dop_operator_3.py for tasks to queue
[2025-10-15 19:00:14,127] {logging_mixin.py:115} INFO - [2025-10-15 19:00:14,127] {dagbag.py:507} INFO - Filling up the DagBag from /root/Projects/airflowSpotify/venv/lib/python3.9/site-packages/airflow/example_dags/example_branch_python_dop_operator_3.py
[2025-10-15 19:00:14,143] {processor.py:651} INFO - DAG(s) dict_keys(['example_branch_dop_operator_v3']) retrieved from /root/Projects/airflowSpotify/venv/lib/python3.9/site-packages/airflow/example_dags/example_branch_python_dop_operator_3.py
[2025-10-15 19:00:14,167] {logging_mixin.py:115} INFO - [2025-10-15 19:00:14,167] {dag.py:2379} INFO - Sync 1 DAGs
[2025-10-15 19:00:14,193] {logging_mixin.py:115} INFO - [2025-10-15 19:00:14,193] {dag.py:2927} INFO - Setting next_dagrun for example_branch_dop_operator_v3 to 2025-10-15T21:59:00+00:00, run_after=2025-10-15T22:00:00+00:00
[2025-10-15 19:00:14,209] {processor.py:161} INFO - Processing /root/Projects/airflowSpotify/venv/lib/python3.9/site-packages/airflow/example_dags/example_branch_python_dop_operator_3.py took 0.089 seconds
[2025-10-15 19:00:50,153] {processor.py:153} INFO - Started process (PID=31876) to work on /root/Projects/airflowSpotify/venv/lib/python3.9/site-packages/airflow/example_dags/example_branch_python_dop_operator_3.py
[2025-10-15 19:00:50,154] {processor.py:641} INFO - Processing file /root/Projects/airflowSpotify/venv/lib/python3.9/site-packages/airflow/example_dags/example_branch_python_dop_operator_3.py for tasks to queue
[2025-10-15 19:00:50,155] {logging_mixin.py:115} INFO - [2025-10-15 19:00:50,154] {dagbag.py:507} INFO - Filling up the DagBag from /root/Projects/airflowSpotify/venv/lib/python3.9/site-packages/airflow/example_dags/example_branch_python_dop_operator_3.py
[2025-10-15 19:00:50,172] {processor.py:651} INFO - DAG(s) dict_keys(['example_branch_dop_operator_v3']) retrieved from /root/Projects/airflowSpotify/venv/lib/python3.9/site-packages/airflow/example_dags/example_branch_python_dop_operator_3.py
[2025-10-15 19:00:50,196] {logging_mixin.py:115} INFO - [2025-10-15 19:00:50,196] {dag.py:2379} INFO - Sync 1 DAGs
[2025-10-15 19:00:50,222] {logging_mixin.py:115} INFO - [2025-10-15 19:00:50,222] {dag.py:2927} INFO - Setting next_dagrun for example_branch_dop_operator_v3 to 2025-10-15T21:59:00+00:00, run_after=2025-10-15T22:00:00+00:00
[2025-10-15 19:00:50,234] {processor.py:161} INFO - Processing /root/Projects/airflowSpotify/venv/lib/python3.9/site-packages/airflow/example_dags/example_branch_python_dop_operator_3.py took 0.085 seconds
[2025-10-15 19:01:24,362] {processor.py:153} INFO - Started process (PID=32088) to work on /root/Projects/airflowSpotify/venv/lib/python3.9/site-packages/airflow/example_dags/example_branch_python_dop_operator_3.py
[2025-10-15 19:01:24,363] {processor.py:641} INFO - Processing file /root/Projects/airflowSpotify/venv/lib/python3.9/site-packages/airflow/example_dags/example_branch_python_dop_operator_3.py for tasks to queue
[2025-10-15 19:01:24,364] {logging_mixin.py:115} INFO - [2025-10-15 19:01:24,364] {dagbag.py:507} INFO - Filling up the DagBag from /root/Projects/airflowSpotify/venv/lib/python3.9/site-packages/airflow/example_dags/example_branch_python_dop_operator_3.py
[2025-10-15 19:01:24,385] {processor.py:651} INFO - DAG(s) dict_keys(['example_branch_dop_operator_v3']) retrieved from /root/Projects/airflowSpotify/venv/lib/python3.9/site-packages/airflow/example_dags/example_branch_python_dop_operator_3.py
[2025-10-15 19:01:24,408] {logging_mixin.py:115} INFO - [2025-10-15 19:01:24,408] {dag.py:2379} INFO - Sync 1 DAGs
[2025-10-15 19:01:24,432] {logging_mixin.py:115} INFO - [2025-10-15 19:01:24,432] {dag.py:2927} INFO - Setting next_dagrun for example_branch_dop_operator_v3 to 2025-10-15T22:00:00+00:00, run_after=2025-10-15T22:01:00+00:00
[2025-10-15 19:01:24,444] {processor.py:161} INFO - Processing /root/Projects/airflowSpotify/venv/lib/python3.9/site-packages/airflow/example_dags/example_branch_python_dop_operator_3.py took 0.092 seconds
[2025-10-15 19:01:58,588] {processor.py:153} INFO - Started process (PID=32201) to work on /root/Projects/airflowSpotify/venv/lib/python3.9/site-packages/airflow/example_dags/example_branch_python_dop_operator_3.py
[2025-10-15 19:01:58,589] {processor.py:641} INFO - Processing file /root/Projects/airflowSpotify/venv/lib/python3.9/site-packages/airflow/example_dags/example_branch_python_dop_operator_3.py for tasks to queue
[2025-10-15 19:01:58,590] {logging_mixin.py:115} INFO - [2025-10-15 19:01:58,590] {dagbag.py:507} INFO - Filling up the DagBag from /root/Projects/airflowSpotify/venv/lib/python3.9/site-packages/airflow/example_dags/example_branch_python_dop_operator_3.py
[2025-10-15 19:01:58,636] {processor.py:651} INFO - DAG(s) dict_keys(['example_branch_dop_operator_v3']) retrieved from /root/Projects/airflowSpotify/venv/lib/python3.9/site-packages/airflow/example_dags/example_branch_python_dop_operator_3.py
[2025-10-15 19:01:58,697] {logging_mixin.py:115} INFO - [2025-10-15 19:01:58,697] {dag.py:2379} INFO - Sync 1 DAGs
[2025-10-15 19:01:58,781] {logging_mixin.py:115} INFO - [2025-10-15 19:01:58,781] {dag.py:2927} INFO - Setting next_dagrun for example_branch_dop_operator_v3 to 2025-10-15T22:00:00+00:00, run_after=2025-10-15T22:01:00+00:00
[2025-10-15 19:01:58,817] {processor.py:161} INFO - Processing /root/Projects/airflowSpotify/venv/lib/python3.9/site-packages/airflow/example_dags/example_branch_python_dop_operator_3.py took 0.245 seconds
