[2025-10-15 17:21:35,861] {processor.py:153} INFO - Started process (PID=22520) to work on /root/Projects/airflowSpotify/venv/lib/python3.8/site-packages/airflow/example_dags/tutorial_taskflow_api_etl_virtualenv.py
[2025-10-15 17:21:35,862] {processor.py:641} INFO - Processing file /root/Projects/airflowSpotify/venv/lib/python3.8/site-packages/airflow/example_dags/tutorial_taskflow_api_etl_virtualenv.py for tasks to queue
[2025-10-15 17:21:35,863] {logging_mixin.py:115} INFO - [2025-10-15 17:21:35,863] {dagbag.py:507} INFO - Filling up the DagBag from /root/Projects/airflowSpotify/venv/lib/python3.8/site-packages/airflow/example_dags/tutorial_taskflow_api_etl_virtualenv.py
[2025-10-15 17:21:35,884] {logging_mixin.py:115} INFO - [2025-10-15 17:21:35,884] {tutorial_taskflow_api_etl_virtualenv.py:29} WARNING - The tutorial_taskflow_api_etl_virtualenv example DAG requires virtualenv, please install it.
[2025-10-15 17:21:35,886] {processor.py:653} WARNING - No viable dags retrieved from /root/Projects/airflowSpotify/venv/lib/python3.8/site-packages/airflow/example_dags/tutorial_taskflow_api_etl_virtualenv.py
[2025-10-15 17:21:35,902] {processor.py:161} INFO - Processing /root/Projects/airflowSpotify/venv/lib/python3.8/site-packages/airflow/example_dags/tutorial_taskflow_api_etl_virtualenv.py took 0.046 seconds
[2025-10-15 17:22:12,385] {processor.py:153} INFO - Started process (PID=22941) to work on /root/Projects/airflowSpotify/venv/lib/python3.8/site-packages/airflow/example_dags/tutorial_taskflow_api_etl_virtualenv.py
[2025-10-15 17:22:12,386] {processor.py:641} INFO - Processing file /root/Projects/airflowSpotify/venv/lib/python3.8/site-packages/airflow/example_dags/tutorial_taskflow_api_etl_virtualenv.py for tasks to queue
[2025-10-15 17:22:12,387] {logging_mixin.py:115} INFO - [2025-10-15 17:22:12,387] {dagbag.py:507} INFO - Filling up the DagBag from /root/Projects/airflowSpotify/venv/lib/python3.8/site-packages/airflow/example_dags/tutorial_taskflow_api_etl_virtualenv.py
[2025-10-15 17:22:12,425] {logging_mixin.py:115} INFO - [2025-10-15 17:22:12,424] {tutorial_taskflow_api_etl_virtualenv.py:29} WARNING - The tutorial_taskflow_api_etl_virtualenv example DAG requires virtualenv, please install it.
[2025-10-15 17:22:12,425] {processor.py:653} WARNING - No viable dags retrieved from /root/Projects/airflowSpotify/venv/lib/python3.8/site-packages/airflow/example_dags/tutorial_taskflow_api_etl_virtualenv.py
[2025-10-15 17:22:12,447] {processor.py:161} INFO - Processing /root/Projects/airflowSpotify/venv/lib/python3.8/site-packages/airflow/example_dags/tutorial_taskflow_api_etl_virtualenv.py took 0.073 seconds
[2025-10-15 17:32:24,342] {processor.py:153} INFO - Started process (PID=23584) to work on /root/Projects/airflowSpotify/venv/lib/python3.8/site-packages/airflow/example_dags/tutorial_taskflow_api_etl_virtualenv.py
[2025-10-15 17:32:24,345] {processor.py:641} INFO - Processing file /root/Projects/airflowSpotify/venv/lib/python3.8/site-packages/airflow/example_dags/tutorial_taskflow_api_etl_virtualenv.py for tasks to queue
[2025-10-15 17:32:24,347] {logging_mixin.py:115} INFO - [2025-10-15 17:32:24,346] {dagbag.py:507} INFO - Filling up the DagBag from /root/Projects/airflowSpotify/venv/lib/python3.8/site-packages/airflow/example_dags/tutorial_taskflow_api_etl_virtualenv.py
[2025-10-15 17:32:24,371] {logging_mixin.py:115} INFO - [2025-10-15 17:32:24,371] {tutorial_taskflow_api_etl_virtualenv.py:29} WARNING - The tutorial_taskflow_api_etl_virtualenv example DAG requires virtualenv, please install it.
[2025-10-15 17:32:24,371] {processor.py:653} WARNING - No viable dags retrieved from /root/Projects/airflowSpotify/venv/lib/python3.8/site-packages/airflow/example_dags/tutorial_taskflow_api_etl_virtualenv.py
[2025-10-15 17:32:24,389] {processor.py:161} INFO - Processing /root/Projects/airflowSpotify/venv/lib/python3.8/site-packages/airflow/example_dags/tutorial_taskflow_api_etl_virtualenv.py took 0.065 seconds
[2025-10-15 17:32:57,802] {processor.py:153} INFO - Started process (PID=23952) to work on /root/Projects/airflowSpotify/venv/lib/python3.8/site-packages/airflow/example_dags/tutorial_taskflow_api_etl_virtualenv.py
[2025-10-15 17:32:57,803] {processor.py:641} INFO - Processing file /root/Projects/airflowSpotify/venv/lib/python3.8/site-packages/airflow/example_dags/tutorial_taskflow_api_etl_virtualenv.py for tasks to queue
[2025-10-15 17:32:57,804] {logging_mixin.py:115} INFO - [2025-10-15 17:32:57,804] {dagbag.py:507} INFO - Filling up the DagBag from /root/Projects/airflowSpotify/venv/lib/python3.8/site-packages/airflow/example_dags/tutorial_taskflow_api_etl_virtualenv.py
[2025-10-15 17:32:57,827] {logging_mixin.py:115} INFO - [2025-10-15 17:32:57,827] {tutorial_taskflow_api_etl_virtualenv.py:29} WARNING - The tutorial_taskflow_api_etl_virtualenv example DAG requires virtualenv, please install it.
[2025-10-15 17:32:57,827] {processor.py:653} WARNING - No viable dags retrieved from /root/Projects/airflowSpotify/venv/lib/python3.8/site-packages/airflow/example_dags/tutorial_taskflow_api_etl_virtualenv.py
[2025-10-15 17:32:57,851] {processor.py:161} INFO - Processing /root/Projects/airflowSpotify/venv/lib/python3.8/site-packages/airflow/example_dags/tutorial_taskflow_api_etl_virtualenv.py took 0.054 seconds
[2025-10-15 17:33:32,231] {processor.py:153} INFO - Started process (PID=24111) to work on /root/Projects/airflowSpotify/venv/lib/python3.8/site-packages/airflow/example_dags/tutorial_taskflow_api_etl_virtualenv.py
[2025-10-15 17:33:32,232] {processor.py:641} INFO - Processing file /root/Projects/airflowSpotify/venv/lib/python3.8/site-packages/airflow/example_dags/tutorial_taskflow_api_etl_virtualenv.py for tasks to queue
[2025-10-15 17:33:32,233] {logging_mixin.py:115} INFO - [2025-10-15 17:33:32,233] {dagbag.py:507} INFO - Filling up the DagBag from /root/Projects/airflowSpotify/venv/lib/python3.8/site-packages/airflow/example_dags/tutorial_taskflow_api_etl_virtualenv.py
[2025-10-15 17:33:32,253] {logging_mixin.py:115} INFO - [2025-10-15 17:33:32,253] {tutorial_taskflow_api_etl_virtualenv.py:29} WARNING - The tutorial_taskflow_api_etl_virtualenv example DAG requires virtualenv, please install it.
[2025-10-15 17:33:32,253] {processor.py:653} WARNING - No viable dags retrieved from /root/Projects/airflowSpotify/venv/lib/python3.8/site-packages/airflow/example_dags/tutorial_taskflow_api_etl_virtualenv.py
[2025-10-15 17:33:32,274] {processor.py:161} INFO - Processing /root/Projects/airflowSpotify/venv/lib/python3.8/site-packages/airflow/example_dags/tutorial_taskflow_api_etl_virtualenv.py took 0.047 seconds
[2025-10-15 17:34:05,002] {processor.py:153} INFO - Started process (PID=24169) to work on /root/Projects/airflowSpotify/venv/lib/python3.8/site-packages/airflow/example_dags/tutorial_taskflow_api_etl_virtualenv.py
[2025-10-15 17:34:05,003] {processor.py:641} INFO - Processing file /root/Projects/airflowSpotify/venv/lib/python3.8/site-packages/airflow/example_dags/tutorial_taskflow_api_etl_virtualenv.py for tasks to queue
[2025-10-15 17:34:05,004] {logging_mixin.py:115} INFO - [2025-10-15 17:34:05,003] {dagbag.py:507} INFO - Filling up the DagBag from /root/Projects/airflowSpotify/venv/lib/python3.8/site-packages/airflow/example_dags/tutorial_taskflow_api_etl_virtualenv.py
[2025-10-15 17:34:05,020] {logging_mixin.py:115} INFO - [2025-10-15 17:34:05,020] {tutorial_taskflow_api_etl_virtualenv.py:29} WARNING - The tutorial_taskflow_api_etl_virtualenv example DAG requires virtualenv, please install it.
[2025-10-15 17:34:05,020] {processor.py:653} WARNING - No viable dags retrieved from /root/Projects/airflowSpotify/venv/lib/python3.8/site-packages/airflow/example_dags/tutorial_taskflow_api_etl_virtualenv.py
[2025-10-15 17:34:05,033] {processor.py:161} INFO - Processing /root/Projects/airflowSpotify/venv/lib/python3.8/site-packages/airflow/example_dags/tutorial_taskflow_api_etl_virtualenv.py took 0.035 seconds
[2025-10-15 17:34:38,118] {processor.py:153} INFO - Started process (PID=24227) to work on /root/Projects/airflowSpotify/venv/lib/python3.8/site-packages/airflow/example_dags/tutorial_taskflow_api_etl_virtualenv.py
[2025-10-15 17:34:38,119] {processor.py:641} INFO - Processing file /root/Projects/airflowSpotify/venv/lib/python3.8/site-packages/airflow/example_dags/tutorial_taskflow_api_etl_virtualenv.py for tasks to queue
[2025-10-15 17:34:38,120] {logging_mixin.py:115} INFO - [2025-10-15 17:34:38,120] {dagbag.py:507} INFO - Filling up the DagBag from /root/Projects/airflowSpotify/venv/lib/python3.8/site-packages/airflow/example_dags/tutorial_taskflow_api_etl_virtualenv.py
[2025-10-15 17:34:38,137] {logging_mixin.py:115} INFO - [2025-10-15 17:34:38,137] {tutorial_taskflow_api_etl_virtualenv.py:29} WARNING - The tutorial_taskflow_api_etl_virtualenv example DAG requires virtualenv, please install it.
[2025-10-15 17:34:38,137] {processor.py:653} WARNING - No viable dags retrieved from /root/Projects/airflowSpotify/venv/lib/python3.8/site-packages/airflow/example_dags/tutorial_taskflow_api_etl_virtualenv.py
[2025-10-15 17:34:38,152] {processor.py:161} INFO - Processing /root/Projects/airflowSpotify/venv/lib/python3.8/site-packages/airflow/example_dags/tutorial_taskflow_api_etl_virtualenv.py took 0.039 seconds
[2025-10-15 18:58:33,453] {processor.py:153} INFO - Started process (PID=31109) to work on /root/Projects/airflowSpotify/venv/lib/python3.9/site-packages/airflow/example_dags/tutorial_taskflow_api_etl_virtualenv.py
[2025-10-15 18:58:33,454] {processor.py:641} INFO - Processing file /root/Projects/airflowSpotify/venv/lib/python3.9/site-packages/airflow/example_dags/tutorial_taskflow_api_etl_virtualenv.py for tasks to queue
[2025-10-15 18:58:33,455] {logging_mixin.py:115} INFO - [2025-10-15 18:58:33,455] {dagbag.py:507} INFO - Filling up the DagBag from /root/Projects/airflowSpotify/venv/lib/python3.9/site-packages/airflow/example_dags/tutorial_taskflow_api_etl_virtualenv.py
[2025-10-15 18:58:33,492] {logging_mixin.py:115} INFO - [2025-10-15 18:58:33,492] {tutorial_taskflow_api_etl_virtualenv.py:29} WARNING - The tutorial_taskflow_api_etl_virtualenv example DAG requires virtualenv, please install it.
[2025-10-15 18:58:33,492] {processor.py:653} WARNING - No viable dags retrieved from /root/Projects/airflowSpotify/venv/lib/python3.9/site-packages/airflow/example_dags/tutorial_taskflow_api_etl_virtualenv.py
[2025-10-15 18:58:33,507] {processor.py:161} INFO - Processing /root/Projects/airflowSpotify/venv/lib/python3.9/site-packages/airflow/example_dags/tutorial_taskflow_api_etl_virtualenv.py took 0.062 seconds
[2025-10-15 18:59:09,893] {processor.py:153} INFO - Started process (PID=31298) to work on /root/Projects/airflowSpotify/venv/lib/python3.9/site-packages/airflow/example_dags/tutorial_taskflow_api_etl_virtualenv.py
[2025-10-15 18:59:09,894] {processor.py:641} INFO - Processing file /root/Projects/airflowSpotify/venv/lib/python3.9/site-packages/airflow/example_dags/tutorial_taskflow_api_etl_virtualenv.py for tasks to queue
[2025-10-15 18:59:09,895] {logging_mixin.py:115} INFO - [2025-10-15 18:59:09,895] {dagbag.py:507} INFO - Filling up the DagBag from /root/Projects/airflowSpotify/venv/lib/python3.9/site-packages/airflow/example_dags/tutorial_taskflow_api_etl_virtualenv.py
[2025-10-15 18:59:09,913] {logging_mixin.py:115} INFO - [2025-10-15 18:59:09,913] {tutorial_taskflow_api_etl_virtualenv.py:29} WARNING - The tutorial_taskflow_api_etl_virtualenv example DAG requires virtualenv, please install it.
[2025-10-15 18:59:09,913] {processor.py:653} WARNING - No viable dags retrieved from /root/Projects/airflowSpotify/venv/lib/python3.9/site-packages/airflow/example_dags/tutorial_taskflow_api_etl_virtualenv.py
[2025-10-15 18:59:09,926] {processor.py:161} INFO - Processing /root/Projects/airflowSpotify/venv/lib/python3.9/site-packages/airflow/example_dags/tutorial_taskflow_api_etl_virtualenv.py took 0.037 seconds
[2025-10-15 18:59:48,190] {processor.py:153} INFO - Started process (PID=31464) to work on /root/Projects/airflowSpotify/venv/lib/python3.9/site-packages/airflow/example_dags/tutorial_taskflow_api_etl_virtualenv.py
[2025-10-15 18:59:48,191] {processor.py:641} INFO - Processing file /root/Projects/airflowSpotify/venv/lib/python3.9/site-packages/airflow/example_dags/tutorial_taskflow_api_etl_virtualenv.py for tasks to queue
[2025-10-15 18:59:48,192] {logging_mixin.py:115} INFO - [2025-10-15 18:59:48,192] {dagbag.py:507} INFO - Filling up the DagBag from /root/Projects/airflowSpotify/venv/lib/python3.9/site-packages/airflow/example_dags/tutorial_taskflow_api_etl_virtualenv.py
[2025-10-15 18:59:48,213] {logging_mixin.py:115} INFO - [2025-10-15 18:59:48,213] {tutorial_taskflow_api_etl_virtualenv.py:29} WARNING - The tutorial_taskflow_api_etl_virtualenv example DAG requires virtualenv, please install it.
[2025-10-15 18:59:48,213] {processor.py:653} WARNING - No viable dags retrieved from /root/Projects/airflowSpotify/venv/lib/python3.9/site-packages/airflow/example_dags/tutorial_taskflow_api_etl_virtualenv.py
[2025-10-15 18:59:48,231] {processor.py:161} INFO - Processing /root/Projects/airflowSpotify/venv/lib/python3.9/site-packages/airflow/example_dags/tutorial_taskflow_api_etl_virtualenv.py took 0.047 seconds
[2025-10-15 19:00:23,211] {processor.py:153} INFO - Started process (PID=31731) to work on /root/Projects/airflowSpotify/venv/lib/python3.9/site-packages/airflow/example_dags/tutorial_taskflow_api_etl_virtualenv.py
[2025-10-15 19:00:23,211] {processor.py:641} INFO - Processing file /root/Projects/airflowSpotify/venv/lib/python3.9/site-packages/airflow/example_dags/tutorial_taskflow_api_etl_virtualenv.py for tasks to queue
[2025-10-15 19:00:23,212] {logging_mixin.py:115} INFO - [2025-10-15 19:00:23,212] {dagbag.py:507} INFO - Filling up the DagBag from /root/Projects/airflowSpotify/venv/lib/python3.9/site-packages/airflow/example_dags/tutorial_taskflow_api_etl_virtualenv.py
[2025-10-15 19:00:23,233] {logging_mixin.py:115} INFO - [2025-10-15 19:00:23,233] {tutorial_taskflow_api_etl_virtualenv.py:29} WARNING - The tutorial_taskflow_api_etl_virtualenv example DAG requires virtualenv, please install it.
[2025-10-15 19:00:23,233] {processor.py:653} WARNING - No viable dags retrieved from /root/Projects/airflowSpotify/venv/lib/python3.9/site-packages/airflow/example_dags/tutorial_taskflow_api_etl_virtualenv.py
[2025-10-15 19:00:23,248] {processor.py:161} INFO - Processing /root/Projects/airflowSpotify/venv/lib/python3.9/site-packages/airflow/example_dags/tutorial_taskflow_api_etl_virtualenv.py took 0.043 seconds
[2025-10-15 19:00:58,163] {processor.py:153} INFO - Started process (PID=31993) to work on /root/Projects/airflowSpotify/venv/lib/python3.9/site-packages/airflow/example_dags/tutorial_taskflow_api_etl_virtualenv.py
[2025-10-15 19:00:58,163] {processor.py:641} INFO - Processing file /root/Projects/airflowSpotify/venv/lib/python3.9/site-packages/airflow/example_dags/tutorial_taskflow_api_etl_virtualenv.py for tasks to queue
[2025-10-15 19:00:58,164] {logging_mixin.py:115} INFO - [2025-10-15 19:00:58,164] {dagbag.py:507} INFO - Filling up the DagBag from /root/Projects/airflowSpotify/venv/lib/python3.9/site-packages/airflow/example_dags/tutorial_taskflow_api_etl_virtualenv.py
[2025-10-15 19:00:58,185] {logging_mixin.py:115} INFO - [2025-10-15 19:00:58,185] {tutorial_taskflow_api_etl_virtualenv.py:29} WARNING - The tutorial_taskflow_api_etl_virtualenv example DAG requires virtualenv, please install it.
[2025-10-15 19:00:58,185] {processor.py:653} WARNING - No viable dags retrieved from /root/Projects/airflowSpotify/venv/lib/python3.9/site-packages/airflow/example_dags/tutorial_taskflow_api_etl_virtualenv.py
[2025-10-15 19:00:58,205] {processor.py:161} INFO - Processing /root/Projects/airflowSpotify/venv/lib/python3.9/site-packages/airflow/example_dags/tutorial_taskflow_api_etl_virtualenv.py took 0.047 seconds
[2025-10-15 19:01:31,800] {processor.py:153} INFO - Started process (PID=32098) to work on /root/Projects/airflowSpotify/venv/lib/python3.9/site-packages/airflow/example_dags/tutorial_taskflow_api_etl_virtualenv.py
[2025-10-15 19:01:31,800] {processor.py:641} INFO - Processing file /root/Projects/airflowSpotify/venv/lib/python3.9/site-packages/airflow/example_dags/tutorial_taskflow_api_etl_virtualenv.py for tasks to queue
[2025-10-15 19:01:31,801] {logging_mixin.py:115} INFO - [2025-10-15 19:01:31,801] {dagbag.py:507} INFO - Filling up the DagBag from /root/Projects/airflowSpotify/venv/lib/python3.9/site-packages/airflow/example_dags/tutorial_taskflow_api_etl_virtualenv.py
[2025-10-15 19:01:31,822] {logging_mixin.py:115} INFO - [2025-10-15 19:01:31,822] {tutorial_taskflow_api_etl_virtualenv.py:29} WARNING - The tutorial_taskflow_api_etl_virtualenv example DAG requires virtualenv, please install it.
[2025-10-15 19:01:31,822] {processor.py:653} WARNING - No viable dags retrieved from /root/Projects/airflowSpotify/venv/lib/python3.9/site-packages/airflow/example_dags/tutorial_taskflow_api_etl_virtualenv.py
[2025-10-15 19:01:31,837] {processor.py:161} INFO - Processing /root/Projects/airflowSpotify/venv/lib/python3.9/site-packages/airflow/example_dags/tutorial_taskflow_api_etl_virtualenv.py took 0.042 seconds
