[2025-10-15 17:21:37,012] {processor.py:153} INFO - Started process (PID=22521) to work on /root/Projects/airflowSpotify/venv/lib/python3.8/site-packages/airflow/example_dags/tutorial_taskflow_api_etl.py
[2025-10-15 17:21:37,013] {processor.py:641} INFO - Processing file /root/Projects/airflowSpotify/venv/lib/python3.8/site-packages/airflow/example_dags/tutorial_taskflow_api_etl.py for tasks to queue
[2025-10-15 17:21:37,014] {logging_mixin.py:115} INFO - [2025-10-15 17:21:37,014] {dagbag.py:507} INFO - Filling up the DagBag from /root/Projects/airflowSpotify/venv/lib/python3.8/site-packages/airflow/example_dags/tutorial_taskflow_api_etl.py
[2025-10-15 17:21:37,053] {processor.py:651} INFO - DAG(s) dict_keys(['tutorial_taskflow_api_etl']) retrieved from /root/Projects/airflowSpotify/venv/lib/python3.8/site-packages/airflow/example_dags/tutorial_taskflow_api_etl.py
[2025-10-15 17:21:37,173] {logging_mixin.py:115} INFO - [2025-10-15 17:21:37,173] {manager.py:508} INFO - Created Permission View: can delete on DAG:tutorial_taskflow_api_etl
[2025-10-15 17:21:37,191] {logging_mixin.py:115} INFO - [2025-10-15 17:21:37,190] {manager.py:508} INFO - Created Permission View: can read on DAG:tutorial_taskflow_api_etl
[2025-10-15 17:21:37,201] {logging_mixin.py:115} INFO - [2025-10-15 17:21:37,201] {manager.py:508} INFO - Created Permission View: can edit on DAG:tutorial_taskflow_api_etl
[2025-10-15 17:21:37,202] {logging_mixin.py:115} INFO - [2025-10-15 17:21:37,202] {dag.py:2379} INFO - Sync 1 DAGs
[2025-10-15 17:21:37,214] {logging_mixin.py:115} INFO - [2025-10-15 17:21:37,214] {dag.py:2398} INFO - Creating ORM DAG for tutorial_taskflow_api_etl
[2025-10-15 17:21:37,222] {logging_mixin.py:115} INFO - [2025-10-15 17:21:37,222] {dag.py:2927} INFO - Setting next_dagrun for tutorial_taskflow_api_etl to None, run_after=None
[2025-10-15 17:21:37,265] {processor.py:161} INFO - Processing /root/Projects/airflowSpotify/venv/lib/python3.8/site-packages/airflow/example_dags/tutorial_taskflow_api_etl.py took 0.261 seconds
[2025-10-15 17:22:13,534] {processor.py:153} INFO - Started process (PID=22942) to work on /root/Projects/airflowSpotify/venv/lib/python3.8/site-packages/airflow/example_dags/tutorial_taskflow_api_etl.py
[2025-10-15 17:22:13,535] {processor.py:641} INFO - Processing file /root/Projects/airflowSpotify/venv/lib/python3.8/site-packages/airflow/example_dags/tutorial_taskflow_api_etl.py for tasks to queue
[2025-10-15 17:22:13,536] {logging_mixin.py:115} INFO - [2025-10-15 17:22:13,536] {dagbag.py:507} INFO - Filling up the DagBag from /root/Projects/airflowSpotify/venv/lib/python3.8/site-packages/airflow/example_dags/tutorial_taskflow_api_etl.py
[2025-10-15 17:22:13,559] {processor.py:651} INFO - DAG(s) dict_keys(['tutorial_taskflow_api_etl']) retrieved from /root/Projects/airflowSpotify/venv/lib/python3.8/site-packages/airflow/example_dags/tutorial_taskflow_api_etl.py
[2025-10-15 17:22:13,617] {logging_mixin.py:115} INFO - [2025-10-15 17:22:13,617] {dag.py:2379} INFO - Sync 1 DAGs
[2025-10-15 17:22:13,634] {logging_mixin.py:115} INFO - [2025-10-15 17:22:13,633] {dag.py:2927} INFO - Setting next_dagrun for tutorial_taskflow_api_etl to None, run_after=None
[2025-10-15 17:22:13,649] {processor.py:161} INFO - Processing /root/Projects/airflowSpotify/venv/lib/python3.8/site-packages/airflow/example_dags/tutorial_taskflow_api_etl.py took 0.121 seconds
[2025-10-15 17:32:25,475] {processor.py:153} INFO - Started process (PID=23585) to work on /root/Projects/airflowSpotify/venv/lib/python3.8/site-packages/airflow/example_dags/tutorial_taskflow_api_etl.py
[2025-10-15 17:32:25,476] {processor.py:641} INFO - Processing file /root/Projects/airflowSpotify/venv/lib/python3.8/site-packages/airflow/example_dags/tutorial_taskflow_api_etl.py for tasks to queue
[2025-10-15 17:32:25,476] {logging_mixin.py:115} INFO - [2025-10-15 17:32:25,476] {dagbag.py:507} INFO - Filling up the DagBag from /root/Projects/airflowSpotify/venv/lib/python3.8/site-packages/airflow/example_dags/tutorial_taskflow_api_etl.py
[2025-10-15 17:32:25,495] {processor.py:651} INFO - DAG(s) dict_keys(['tutorial_taskflow_api_etl']) retrieved from /root/Projects/airflowSpotify/venv/lib/python3.8/site-packages/airflow/example_dags/tutorial_taskflow_api_etl.py
[2025-10-15 17:32:25,538] {logging_mixin.py:115} INFO - [2025-10-15 17:32:25,538] {dag.py:2379} INFO - Sync 1 DAGs
[2025-10-15 17:32:25,552] {logging_mixin.py:115} INFO - [2025-10-15 17:32:25,552] {dag.py:2927} INFO - Setting next_dagrun for tutorial_taskflow_api_etl to None, run_after=None
[2025-10-15 17:32:25,563] {processor.py:161} INFO - Processing /root/Projects/airflowSpotify/venv/lib/python3.8/site-packages/airflow/example_dags/tutorial_taskflow_api_etl.py took 0.092 seconds
[2025-10-15 17:32:58,944] {processor.py:153} INFO - Started process (PID=23953) to work on /root/Projects/airflowSpotify/venv/lib/python3.8/site-packages/airflow/example_dags/tutorial_taskflow_api_etl.py
[2025-10-15 17:32:58,945] {processor.py:641} INFO - Processing file /root/Projects/airflowSpotify/venv/lib/python3.8/site-packages/airflow/example_dags/tutorial_taskflow_api_etl.py for tasks to queue
[2025-10-15 17:32:58,946] {logging_mixin.py:115} INFO - [2025-10-15 17:32:58,946] {dagbag.py:507} INFO - Filling up the DagBag from /root/Projects/airflowSpotify/venv/lib/python3.8/site-packages/airflow/example_dags/tutorial_taskflow_api_etl.py
[2025-10-15 17:32:58,966] {processor.py:651} INFO - DAG(s) dict_keys(['tutorial_taskflow_api_etl']) retrieved from /root/Projects/airflowSpotify/venv/lib/python3.8/site-packages/airflow/example_dags/tutorial_taskflow_api_etl.py
[2025-10-15 17:32:59,010] {logging_mixin.py:115} INFO - [2025-10-15 17:32:59,010] {dag.py:2379} INFO - Sync 1 DAGs
[2025-10-15 17:32:59,023] {logging_mixin.py:115} INFO - [2025-10-15 17:32:59,023] {dag.py:2927} INFO - Setting next_dagrun for tutorial_taskflow_api_etl to None, run_after=None
[2025-10-15 17:32:59,034] {processor.py:161} INFO - Processing /root/Projects/airflowSpotify/venv/lib/python3.8/site-packages/airflow/example_dags/tutorial_taskflow_api_etl.py took 0.094 seconds
[2025-10-15 17:33:32,550] {processor.py:153} INFO - Started process (PID=24115) to work on /root/Projects/airflowSpotify/venv/lib/python3.8/site-packages/airflow/example_dags/tutorial_taskflow_api_etl.py
[2025-10-15 17:33:32,552] {processor.py:641} INFO - Processing file /root/Projects/airflowSpotify/venv/lib/python3.8/site-packages/airflow/example_dags/tutorial_taskflow_api_etl.py for tasks to queue
[2025-10-15 17:33:32,552] {logging_mixin.py:115} INFO - [2025-10-15 17:33:32,552] {dagbag.py:507} INFO - Filling up the DagBag from /root/Projects/airflowSpotify/venv/lib/python3.8/site-packages/airflow/example_dags/tutorial_taskflow_api_etl.py
[2025-10-15 17:33:32,577] {processor.py:651} INFO - DAG(s) dict_keys(['tutorial_taskflow_api_etl']) retrieved from /root/Projects/airflowSpotify/venv/lib/python3.8/site-packages/airflow/example_dags/tutorial_taskflow_api_etl.py
[2025-10-15 17:33:32,627] {logging_mixin.py:115} INFO - [2025-10-15 17:33:32,627] {dag.py:2379} INFO - Sync 1 DAGs
[2025-10-15 17:33:32,642] {logging_mixin.py:115} INFO - [2025-10-15 17:33:32,642] {dag.py:2927} INFO - Setting next_dagrun for tutorial_taskflow_api_etl to None, run_after=None
[2025-10-15 17:33:32,656] {processor.py:161} INFO - Processing /root/Projects/airflowSpotify/venv/lib/python3.8/site-packages/airflow/example_dags/tutorial_taskflow_api_etl.py took 0.110 seconds
[2025-10-15 17:34:06,145] {processor.py:153} INFO - Started process (PID=24173) to work on /root/Projects/airflowSpotify/venv/lib/python3.8/site-packages/airflow/example_dags/tutorial_taskflow_api_etl.py
[2025-10-15 17:34:06,146] {processor.py:641} INFO - Processing file /root/Projects/airflowSpotify/venv/lib/python3.8/site-packages/airflow/example_dags/tutorial_taskflow_api_etl.py for tasks to queue
[2025-10-15 17:34:06,146] {logging_mixin.py:115} INFO - [2025-10-15 17:34:06,146] {dagbag.py:507} INFO - Filling up the DagBag from /root/Projects/airflowSpotify/venv/lib/python3.8/site-packages/airflow/example_dags/tutorial_taskflow_api_etl.py
[2025-10-15 17:34:06,166] {processor.py:651} INFO - DAG(s) dict_keys(['tutorial_taskflow_api_etl']) retrieved from /root/Projects/airflowSpotify/venv/lib/python3.8/site-packages/airflow/example_dags/tutorial_taskflow_api_etl.py
[2025-10-15 17:34:06,209] {logging_mixin.py:115} INFO - [2025-10-15 17:34:06,209] {dag.py:2379} INFO - Sync 1 DAGs
[2025-10-15 17:34:06,222] {logging_mixin.py:115} INFO - [2025-10-15 17:34:06,222] {dag.py:2927} INFO - Setting next_dagrun for tutorial_taskflow_api_etl to None, run_after=None
[2025-10-15 17:34:06,232] {processor.py:161} INFO - Processing /root/Projects/airflowSpotify/venv/lib/python3.8/site-packages/airflow/example_dags/tutorial_taskflow_api_etl.py took 0.091 seconds
[2025-10-15 17:34:39,256] {processor.py:153} INFO - Started process (PID=24231) to work on /root/Projects/airflowSpotify/venv/lib/python3.8/site-packages/airflow/example_dags/tutorial_taskflow_api_etl.py
[2025-10-15 17:34:39,257] {processor.py:641} INFO - Processing file /root/Projects/airflowSpotify/venv/lib/python3.8/site-packages/airflow/example_dags/tutorial_taskflow_api_etl.py for tasks to queue
[2025-10-15 17:34:39,257] {logging_mixin.py:115} INFO - [2025-10-15 17:34:39,257] {dagbag.py:507} INFO - Filling up the DagBag from /root/Projects/airflowSpotify/venv/lib/python3.8/site-packages/airflow/example_dags/tutorial_taskflow_api_etl.py
[2025-10-15 17:34:39,277] {processor.py:651} INFO - DAG(s) dict_keys(['tutorial_taskflow_api_etl']) retrieved from /root/Projects/airflowSpotify/venv/lib/python3.8/site-packages/airflow/example_dags/tutorial_taskflow_api_etl.py
[2025-10-15 17:34:39,323] {logging_mixin.py:115} INFO - [2025-10-15 17:34:39,322] {dag.py:2379} INFO - Sync 1 DAGs
[2025-10-15 17:34:39,336] {logging_mixin.py:115} INFO - [2025-10-15 17:34:39,336] {dag.py:2927} INFO - Setting next_dagrun for tutorial_taskflow_api_etl to None, run_after=None
[2025-10-15 17:34:39,348] {processor.py:161} INFO - Processing /root/Projects/airflowSpotify/venv/lib/python3.8/site-packages/airflow/example_dags/tutorial_taskflow_api_etl.py took 0.097 seconds
[2025-10-15 18:58:34,593] {processor.py:153} INFO - Started process (PID=31113) to work on /root/Projects/airflowSpotify/venv/lib/python3.9/site-packages/airflow/example_dags/tutorial_taskflow_api_etl.py
[2025-10-15 18:58:34,594] {processor.py:641} INFO - Processing file /root/Projects/airflowSpotify/venv/lib/python3.9/site-packages/airflow/example_dags/tutorial_taskflow_api_etl.py for tasks to queue
[2025-10-15 18:58:34,596] {logging_mixin.py:115} INFO - [2025-10-15 18:58:34,595] {dagbag.py:507} INFO - Filling up the DagBag from /root/Projects/airflowSpotify/venv/lib/python3.9/site-packages/airflow/example_dags/tutorial_taskflow_api_etl.py
[2025-10-15 18:58:34,630] {processor.py:651} INFO - DAG(s) dict_keys(['tutorial_taskflow_api_etl']) retrieved from /root/Projects/airflowSpotify/venv/lib/python3.9/site-packages/airflow/example_dags/tutorial_taskflow_api_etl.py
[2025-10-15 18:58:34,857] {logging_mixin.py:115} INFO - [2025-10-15 18:58:34,857] {manager.py:511} ERROR - Creation of Permission View Error: (sqlite3.IntegrityError) FOREIGN KEY constraint failed
[SQL: INSERT INTO ab_permission_view (permission_id, view_menu_id) VALUES (?, ?)]
[parameters: (2, 48)]
(Background on this error at: http://sqlalche.me/e/14/gkpj)
[2025-10-15 18:58:34,869] {logging_mixin.py:115} INFO - [2025-10-15 18:58:34,869] {manager.py:420} ERROR - Add View Menu Error: 'NoneType' object has no attribute '__dict__'
[2025-10-15 18:58:34,886] {logging_mixin.py:115} WARNING - /root/Projects/airflowSpotify/venv/lib/python3.9/site-packages/airflow/models/dagbag.py:609 DeprecationWarning: DAG.full_filepath is deprecated in favour of fileloc
[2025-10-15 18:58:34,889] {logging_mixin.py:115} INFO - [2025-10-15 18:58:34,886] {dagbag.py:609} ERROR - Failed to write serialized DAG: /root/Projects/airflowSpotify/venv/lib/python3.9/site-packages/airflow/example_dags/tutorial_taskflow_api_etl.py
Traceback (most recent call last):
  File "/root/Projects/airflowSpotify/venv/lib/python3.9/site-packages/airflow/models/dagbag.py", line 604, in _serialize_dag_capturing_errors
    self._sync_perm_for_dag(dag, session=session)
  File "/root/Projects/airflowSpotify/venv/lib/python3.9/site-packages/airflow/utils/session.py", line 68, in wrapper
    return func(*args, **kwargs)
  File "/root/Projects/airflowSpotify/venv/lib/python3.9/site-packages/airflow/models/dagbag.py", line 662, in _sync_perm_for_dag
    security_manager.sync_perm_for_dag(dag.dag_id, dag.access_control)
  File "/root/Projects/airflowSpotify/venv/lib/python3.9/site-packages/airflow/www/security.py", line 605, in sync_perm_for_dag
    self.create_permission(dag_action_name, dag_resource_name)
  File "/root/Projects/airflowSpotify/venv/lib/python3.9/site-packages/airflow/www/fab_security/sqla/manager.py", line 504, in create_permission
    perm.resource_id, perm.action_id = resource.id, action.id
  File "/root/Projects/airflowSpotify/venv/lib/python3.9/site-packages/sqlalchemy/orm/attributes.py", line 465, in __get__
    return self.impl.get(state, dict_)
  File "/root/Projects/airflowSpotify/venv/lib/python3.9/site-packages/sqlalchemy/orm/attributes.py", line 906, in get
    value = state._load_expired(state, passive)
  File "/root/Projects/airflowSpotify/venv/lib/python3.9/site-packages/sqlalchemy/orm/state.py", line 667, in _load_expired
    self.manager.expired_attribute_loader(self, toload, passive)
  File "/root/Projects/airflowSpotify/venv/lib/python3.9/site-packages/sqlalchemy/orm/loading.py", line 1337, in load_scalar_attributes
    raise orm_exc.DetachedInstanceError(
sqlalchemy.orm.exc.DetachedInstanceError: Instance <Resource at 0x7fb6e3e2b9d0> is not bound to a Session; attribute refresh operation cannot proceed (Background on this error at: http://sqlalche.me/e/14/bhk3)
[2025-10-15 18:58:34,890] {logging_mixin.py:115} INFO - [2025-10-15 18:58:34,889] {dag.py:2379} INFO - Sync 1 DAGs
[2025-10-15 18:58:34,907] {logging_mixin.py:115} INFO - [2025-10-15 18:58:34,907] {dag.py:2398} INFO - Creating ORM DAG for tutorial_taskflow_api_etl
[2025-10-15 18:58:34,925] {logging_mixin.py:115} INFO - [2025-10-15 18:58:34,925] {dag.py:2927} INFO - Setting next_dagrun for tutorial_taskflow_api_etl to None, run_after=None
[2025-10-15 18:58:34,968] {processor.py:161} INFO - Processing /root/Projects/airflowSpotify/venv/lib/python3.9/site-packages/airflow/example_dags/tutorial_taskflow_api_etl.py took 0.380 seconds
[2025-10-15 18:59:11,029] {processor.py:153} INFO - Started process (PID=31299) to work on /root/Projects/airflowSpotify/venv/lib/python3.9/site-packages/airflow/example_dags/tutorial_taskflow_api_etl.py
[2025-10-15 18:59:11,030] {processor.py:641} INFO - Processing file /root/Projects/airflowSpotify/venv/lib/python3.9/site-packages/airflow/example_dags/tutorial_taskflow_api_etl.py for tasks to queue
[2025-10-15 18:59:11,030] {logging_mixin.py:115} INFO - [2025-10-15 18:59:11,030] {dagbag.py:507} INFO - Filling up the DagBag from /root/Projects/airflowSpotify/venv/lib/python3.9/site-packages/airflow/example_dags/tutorial_taskflow_api_etl.py
[2025-10-15 18:59:11,050] {processor.py:651} INFO - DAG(s) dict_keys(['tutorial_taskflow_api_etl']) retrieved from /root/Projects/airflowSpotify/venv/lib/python3.9/site-packages/airflow/example_dags/tutorial_taskflow_api_etl.py
[2025-10-15 18:59:11,111] {logging_mixin.py:115} INFO - [2025-10-15 18:59:11,111] {manager.py:508} INFO - Created Permission View: can edit on DAG:tutorial_taskflow_api_etl
[2025-10-15 18:59:11,119] {logging_mixin.py:115} INFO - [2025-10-15 18:59:11,119] {manager.py:508} INFO - Created Permission View: can read on DAG:tutorial_taskflow_api_etl
[2025-10-15 18:59:11,126] {logging_mixin.py:115} INFO - [2025-10-15 18:59:11,126] {manager.py:508} INFO - Created Permission View: can delete on DAG:tutorial_taskflow_api_etl
[2025-10-15 18:59:11,126] {logging_mixin.py:115} INFO - [2025-10-15 18:59:11,126] {dag.py:2379} INFO - Sync 1 DAGs
[2025-10-15 18:59:11,141] {logging_mixin.py:115} INFO - [2025-10-15 18:59:11,141] {dag.py:2927} INFO - Setting next_dagrun for tutorial_taskflow_api_etl to None, run_after=None
[2025-10-15 18:59:11,151] {processor.py:161} INFO - Processing /root/Projects/airflowSpotify/venv/lib/python3.9/site-packages/airflow/example_dags/tutorial_taskflow_api_etl.py took 0.127 seconds
[2025-10-15 18:59:49,327] {processor.py:153} INFO - Started process (PID=31469) to work on /root/Projects/airflowSpotify/venv/lib/python3.9/site-packages/airflow/example_dags/tutorial_taskflow_api_etl.py
[2025-10-15 18:59:49,328] {processor.py:641} INFO - Processing file /root/Projects/airflowSpotify/venv/lib/python3.9/site-packages/airflow/example_dags/tutorial_taskflow_api_etl.py for tasks to queue
[2025-10-15 18:59:49,329] {logging_mixin.py:115} INFO - [2025-10-15 18:59:49,329] {dagbag.py:507} INFO - Filling up the DagBag from /root/Projects/airflowSpotify/venv/lib/python3.9/site-packages/airflow/example_dags/tutorial_taskflow_api_etl.py
[2025-10-15 18:59:49,350] {processor.py:651} INFO - DAG(s) dict_keys(['tutorial_taskflow_api_etl']) retrieved from /root/Projects/airflowSpotify/venv/lib/python3.9/site-packages/airflow/example_dags/tutorial_taskflow_api_etl.py
[2025-10-15 18:59:49,400] {logging_mixin.py:115} INFO - [2025-10-15 18:59:49,400] {dag.py:2379} INFO - Sync 1 DAGs
[2025-10-15 18:59:49,419] {logging_mixin.py:115} INFO - [2025-10-15 18:59:49,418] {dag.py:2927} INFO - Setting next_dagrun for tutorial_taskflow_api_etl to None, run_after=None
[2025-10-15 18:59:49,434] {processor.py:161} INFO - Processing /root/Projects/airflowSpotify/venv/lib/python3.9/site-packages/airflow/example_dags/tutorial_taskflow_api_etl.py took 0.111 seconds
[2025-10-15 19:00:24,354] {processor.py:153} INFO - Started process (PID=31732) to work on /root/Projects/airflowSpotify/venv/lib/python3.9/site-packages/airflow/example_dags/tutorial_taskflow_api_etl.py
[2025-10-15 19:00:24,355] {processor.py:641} INFO - Processing file /root/Projects/airflowSpotify/venv/lib/python3.9/site-packages/airflow/example_dags/tutorial_taskflow_api_etl.py for tasks to queue
[2025-10-15 19:00:24,356] {logging_mixin.py:115} INFO - [2025-10-15 19:00:24,356] {dagbag.py:507} INFO - Filling up the DagBag from /root/Projects/airflowSpotify/venv/lib/python3.9/site-packages/airflow/example_dags/tutorial_taskflow_api_etl.py
[2025-10-15 19:00:24,387] {processor.py:651} INFO - DAG(s) dict_keys(['tutorial_taskflow_api_etl']) retrieved from /root/Projects/airflowSpotify/venv/lib/python3.9/site-packages/airflow/example_dags/tutorial_taskflow_api_etl.py
[2025-10-15 19:00:24,459] {logging_mixin.py:115} INFO - [2025-10-15 19:00:24,459] {dag.py:2379} INFO - Sync 1 DAGs
[2025-10-15 19:00:24,478] {logging_mixin.py:115} INFO - [2025-10-15 19:00:24,477] {dag.py:2927} INFO - Setting next_dagrun for tutorial_taskflow_api_etl to None, run_after=None
[2025-10-15 19:00:24,496] {processor.py:161} INFO - Processing /root/Projects/airflowSpotify/venv/lib/python3.9/site-packages/airflow/example_dags/tutorial_taskflow_api_etl.py took 0.149 seconds
[2025-10-15 19:00:59,309] {processor.py:153} INFO - Started process (PID=31994) to work on /root/Projects/airflowSpotify/venv/lib/python3.9/site-packages/airflow/example_dags/tutorial_taskflow_api_etl.py
[2025-10-15 19:00:59,309] {processor.py:641} INFO - Processing file /root/Projects/airflowSpotify/venv/lib/python3.9/site-packages/airflow/example_dags/tutorial_taskflow_api_etl.py for tasks to queue
[2025-10-15 19:00:59,310] {logging_mixin.py:115} INFO - [2025-10-15 19:00:59,310] {dagbag.py:507} INFO - Filling up the DagBag from /root/Projects/airflowSpotify/venv/lib/python3.9/site-packages/airflow/example_dags/tutorial_taskflow_api_etl.py
[2025-10-15 19:00:59,330] {processor.py:651} INFO - DAG(s) dict_keys(['tutorial_taskflow_api_etl']) retrieved from /root/Projects/airflowSpotify/venv/lib/python3.9/site-packages/airflow/example_dags/tutorial_taskflow_api_etl.py
[2025-10-15 19:00:59,380] {logging_mixin.py:115} INFO - [2025-10-15 19:00:59,379] {dag.py:2379} INFO - Sync 1 DAGs
[2025-10-15 19:00:59,395] {logging_mixin.py:115} INFO - [2025-10-15 19:00:59,395] {dag.py:2927} INFO - Setting next_dagrun for tutorial_taskflow_api_etl to None, run_after=None
[2025-10-15 19:00:59,411] {processor.py:161} INFO - Processing /root/Projects/airflowSpotify/venv/lib/python3.9/site-packages/airflow/example_dags/tutorial_taskflow_api_etl.py took 0.107 seconds
[2025-10-15 19:01:32,940] {processor.py:153} INFO - Started process (PID=32102) to work on /root/Projects/airflowSpotify/venv/lib/python3.9/site-packages/airflow/example_dags/tutorial_taskflow_api_etl.py
[2025-10-15 19:01:32,940] {processor.py:641} INFO - Processing file /root/Projects/airflowSpotify/venv/lib/python3.9/site-packages/airflow/example_dags/tutorial_taskflow_api_etl.py for tasks to queue
[2025-10-15 19:01:32,941] {logging_mixin.py:115} INFO - [2025-10-15 19:01:32,941] {dagbag.py:507} INFO - Filling up the DagBag from /root/Projects/airflowSpotify/venv/lib/python3.9/site-packages/airflow/example_dags/tutorial_taskflow_api_etl.py
[2025-10-15 19:01:32,964] {processor.py:651} INFO - DAG(s) dict_keys(['tutorial_taskflow_api_etl']) retrieved from /root/Projects/airflowSpotify/venv/lib/python3.9/site-packages/airflow/example_dags/tutorial_taskflow_api_etl.py
[2025-10-15 19:01:32,985] {logging_mixin.py:115} INFO - [2025-10-15 19:01:32,985] {dag.py:2379} INFO - Sync 1 DAGs
[2025-10-15 19:01:33,008] {logging_mixin.py:115} INFO - [2025-10-15 19:01:33,008] {dag.py:2927} INFO - Setting next_dagrun for tutorial_taskflow_api_etl to None, run_after=None
[2025-10-15 19:01:33,023] {processor.py:161} INFO - Processing /root/Projects/airflowSpotify/venv/lib/python3.9/site-packages/airflow/example_dags/tutorial_taskflow_api_etl.py took 0.089 seconds
